#! /c/Source/iverilog-install/bin/vvp
:ivl_version "12.0 (devel)" "(s20150603-1539-g2693dd32b)";
:ivl_delay_selection "TYPICAL";
:vpi_time_precision - 12;
:vpi_module "C:\iverilog\lib\ivl\system.vpi";
:vpi_module "C:\iverilog\lib\ivl\vhdl_sys.vpi";
:vpi_module "C:\iverilog\lib\ivl\vhdl_textio.vpi";
:vpi_module "C:\iverilog\lib\ivl\v2005_math.vpi";
:vpi_module "C:\iverilog\lib\ivl\va_math.vpi";
S_000002b99217a4f0 .scope module, "next_state_tb" "next_state_tb" 2 3;
 .timescale -9 -12;
P_000002b99217a680 .param/l "S0" 1 2 25, C4<0000>;
P_000002b99217a6b8 .param/l "S1" 1 2 26, C4<0001>;
P_000002b99217a6f0 .param/l "S2" 1 2 27, C4<0010>;
P_000002b99217a728 .param/l "S3" 1 2 28, C4<0011>;
P_000002b99217a760 .param/l "S4" 1 2 29, C4<0100>;
P_000002b99217a798 .param/l "S5" 1 2 30, C4<0101>;
P_000002b99217a7d0 .param/l "S6" 1 2 31, C4<0110>;
P_000002b99217a808 .param/l "S7" 1 2 32, C4<0111>;
P_000002b99217a840 .param/l "S8" 1 2 33, C4<1000>;
P_000002b99217a878 .param/l "S9" 1 2 34, C4<1001>;
v000002b992163e50_0 .var "current_state", 3 0;
v000002b992163ef0_0 .var "emergency_req_EW", 0 0;
v000002b992163f90_0 .var "emergency_req_NS", 0 0;
v000002b992164030_0 .net "next_state", 3 0, v000002b99215a7b0_0;  1 drivers
v000002b9921640d0_0 .var "ped_req_EW", 0 0;
v000002b992164170_0 .var "ped_req_NS", 0 0;
v000002b992164210_0 .var "timer_done", 0 0;
S_000002b9921327f0 .scope module, "dut" "next_state" 2 14, 3 3 0, S_000002b99217a4f0;
 .timescale -9 -12;
    .port_info 0 /INPUT 4 "current_state";
    .port_info 1 /INPUT 1 "timer_done";
    .port_info 2 /INPUT 1 "emergency_req_NS";
    .port_info 3 /INPUT 1 "emergency_req_EW";
    .port_info 4 /INPUT 1 "ped_req_NS";
    .port_info 5 /INPUT 1 "ped_req_EW";
    .port_info 6 /OUTPUT 4 "next_state";
P_000002b992132980 .param/l "S0" 1 3 17, C4<0000>;
P_000002b9921329b8 .param/l "S1" 1 3 18, C4<0001>;
P_000002b9921329f0 .param/l "S2" 1 3 19, C4<0010>;
P_000002b992132a28 .param/l "S3" 1 3 20, C4<0011>;
P_000002b992132a60 .param/l "S4" 1 3 21, C4<0100>;
P_000002b992132a98 .param/l "S5" 1 3 22, C4<0101>;
P_000002b992132ad0 .param/l "S6" 1 3 23, C4<0110>;
P_000002b992132b08 .param/l "S7" 1 3 24, C4<0111>;
P_000002b992132b40 .param/l "S8" 1 3 25, C4<1000>;
P_000002b992132b78 .param/l "S9" 1 3 26, C4<1001>;
v000002b992133020_0 .net "current_state", 3 0, v000002b992163e50_0;  1 drivers
v000002b99217a8c0_0 .net "emergency_req_EW", 0 0, v000002b992163ef0_0;  1 drivers
v000002b992132bc0_0 .net "emergency_req_NS", 0 0, v000002b992163f90_0;  1 drivers
v000002b99215a7b0_0 .var "next_state", 3 0;
v000002b99215a850_0 .net "ped_req_EW", 0 0, v000002b9921640d0_0;  1 drivers
v000002b992163d10_0 .net "ped_req_NS", 0 0, v000002b992164170_0;  1 drivers
v000002b992163db0_0 .net "timer_done", 0 0, v000002b992164210_0;  1 drivers
E_000002b99215bbb0/0 .event anyedge, v000002b992133020_0, v000002b992132bc0_0, v000002b99217a8c0_0, v000002b992163db0_0;
E_000002b99215bbb0/1 .event anyedge, v000002b992163d10_0, v000002b99215a850_0;
E_000002b99215bbb0 .event/or E_000002b99215bbb0/0, E_000002b99215bbb0/1;
    .scope S_000002b9921327f0;
T_0 ;
    %wait E_000002b99215bbb0;
    %load/vec4 v000002b992133020_0;
    %dup/vec4;
    %pushi/vec4 0, 0, 4;
    %cmp/u;
    %jmp/1 T_0.0, 6;
    %dup/vec4;
    %pushi/vec4 1, 0, 4;
    %cmp/u;
    %jmp/1 T_0.1, 6;
    %dup/vec4;
    %pushi/vec4 2, 0, 4;
    %cmp/u;
    %jmp/1 T_0.2, 6;
    %dup/vec4;
    %pushi/vec4 3, 0, 4;
    %cmp/u;
    %jmp/1 T_0.3, 6;
    %dup/vec4;
    %pushi/vec4 4, 0, 4;
    %cmp/u;
    %jmp/1 T_0.4, 6;
    %dup/vec4;
    %pushi/vec4 5, 0, 4;
    %cmp/u;
    %jmp/1 T_0.5, 6;
    %dup/vec4;
    %pushi/vec4 6, 0, 4;
    %cmp/u;
    %jmp/1 T_0.6, 6;
    %dup/vec4;
    %pushi/vec4 7, 0, 4;
    %cmp/u;
    %jmp/1 T_0.7, 6;
    %dup/vec4;
    %pushi/vec4 8, 0, 4;
    %cmp/u;
    %jmp/1 T_0.8, 6;
    %dup/vec4;
    %pushi/vec4 9, 0, 4;
    %cmp/u;
    %jmp/1 T_0.9, 6;
    %pushi/vec4 0, 0, 4;
    %store/vec4 v000002b99215a7b0_0, 0, 4;
    %jmp T_0.11;
T_0.0 ;
    %load/vec4 v000002b992132bc0_0;
    %flag_set/vec4 8;
    %jmp/0xz  T_0.12, 8;
    %pushi/vec4 4, 0, 4;
    %store/vec4 v000002b99215a7b0_0, 0, 4;
    %jmp T_0.13;
T_0.12 ;
    %load/vec4 v000002b99217a8c0_0;
    %flag_set/vec4 8;
    %jmp/0xz  T_0.14, 8;
    %pushi/vec4 9, 0, 4;
    %store/vec4 v000002b99215a7b0_0, 0, 4;
    %jmp T_0.15;
T_0.14 ;
    %load/vec4 v000002b992163db0_0;
    %cmpi/e 0, 0, 1;
    %jmp/0xz  T_0.16, 4;
    %load/vec4 v000002b992133020_0;
    %store/vec4 v000002b99215a7b0_0, 0, 4;
    %jmp T_0.17;
T_0.16 ;
    %pushi/vec4 1, 0, 4;
    %store/vec4 v000002b99215a7b0_0, 0, 4;
T_0.17 ;
T_0.15 ;
T_0.13 ;
    %jmp T_0.11;
T_0.1 ;
    %load/vec4 v000002b992132bc0_0;
    %flag_set/vec4 8;
    %jmp/0xz  T_0.18, 8;
    %pushi/vec4 4, 0, 4;
    %store/vec4 v000002b99215a7b0_0, 0, 4;
    %jmp T_0.19;
T_0.18 ;
    %load/vec4 v000002b99217a8c0_0;
    %flag_set/vec4 8;
    %jmp/0xz  T_0.20, 8;
    %pushi/vec4 9, 0, 4;
    %store/vec4 v000002b99215a7b0_0, 0, 4;
    %jmp T_0.21;
T_0.20 ;
    %load/vec4 v000002b992163db0_0;
    %cmpi/e 0, 0, 1;
    %jmp/0xz  T_0.22, 4;
    %load/vec4 v000002b992133020_0;
    %store/vec4 v000002b99215a7b0_0, 0, 4;
    %jmp T_0.23;
T_0.22 ;
    %pushi/vec4 2, 0, 4;
    %store/vec4 v000002b99215a7b0_0, 0, 4;
T_0.23 ;
T_0.21 ;
T_0.19 ;
    %jmp T_0.11;
T_0.2 ;
    %load/vec4 v000002b992132bc0_0;
    %flag_set/vec4 8;
    %jmp/0xz  T_0.24, 8;
    %pushi/vec4 4, 0, 4;
    %store/vec4 v000002b99215a7b0_0, 0, 4;
    %jmp T_0.25;
T_0.24 ;
    %load/vec4 v000002b99217a8c0_0;
    %flag_set/vec4 8;
    %jmp/0xz  T_0.26, 8;
    %pushi/vec4 9, 0, 4;
    %store/vec4 v000002b99215a7b0_0, 0, 4;
    %jmp T_0.27;
T_0.26 ;
    %load/vec4 v000002b992163db0_0;
    %cmpi/e 0, 0, 1;
    %jmp/0xz  T_0.28, 4;
    %load/vec4 v000002b992133020_0;
    %store/vec4 v000002b99215a7b0_0, 0, 4;
    %jmp T_0.29;
T_0.28 ;
    %load/vec4 v000002b992163d10_0;
    %flag_set/vec4 8;
    %jmp/0xz  T_0.30, 8;
    %pushi/vec4 3, 0, 4;
    %store/vec4 v000002b99215a7b0_0, 0, 4;
    %jmp T_0.31;
T_0.30 ;
    %pushi/vec4 5, 0, 4;
    %store/vec4 v000002b99215a7b0_0, 0, 4;
T_0.31 ;
T_0.29 ;
T_0.27 ;
T_0.25 ;
    %jmp T_0.11;
T_0.3 ;
    %load/vec4 v000002b992132bc0_0;
    %flag_set/vec4 8;
    %jmp/0xz  T_0.32, 8;
    %pushi/vec4 4, 0, 4;
    %store/vec4 v000002b99215a7b0_0, 0, 4;
    %jmp T_0.33;
T_0.32 ;
    %load/vec4 v000002b99217a8c0_0;
    %flag_set/vec4 8;
    %jmp/0xz  T_0.34, 8;
    %pushi/vec4 9, 0, 4;
    %store/vec4 v000002b99215a7b0_0, 0, 4;
    %jmp T_0.35;
T_0.34 ;
    %load/vec4 v000002b992163db0_0;
    %cmpi/e 0, 0, 1;
    %jmp/0xz  T_0.36, 4;
    %load/vec4 v000002b992133020_0;
    %store/vec4 v000002b99215a7b0_0, 0, 4;
    %jmp T_0.37;
T_0.36 ;
    %pushi/vec4 5, 0, 4;
    %store/vec4 v000002b99215a7b0_0, 0, 4;
T_0.37 ;
T_0.35 ;
T_0.33 ;
    %jmp T_0.11;
T_0.4 ;
    %load/vec4 v000002b992132bc0_0;
    %flag_set/vec4 8;
    %jmp/0xz  T_0.38, 8;
    %load/vec4 v000002b992133020_0;
    %store/vec4 v000002b99215a7b0_0, 0, 4;
    %jmp T_0.39;
T_0.38 ;
    %load/vec4 v000002b992163db0_0;
    %cmpi/e 0, 0, 1;
    %jmp/0xz  T_0.40, 4;
    %load/vec4 v000002b992133020_0;
    %store/vec4 v000002b99215a7b0_0, 0, 4;
    %jmp T_0.41;
T_0.40 ;
    %pushi/vec4 0, 0, 4;
    %store/vec4 v000002b99215a7b0_0, 0, 4;
T_0.41 ;
T_0.39 ;
    %jmp T_0.11;
T_0.5 ;
    %load/vec4 v000002b992132bc0_0;
    %flag_set/vec4 8;
    %jmp/0xz  T_0.42, 8;
    %pushi/vec4 4, 0, 4;
    %store/vec4 v000002b99215a7b0_0, 0, 4;
    %jmp T_0.43;
T_0.42 ;
    %load/vec4 v000002b99217a8c0_0;
    %flag_set/vec4 8;
    %jmp/0xz  T_0.44, 8;
    %pushi/vec4 9, 0, 4;
    %store/vec4 v000002b99215a7b0_0, 0, 4;
    %jmp T_0.45;
T_0.44 ;
    %load/vec4 v000002b992163db0_0;
    %cmpi/e 0, 0, 1;
    %jmp/0xz  T_0.46, 4;
    %load/vec4 v000002b992133020_0;
    %store/vec4 v000002b99215a7b0_0, 0, 4;
    %jmp T_0.47;
T_0.46 ;
    %pushi/vec4 6, 0, 4;
    %store/vec4 v000002b99215a7b0_0, 0, 4;
T_0.47 ;
T_0.45 ;
T_0.43 ;
    %jmp T_0.11;
T_0.6 ;
    %load/vec4 v000002b992132bc0_0;
    %flag_set/vec4 8;
    %jmp/0xz  T_0.48, 8;
    %pushi/vec4 4, 0, 4;
    %store/vec4 v000002b99215a7b0_0, 0, 4;
    %jmp T_0.49;
T_0.48 ;
    %load/vec4 v000002b99217a8c0_0;
    %flag_set/vec4 8;
    %jmp/0xz  T_0.50, 8;
    %pushi/vec4 9, 0, 4;
    %store/vec4 v000002b99215a7b0_0, 0, 4;
    %jmp T_0.51;
T_0.50 ;
    %load/vec4 v000002b992163db0_0;
    %cmpi/e 0, 0, 1;
    %jmp/0xz  T_0.52, 4;
    %load/vec4 v000002b992133020_0;
    %store/vec4 v000002b99215a7b0_0, 0, 4;
    %jmp T_0.53;
T_0.52 ;
    %pushi/vec4 7, 0, 4;
    %store/vec4 v000002b99215a7b0_0, 0, 4;
T_0.53 ;
T_0.51 ;
T_0.49 ;
    %jmp T_0.11;
T_0.7 ;
    %load/vec4 v000002b992132bc0_0;
    %flag_set/vec4 8;
    %jmp/0xz  T_0.54, 8;
    %pushi/vec4 4, 0, 4;
    %store/vec4 v000002b99215a7b0_0, 0, 4;
    %jmp T_0.55;
T_0.54 ;
    %load/vec4 v000002b99217a8c0_0;
    %flag_set/vec4 8;
    %jmp/0xz  T_0.56, 8;
    %pushi/vec4 9, 0, 4;
    %store/vec4 v000002b99215a7b0_0, 0, 4;
    %jmp T_0.57;
T_0.56 ;
    %load/vec4 v000002b992163db0_0;
    %cmpi/e 0, 0, 1;
    %jmp/0xz  T_0.58, 4;
    %load/vec4 v000002b992133020_0;
    %store/vec4 v000002b99215a7b0_0, 0, 4;
    %jmp T_0.59;
T_0.58 ;
    %load/vec4 v000002b99215a850_0;
    %flag_set/vec4 8;
    %jmp/0xz  T_0.60, 8;
    %pushi/vec4 8, 0, 4;
    %store/vec4 v000002b99215a7b0_0, 0, 4;
    %jmp T_0.61;
T_0.60 ;
    %pushi/vec4 0, 0, 4;
    %store/vec4 v000002b99215a7b0_0, 0, 4;
T_0.61 ;
T_0.59 ;
T_0.57 ;
T_0.55 ;
    %jmp T_0.11;
T_0.8 ;
    %load/vec4 v000002b992132bc0_0;
    %flag_set/vec4 8;
    %jmp/0xz  T_0.62, 8;
    %pushi/vec4 4, 0, 4;
    %store/vec4 v000002b99215a7b0_0, 0, 4;
    %jmp T_0.63;
T_0.62 ;
    %load/vec4 v000002b99217a8c0_0;
    %flag_set/vec4 8;
    %jmp/0xz  T_0.64, 8;
    %pushi/vec4 9, 0, 4;
    %store/vec4 v000002b99215a7b0_0, 0, 4;
    %jmp T_0.65;
T_0.64 ;
    %load/vec4 v000002b992163db0_0;
    %cmpi/e 0, 0, 1;
    %jmp/0xz  T_0.66, 4;
    %load/vec4 v000002b992133020_0;
    %store/vec4 v000002b99215a7b0_0, 0, 4;
    %jmp T_0.67;
T_0.66 ;
    %pushi/vec4 0, 0, 4;
    %store/vec4 v000002b99215a7b0_0, 0, 4;
T_0.67 ;
T_0.65 ;
T_0.63 ;
    %jmp T_0.11;
T_0.9 ;
    %load/vec4 v000002b99217a8c0_0;
    %flag_set/vec4 8;
    %jmp/0xz  T_0.68, 8;
    %pushi/vec4 9, 0, 4;
    %store/vec4 v000002b99215a7b0_0, 0, 4;
    %jmp T_0.69;
T_0.68 ;
    %load/vec4 v000002b992163db0_0;
    %cmpi/e 0, 0, 1;
    %jmp/0xz  T_0.70, 4;
    %load/vec4 v000002b992133020_0;
    %store/vec4 v000002b99215a7b0_0, 0, 4;
    %jmp T_0.71;
T_0.70 ;
    %pushi/vec4 0, 0, 4;
    %store/vec4 v000002b99215a7b0_0, 0, 4;
T_0.71 ;
T_0.69 ;
    %jmp T_0.11;
T_0.11 ;
    %pop/vec4 1;
    %jmp T_0;
    .thread T_0, $push;
    .scope S_000002b99217a4f0;
T_1 ;
    %vpi_call 2 37 "$dumpfile", "wave/next_state.vcd" {0 0 0};
    %vpi_call 2 38 "$dumpvars", 32'sb00000000000000000000000000000000, S_000002b99217a4f0 {0 0 0};
    %pushi/vec4 0, 0, 4;
    %store/vec4 v000002b992163e50_0, 0, 4;
    %pushi/vec4 0, 0, 1;
    %store/vec4 v000002b992164210_0, 0, 1;
    %pushi/vec4 1, 0, 1;
    %store/vec4 v000002b992163ef0_0, 0, 1;
    %pushi/vec4 0, 0, 1;
    %store/vec4 v000002b992163f90_0, 0, 1;
    %pushi/vec4 0, 0, 1;
    %store/vec4 v000002b992164170_0, 0, 1;
    %pushi/vec4 0, 0, 1;
    %store/vec4 v000002b9921640d0_0, 0, 1;
    %delay 10000, 0;
    %load/vec4 v000002b992164030_0;
    %cmpi/e 9, 0, 4;
    %jmp/0xz  T_1.0, 4;
    %vpi_call 2 50 "$display", "case 1 : pass" {0 0 0};
    %jmp T_1.1;
T_1.0 ;
    %vpi_call 2 52 "$display", "case 1 : failed" {0 0 0};
T_1.1 ;
    %pushi/vec4 0, 0, 4;
    %store/vec4 v000002b992163e50_0, 0, 4;
    %pushi/vec4 0, 0, 1;
    %store/vec4 v000002b992164210_0, 0, 1;
    %pushi/vec4 0, 0, 1;
    %store/vec4 v000002b992163ef0_0, 0, 1;
    %pushi/vec4 1, 0, 1;
    %store/vec4 v000002b992163f90_0, 0, 1;
    %pushi/vec4 0, 0, 1;
    %store/vec4 v000002b992164170_0, 0, 1;
    %pushi/vec4 0, 0, 1;
    %store/vec4 v000002b9921640d0_0, 0, 1;
    %delay 10000, 0;
    %load/vec4 v000002b992164030_0;
    %cmpi/e 4, 0, 4;
    %jmp/0xz  T_1.2, 4;
    %vpi_call 2 64 "$display", "case 2 : pass" {0 0 0};
    %jmp T_1.3;
T_1.2 ;
    %vpi_call 2 66 "$display", "case 2 : failed" {0 0 0};
T_1.3 ;
    %pushi/vec4 1, 0, 4;
    %store/vec4 v000002b992163e50_0, 0, 4;
    %pushi/vec4 1, 0, 1;
    %store/vec4 v000002b992164210_0, 0, 1;
    %pushi/vec4 0, 0, 1;
    %store/vec4 v000002b992163ef0_0, 0, 1;
    %pushi/vec4 0, 0, 1;
    %store/vec4 v000002b992163f90_0, 0, 1;
    %pushi/vec4 1, 0, 1;
    %store/vec4 v000002b992164170_0, 0, 1;
    %pushi/vec4 0, 0, 1;
    %store/vec4 v000002b9921640d0_0, 0, 1;
    %delay 10000, 0;
    %load/vec4 v000002b992164030_0;
    %cmpi/e 2, 0, 4;
    %jmp/0xz  T_1.4, 4;
    %vpi_call 2 78 "$display", "case 3 : pass" {0 0 0};
    %jmp T_1.5;
T_1.4 ;
    %vpi_call 2 80 "$display", "case 3 : failed" {0 0 0};
T_1.5 ;
    %pushi/vec4 2, 0, 4;
    %store/vec4 v000002b992163e50_0, 0, 4;
    %pushi/vec4 1, 0, 1;
    %store/vec4 v000002b992164210_0, 0, 1;
    %pushi/vec4 0, 0, 1;
    %store/vec4 v000002b992163ef0_0, 0, 1;
    %pushi/vec4 0, 0, 1;
    %store/vec4 v000002b992163f90_0, 0, 1;
    %pushi/vec4 1, 0, 1;
    %store/vec4 v000002b992164170_0, 0, 1;
    %pushi/vec4 0, 0, 1;
    %store/vec4 v000002b9921640d0_0, 0, 1;
    %delay 10000, 0;
    %load/vec4 v000002b992164030_0;
    %cmpi/e 3, 0, 4;
    %jmp/0xz  T_1.6, 4;
    %vpi_call 2 93 "$display", "case 4 : pass" {0 0 0};
    %jmp T_1.7;
T_1.6 ;
    %vpi_call 2 95 "$display", "case 4 : failed" {0 0 0};
T_1.7 ;
    %pushi/vec4 7, 0, 4;
    %store/vec4 v000002b992163e50_0, 0, 4;
    %pushi/vec4 1, 0, 1;
    %store/vec4 v000002b992164210_0, 0, 1;
    %pushi/vec4 0, 0, 1;
    %store/vec4 v000002b992163ef0_0, 0, 1;
    %pushi/vec4 0, 0, 1;
    %store/vec4 v000002b992163f90_0, 0, 1;
    %pushi/vec4 0, 0, 1;
    %store/vec4 v000002b992164170_0, 0, 1;
    %pushi/vec4 0, 0, 1;
    %store/vec4 v000002b9921640d0_0, 0, 1;
    %delay 10000, 0;
    %load/vec4 v000002b992164030_0;
    %cmpi/e 0, 0, 4;
    %jmp/0xz  T_1.8, 4;
    %vpi_call 2 108 "$display", "case 5 : pass" {0 0 0};
    %jmp T_1.9;
T_1.8 ;
    %vpi_call 2 110 "$display", "case 5 : failed" {0 0 0};
T_1.9 ;
    %pushi/vec4 4, 0, 4;
    %store/vec4 v000002b992163e50_0, 0, 4;
    %pushi/vec4 1, 0, 1;
    %store/vec4 v000002b992164210_0, 0, 1;
    %pushi/vec4 0, 0, 1;
    %store/vec4 v000002b992163ef0_0, 0, 1;
    %pushi/vec4 0, 0, 1;
    %store/vec4 v000002b992163f90_0, 0, 1;
    %pushi/vec4 0, 0, 1;
    %store/vec4 v000002b992164170_0, 0, 1;
    %pushi/vec4 0, 0, 1;
    %store/vec4 v000002b9921640d0_0, 0, 1;
    %delay 10000, 0;
    %load/vec4 v000002b992164030_0;
    %cmpi/e 0, 0, 4;
    %jmp/0xz  T_1.10, 4;
    %vpi_call 2 122 "$display", "case 6 : pass" {0 0 0};
    %jmp T_1.11;
T_1.10 ;
    %vpi_call 2 124 "$display", "case 6 : failed" {0 0 0};
T_1.11 ;
    %pushi/vec4 6, 0, 4;
    %store/vec4 v000002b992163e50_0, 0, 4;
    %pushi/vec4 0, 0, 1;
    %store/vec4 v000002b992164210_0, 0, 1;
    %pushi/vec4 0, 0, 1;
    %store/vec4 v000002b992163ef0_0, 0, 1;
    %pushi/vec4 0, 0, 1;
    %store/vec4 v000002b992163f90_0, 0, 1;
    %pushi/vec4 0, 0, 1;
    %store/vec4 v000002b992164170_0, 0, 1;
    %pushi/vec4 0, 0, 1;
    %store/vec4 v000002b9921640d0_0, 0, 1;
    %delay 10000, 0;
    %load/vec4 v000002b992164030_0;
    %cmpi/e 6, 0, 4;
    %jmp/0xz  T_1.12, 4;
    %vpi_call 2 136 "$display", "case 7 : pass" {0 0 0};
    %jmp T_1.13;
T_1.12 ;
    %vpi_call 2 138 "$display", "case 7 : failed" {0 0 0};
T_1.13 ;
    %pushi/vec4 9, 0, 4;
    %store/vec4 v000002b992163e50_0, 0, 4;
    %pushi/vec4 0, 0, 1;
    %store/vec4 v000002b992164210_0, 0, 1;
    %pushi/vec4 0, 0, 1;
    %store/vec4 v000002b992163ef0_0, 0, 1;
    %pushi/vec4 0, 0, 1;
    %store/vec4 v000002b992163f90_0, 0, 1;
    %pushi/vec4 0, 0, 1;
    %store/vec4 v000002b992164170_0, 0, 1;
    %pushi/vec4 0, 0, 1;
    %store/vec4 v000002b9921640d0_0, 0, 1;
    %delay 10000, 0;
    %load/vec4 v000002b992164030_0;
    %cmpi/e 9, 0, 4;
    %jmp/0xz  T_1.14, 4;
    %vpi_call 2 150 "$display", "case 8 : pass" {0 0 0};
    %jmp T_1.15;
T_1.14 ;
    %vpi_call 2 152 "$display", "case 8 : failed" {0 0 0};
T_1.15 ;
    %vpi_call 2 154 "$finish" {0 0 0};
    %end;
    .thread T_1;
# The file index is used to find the file name in the following table.
:file_names 4;
    "N/A";
    "<interactive>";
    "tb/next_state_logic_TB.v";
    "rtl/next_state_logic.v";
