#! /c/Source/iverilog-install/bin/vvp
:ivl_version "12.0 (devel)" "(s20150603-1539-g2693dd32b)";
:ivl_delay_selection "TYPICAL";
:vpi_time_precision - 12;
:vpi_module "C:\iverilog\lib\ivl\system.vpi";
:vpi_module "C:\iverilog\lib\ivl\vhdl_sys.vpi";
:vpi_module "C:\iverilog\lib\ivl\vhdl_textio.vpi";
:vpi_module "C:\iverilog\lib\ivl\v2005_math.vpi";
:vpi_module "C:\iverilog\lib\ivl\va_math.vpi";
S_0000021f15336780 .scope module, "output_logic_tb" "output_logic_tb" 2 3;
 .timescale -9 -12;
P_0000021f15336910 .param/l "S0" 1 2 17, C4<0000>;
P_0000021f15336948 .param/l "S1" 1 2 18, C4<0001>;
P_0000021f15336980 .param/l "S2" 1 2 19, C4<0010>;
P_0000021f153369b8 .param/l "S3" 1 2 20, C4<0011>;
P_0000021f153369f0 .param/l "S4" 1 2 21, C4<0100>;
P_0000021f15336a28 .param/l "S5" 1 2 22, C4<0101>;
P_0000021f15336a60 .param/l "S6" 1 2 23, C4<0110>;
P_0000021f15336a98 .param/l "S7" 1 2 24, C4<0111>;
P_0000021f15336ad0 .param/l "S8" 1 2 25, C4<1000>;
P_0000021f15336b08 .param/l "S9" 1 2 26, C4<1001>;
v0000021f153a53b0_0 .net "EW_Green", 0 0, v0000021f152f34f0_0;  1 drivers
v0000021f153a5450_0 .net "EW_red", 0 0, v0000021f15336b50_0;  1 drivers
v0000021f153a5d00_0 .net "EW_yellow", 0 0, v0000021f152f30b0_0;  1 drivers
v0000021f153a5da0_0 .net "NS_Green", 0 0, v0000021f15324ed0_0;  1 drivers
v0000021f153a5e40_0 .net "NS_red", 0 0, v0000021f15324f70_0;  1 drivers
v0000021f153a6430_0 .net "NS_yellow", 0 0, v0000021f153a4ff0_0;  1 drivers
v0000021f153a66b0_0 .var "current_state", 3 0;
v0000021f153a6110_0 .net "dont_walk_EW", 0 0, v0000021f153a5130_0;  1 drivers
v0000021f153a64d0_0 .net "dont_walk_NS", 0 0, v0000021f153a51d0_0;  1 drivers
v0000021f153a6070_0 .net "walk_EW", 0 0, v0000021f153a5270_0;  1 drivers
v0000021f153a5f30_0 .net "walk_NS", 0 0, v0000021f153a5310_0;  1 drivers
S_0000021f152f2ce0 .scope module, "dut" "output_logic" 2 28, 3 3 0, S_0000021f15336780;
 .timescale -9 -12;
    .port_info 0 /INPUT 4 "current_state";
    .port_info 1 /OUTPUT 1 "NS_Green";
    .port_info 2 /OUTPUT 1 "NS_yellow";
    .port_info 3 /OUTPUT 1 "NS_red";
    .port_info 4 /OUTPUT 1 "EW_Green";
    .port_info 5 /OUTPUT 1 "EW_yellow";
    .port_info 6 /OUTPUT 1 "EW_red";
    .port_info 7 /OUTPUT 1 "walk_NS";
    .port_info 8 /OUTPUT 1 "dont_walk_NS";
    .port_info 9 /OUTPUT 1 "walk_EW";
    .port_info 10 /OUTPUT 1 "dont_walk_EW";
P_0000021f152f2e70 .param/l "S0" 1 3 22, C4<0000>;
P_0000021f152f2ea8 .param/l "S1" 1 3 23, C4<0001>;
P_0000021f152f2ee0 .param/l "S2" 1 3 24, C4<0010>;
P_0000021f152f2f18 .param/l "S3" 1 3 25, C4<0011>;
P_0000021f152f2f50 .param/l "S4" 1 3 26, C4<0100>;
P_0000021f152f2f88 .param/l "S5" 1 3 27, C4<0101>;
P_0000021f152f2fc0 .param/l "S6" 1 3 28, C4<0110>;
P_0000021f152f2ff8 .param/l "S7" 1 3 29, C4<0111>;
P_0000021f152f3030 .param/l "S8" 1 3 30, C4<1000>;
P_0000021f152f3068 .param/l "S9" 1 3 31, C4<1001>;
v0000021f152f34f0_0 .var "EW_Green", 0 0;
v0000021f15336b50_0 .var "EW_red", 0 0;
v0000021f152f30b0_0 .var "EW_yellow", 0 0;
v0000021f15324ed0_0 .var "NS_Green", 0 0;
v0000021f15324f70_0 .var "NS_red", 0 0;
v0000021f153a4ff0_0 .var "NS_yellow", 0 0;
v0000021f153a5090_0 .net "current_state", 3 0, v0000021f153a66b0_0;  1 drivers
v0000021f153a5130_0 .var "dont_walk_EW", 0 0;
v0000021f153a51d0_0 .var "dont_walk_NS", 0 0;
v0000021f153a5270_0 .var "walk_EW", 0 0;
v0000021f153a5310_0 .var "walk_NS", 0 0;
E_0000021f1534cbe0 .event anyedge, v0000021f153a5090_0;
    .scope S_0000021f152f2ce0;
T_0 ;
    %wait E_0000021f1534cbe0;
    %pushi/vec4 0, 0, 1;
    %store/vec4 v0000021f15324ed0_0, 0, 1;
    %pushi/vec4 0, 0, 1;
    %store/vec4 v0000021f153a4ff0_0, 0, 1;
    %pushi/vec4 0, 0, 1;
    %store/vec4 v0000021f15324f70_0, 0, 1;
    %pushi/vec4 0, 0, 1;
    %store/vec4 v0000021f152f34f0_0, 0, 1;
    %pushi/vec4 0, 0, 1;
    %store/vec4 v0000021f152f30b0_0, 0, 1;
    %pushi/vec4 0, 0, 1;
    %store/vec4 v0000021f15336b50_0, 0, 1;
    %pushi/vec4 0, 0, 1;
    %store/vec4 v0000021f153a5310_0, 0, 1;
    %pushi/vec4 0, 0, 1;
    %store/vec4 v0000021f153a51d0_0, 0, 1;
    %pushi/vec4 0, 0, 1;
    %store/vec4 v0000021f153a5270_0, 0, 1;
    %pushi/vec4 0, 0, 1;
    %store/vec4 v0000021f153a5130_0, 0, 1;
    %load/vec4 v0000021f153a5090_0;
    %dup/vec4;
    %pushi/vec4 0, 0, 4;
    %cmp/u;
    %jmp/1 T_0.0, 6;
    %dup/vec4;
    %pushi/vec4 1, 0, 4;
    %cmp/u;
    %jmp/1 T_0.1, 6;
    %dup/vec4;
    %pushi/vec4 2, 0, 4;
    %cmp/u;
    %jmp/1 T_0.2, 6;
    %dup/vec4;
    %pushi/vec4 3, 0, 4;
    %cmp/u;
    %jmp/1 T_0.3, 6;
    %dup/vec4;
    %pushi/vec4 4, 0, 4;
    %cmp/u;
    %jmp/1 T_0.4, 6;
    %dup/vec4;
    %pushi/vec4 5, 0, 4;
    %cmp/u;
    %jmp/1 T_0.5, 6;
    %dup/vec4;
    %pushi/vec4 6, 0, 4;
    %cmp/u;
    %jmp/1 T_0.6, 6;
    %dup/vec4;
    %pushi/vec4 7, 0, 4;
    %cmp/u;
    %jmp/1 T_0.7, 6;
    %dup/vec4;
    %pushi/vec4 8, 0, 4;
    %cmp/u;
    %jmp/1 T_0.8, 6;
    %dup/vec4;
    %pushi/vec4 9, 0, 4;
    %cmp/u;
    %jmp/1 T_0.9, 6;
    %pushi/vec4 0, 0, 1;
    %store/vec4 v0000021f15324ed0_0, 0, 1;
    %pushi/vec4 0, 0, 1;
    %store/vec4 v0000021f153a4ff0_0, 0, 1;
    %pushi/vec4 0, 0, 1;
    %store/vec4 v0000021f15324f70_0, 0, 1;
    %pushi/vec4 0, 0, 1;
    %store/vec4 v0000021f152f34f0_0, 0, 1;
    %pushi/vec4 0, 0, 1;
    %store/vec4 v0000021f152f30b0_0, 0, 1;
    %pushi/vec4 0, 0, 1;
    %store/vec4 v0000021f15336b50_0, 0, 1;
    %pushi/vec4 0, 0, 1;
    %store/vec4 v0000021f153a5310_0, 0, 1;
    %pushi/vec4 0, 0, 1;
    %store/vec4 v0000021f153a51d0_0, 0, 1;
    %pushi/vec4 0, 0, 1;
    %store/vec4 v0000021f153a5270_0, 0, 1;
    %pushi/vec4 0, 0, 1;
    %store/vec4 v0000021f153a5130_0, 0, 1;
    %jmp T_0.11;
T_0.0 ;
    %pushi/vec4 1, 0, 1;
    %store/vec4 v0000021f15324ed0_0, 0, 1;
    %pushi/vec4 0, 0, 1;
    %store/vec4 v0000021f153a4ff0_0, 0, 1;
    %pushi/vec4 0, 0, 1;
    %store/vec4 v0000021f15324f70_0, 0, 1;
    %pushi/vec4 0, 0, 1;
    %store/vec4 v0000021f152f34f0_0, 0, 1;
    %pushi/vec4 0, 0, 1;
    %store/vec4 v0000021f152f30b0_0, 0, 1;
    %pushi/vec4 1, 0, 1;
    %store/vec4 v0000021f15336b50_0, 0, 1;
    %pushi/vec4 0, 0, 1;
    %store/vec4 v0000021f153a5310_0, 0, 1;
    %pushi/vec4 1, 0, 1;
    %store/vec4 v0000021f153a51d0_0, 0, 1;
    %pushi/vec4 0, 0, 1;
    %store/vec4 v0000021f153a5270_0, 0, 1;
    %pushi/vec4 1, 0, 1;
    %store/vec4 v0000021f153a5130_0, 0, 1;
    %jmp T_0.11;
T_0.1 ;
    %pushi/vec4 0, 0, 1;
    %store/vec4 v0000021f15324ed0_0, 0, 1;
    %pushi/vec4 1, 0, 1;
    %store/vec4 v0000021f153a4ff0_0, 0, 1;
    %pushi/vec4 0, 0, 1;
    %store/vec4 v0000021f15324f70_0, 0, 1;
    %pushi/vec4 0, 0, 1;
    %store/vec4 v0000021f152f34f0_0, 0, 1;
    %pushi/vec4 0, 0, 1;
    %store/vec4 v0000021f152f30b0_0, 0, 1;
    %pushi/vec4 1, 0, 1;
    %store/vec4 v0000021f15336b50_0, 0, 1;
    %pushi/vec4 0, 0, 1;
    %store/vec4 v0000021f153a5310_0, 0, 1;
    %pushi/vec4 1, 0, 1;
    %store/vec4 v0000021f153a51d0_0, 0, 1;
    %pushi/vec4 0, 0, 1;
    %store/vec4 v0000021f153a5270_0, 0, 1;
    %pushi/vec4 1, 0, 1;
    %store/vec4 v0000021f153a5130_0, 0, 1;
    %jmp T_0.11;
T_0.2 ;
    %pushi/vec4 0, 0, 1;
    %store/vec4 v0000021f15324ed0_0, 0, 1;
    %pushi/vec4 0, 0, 1;
    %store/vec4 v0000021f153a4ff0_0, 0, 1;
    %pushi/vec4 1, 0, 1;
    %store/vec4 v0000021f15324f70_0, 0, 1;
    %pushi/vec4 0, 0, 1;
    %store/vec4 v0000021f152f34f0_0, 0, 1;
    %pushi/vec4 0, 0, 1;
    %store/vec4 v0000021f152f30b0_0, 0, 1;
    %pushi/vec4 1, 0, 1;
    %store/vec4 v0000021f15336b50_0, 0, 1;
    %pushi/vec4 0, 0, 1;
    %store/vec4 v0000021f153a5310_0, 0, 1;
    %pushi/vec4 1, 0, 1;
    %store/vec4 v0000021f153a51d0_0, 0, 1;
    %pushi/vec4 0, 0, 1;
    %store/vec4 v0000021f153a5270_0, 0, 1;
    %pushi/vec4 1, 0, 1;
    %store/vec4 v0000021f153a5130_0, 0, 1;
    %jmp T_0.11;
T_0.3 ;
    %pushi/vec4 0, 0, 1;
    %store/vec4 v0000021f15324ed0_0, 0, 1;
    %pushi/vec4 0, 0, 1;
    %store/vec4 v0000021f153a4ff0_0, 0, 1;
    %pushi/vec4 1, 0, 1;
    %store/vec4 v0000021f15324f70_0, 0, 1;
    %pushi/vec4 0, 0, 1;
    %store/vec4 v0000021f152f34f0_0, 0, 1;
    %pushi/vec4 0, 0, 1;
    %store/vec4 v0000021f152f30b0_0, 0, 1;
    %pushi/vec4 1, 0, 1;
    %store/vec4 v0000021f15336b50_0, 0, 1;
    %pushi/vec4 1, 0, 1;
    %store/vec4 v0000021f153a5310_0, 0, 1;
    %pushi/vec4 0, 0, 1;
    %store/vec4 v0000021f153a51d0_0, 0, 1;
    %pushi/vec4 0, 0, 1;
    %store/vec4 v0000021f153a5270_0, 0, 1;
    %pushi/vec4 1, 0, 1;
    %store/vec4 v0000021f153a5130_0, 0, 1;
    %jmp T_0.11;
T_0.4 ;
    %pushi/vec4 1, 0, 1;
    %store/vec4 v0000021f15324ed0_0, 0, 1;
    %pushi/vec4 0, 0, 1;
    %store/vec4 v0000021f153a4ff0_0, 0, 1;
    %pushi/vec4 0, 0, 1;
    %store/vec4 v0000021f15324f70_0, 0, 1;
    %pushi/vec4 0, 0, 1;
    %store/vec4 v0000021f152f34f0_0, 0, 1;
    %pushi/vec4 0, 0, 1;
    %store/vec4 v0000021f152f30b0_0, 0, 1;
    %pushi/vec4 1, 0, 1;
    %store/vec4 v0000021f15336b50_0, 0, 1;
    %pushi/vec4 0, 0, 1;
    %store/vec4 v0000021f153a5310_0, 0, 1;
    %pushi/vec4 1, 0, 1;
    %store/vec4 v0000021f153a51d0_0, 0, 1;
    %pushi/vec4 0, 0, 1;
    %store/vec4 v0000021f153a5270_0, 0, 1;
    %pushi/vec4 1, 0, 1;
    %store/vec4 v0000021f153a5130_0, 0, 1;
    %jmp T_0.11;
T_0.5 ;
    %pushi/vec4 0, 0, 1;
    %store/vec4 v0000021f15324ed0_0, 0, 1;
    %pushi/vec4 0, 0, 1;
    %store/vec4 v0000021f153a4ff0_0, 0, 1;
    %pushi/vec4 1, 0, 1;
    %store/vec4 v0000021f15324f70_0, 0, 1;
    %pushi/vec4 1, 0, 1;
    %store/vec4 v0000021f152f34f0_0, 0, 1;
    %pushi/vec4 0, 0, 1;
    %store/vec4 v0000021f152f30b0_0, 0, 1;
    %pushi/vec4 0, 0, 1;
    %store/vec4 v0000021f15336b50_0, 0, 1;
    %pushi/vec4 0, 0, 1;
    %store/vec4 v0000021f153a5310_0, 0, 1;
    %pushi/vec4 1, 0, 1;
    %store/vec4 v0000021f153a51d0_0, 0, 1;
    %pushi/vec4 0, 0, 1;
    %store/vec4 v0000021f153a5270_0, 0, 1;
    %pushi/vec4 1, 0, 1;
    %store/vec4 v0000021f153a5130_0, 0, 1;
    %jmp T_0.11;
T_0.6 ;
    %pushi/vec4 0, 0, 1;
    %store/vec4 v0000021f15324ed0_0, 0, 1;
    %pushi/vec4 0, 0, 1;
    %store/vec4 v0000021f153a4ff0_0, 0, 1;
    %pushi/vec4 1, 0, 1;
    %store/vec4 v0000021f15324f70_0, 0, 1;
    %pushi/vec4 0, 0, 1;
    %store/vec4 v0000021f152f34f0_0, 0, 1;
    %pushi/vec4 1, 0, 1;
    %store/vec4 v0000021f152f30b0_0, 0, 1;
    %pushi/vec4 0, 0, 1;
    %store/vec4 v0000021f15336b50_0, 0, 1;
    %pushi/vec4 0, 0, 1;
    %store/vec4 v0000021f153a5310_0, 0, 1;
    %pushi/vec4 1, 0, 1;
    %store/vec4 v0000021f153a51d0_0, 0, 1;
    %pushi/vec4 0, 0, 1;
    %store/vec4 v0000021f153a5270_0, 0, 1;
    %pushi/vec4 1, 0, 1;
    %store/vec4 v0000021f153a5130_0, 0, 1;
    %jmp T_0.11;
T_0.7 ;
    %pushi/vec4 0, 0, 1;
    %store/vec4 v0000021f15324ed0_0, 0, 1;
    %pushi/vec4 0, 0, 1;
    %store/vec4 v0000021f153a4ff0_0, 0, 1;
    %pushi/vec4 1, 0, 1;
    %store/vec4 v0000021f15324f70_0, 0, 1;
    %pushi/vec4 0, 0, 1;
    %store/vec4 v0000021f152f34f0_0, 0, 1;
    %pushi/vec4 0, 0, 1;
    %store/vec4 v0000021f152f30b0_0, 0, 1;
    %pushi/vec4 1, 0, 1;
    %store/vec4 v0000021f15336b50_0, 0, 1;
    %pushi/vec4 0, 0, 1;
    %store/vec4 v0000021f153a5310_0, 0, 1;
    %pushi/vec4 1, 0, 1;
    %store/vec4 v0000021f153a51d0_0, 0, 1;
    %pushi/vec4 0, 0, 1;
    %store/vec4 v0000021f153a5270_0, 0, 1;
    %pushi/vec4 1, 0, 1;
    %store/vec4 v0000021f153a5130_0, 0, 1;
    %jmp T_0.11;
T_0.8 ;
    %pushi/vec4 0, 0, 1;
    %store/vec4 v0000021f15324ed0_0, 0, 1;
    %pushi/vec4 0, 0, 1;
    %store/vec4 v0000021f153a4ff0_0, 0, 1;
    %pushi/vec4 1, 0, 1;
    %store/vec4 v0000021f15324f70_0, 0, 1;
    %pushi/vec4 0, 0, 1;
    %store/vec4 v0000021f152f34f0_0, 0, 1;
    %pushi/vec4 0, 0, 1;
    %store/vec4 v0000021f152f30b0_0, 0, 1;
    %pushi/vec4 1, 0, 1;
    %store/vec4 v0000021f15336b50_0, 0, 1;
    %pushi/vec4 0, 0, 1;
    %store/vec4 v0000021f153a5310_0, 0, 1;
    %pushi/vec4 1, 0, 1;
    %store/vec4 v0000021f153a51d0_0, 0, 1;
    %pushi/vec4 1, 0, 1;
    %store/vec4 v0000021f153a5270_0, 0, 1;
    %pushi/vec4 0, 0, 1;
    %store/vec4 v0000021f153a5130_0, 0, 1;
    %jmp T_0.11;
T_0.9 ;
    %pushi/vec4 0, 0, 1;
    %store/vec4 v0000021f15324ed0_0, 0, 1;
    %pushi/vec4 0, 0, 1;
    %store/vec4 v0000021f153a4ff0_0, 0, 1;
    %pushi/vec4 1, 0, 1;
    %store/vec4 v0000021f15324f70_0, 0, 1;
    %pushi/vec4 1, 0, 1;
    %store/vec4 v0000021f152f34f0_0, 0, 1;
    %pushi/vec4 0, 0, 1;
    %store/vec4 v0000021f152f30b0_0, 0, 1;
    %pushi/vec4 0, 0, 1;
    %store/vec4 v0000021f15336b50_0, 0, 1;
    %pushi/vec4 0, 0, 1;
    %store/vec4 v0000021f153a5310_0, 0, 1;
    %pushi/vec4 1, 0, 1;
    %store/vec4 v0000021f153a51d0_0, 0, 1;
    %pushi/vec4 0, 0, 1;
    %store/vec4 v0000021f153a5270_0, 0, 1;
    %pushi/vec4 1, 0, 1;
    %store/vec4 v0000021f153a5130_0, 0, 1;
    %jmp T_0.11;
T_0.11 ;
    %pop/vec4 1;
    %jmp T_0;
    .thread T_0, $push;
    .scope S_0000021f15336780;
T_1 ;
    %vpi_call 2 44 "$dumpfile", "wave/output_logic.vcd" {0 0 0};
    %vpi_call 2 45 "$dumpvars", 32'sb00000000000000000000000000000000, S_0000021f15336780 {0 0 0};
    %pushi/vec4 0, 0, 4;
    %store/vec4 v0000021f153a66b0_0, 0, 4;
    %delay 10000, 0;
    %load/vec4 v0000021f153a5da0_0;
    %cmpi/e 1, 0, 1;
    %flag_get/vec4 4;
    %jmp/0 T_1.10, 4;
    %load/vec4 v0000021f153a6430_0;
    %pushi/vec4 0, 0, 1;
    %cmp/e;
    %flag_get/vec4 4;
    %and;
T_1.10;
    %flag_set/vec4 16;
    %flag_get/vec4 16;
    %jmp/0 T_1.9, 16;
    %load/vec4 v0000021f153a5e40_0;
    %pushi/vec4 0, 0, 1;
    %cmp/e;
    %flag_get/vec4 4;
    %and;
T_1.9;
    %flag_set/vec4 15;
    %flag_get/vec4 15;
    %jmp/0 T_1.8, 15;
    %load/vec4 v0000021f153a53b0_0;
    %pushi/vec4 0, 0, 1;
    %cmp/e;
    %flag_get/vec4 4;
    %and;
T_1.8;
    %flag_set/vec4 14;
    %flag_get/vec4 14;
    %jmp/0 T_1.7, 14;
    %load/vec4 v0000021f153a5d00_0;
    %pushi/vec4 0, 0, 1;
    %cmp/e;
    %flag_get/vec4 4;
    %and;
T_1.7;
    %flag_set/vec4 13;
    %flag_get/vec4 13;
    %jmp/0 T_1.6, 13;
    %load/vec4 v0000021f153a5450_0;
    %pushi/vec4 1, 0, 1;
    %cmp/e;
    %flag_get/vec4 4;
    %and;
T_1.6;
    %flag_set/vec4 12;
    %flag_get/vec4 12;
    %jmp/0 T_1.5, 12;
    %load/vec4 v0000021f153a5f30_0;
    %pushi/vec4 0, 0, 1;
    %cmp/e;
    %flag_get/vec4 4;
    %and;
T_1.5;
    %flag_set/vec4 11;
    %flag_get/vec4 11;
    %jmp/0 T_1.4, 11;
    %load/vec4 v0000021f153a64d0_0;
    %pushi/vec4 1, 0, 1;
    %cmp/e;
    %flag_get/vec4 4;
    %and;
T_1.4;
    %flag_set/vec4 10;
    %flag_get/vec4 10;
    %jmp/0 T_1.3, 10;
    %load/vec4 v0000021f153a6070_0;
    %pushi/vec4 0, 0, 1;
    %cmp/e;
    %flag_get/vec4 4;
    %and;
T_1.3;
    %flag_set/vec4 9;
    %flag_get/vec4 9;
    %jmp/0 T_1.2, 9;
    %load/vec4 v0000021f153a6110_0;
    %pushi/vec4 1, 0, 1;
    %cmp/e;
    %flag_get/vec4 4;
    %and;
T_1.2;
    %flag_set/vec4 8;
    %jmp/0xz  T_1.0, 8;
    %vpi_call 2 51 "$display", "case 1 :  Pass" {0 0 0};
    %jmp T_1.1;
T_1.0 ;
    %vpi_call 2 53 "$display", "Case 1 : failed" {0 0 0};
T_1.1 ;
    %pushi/vec4 1, 0, 4;
    %store/vec4 v0000021f153a66b0_0, 0, 4;
    %delay 10000, 0;
    %load/vec4 v0000021f153a5da0_0;
    %cmpi/e 0, 0, 1;
    %flag_get/vec4 4;
    %jmp/0 T_1.21, 4;
    %load/vec4 v0000021f153a6430_0;
    %pushi/vec4 1, 0, 1;
    %cmp/e;
    %flag_get/vec4 4;
    %and;
T_1.21;
    %flag_set/vec4 16;
    %flag_get/vec4 16;
    %jmp/0 T_1.20, 16;
    %load/vec4 v0000021f153a5e40_0;
    %pushi/vec4 0, 0, 1;
    %cmp/e;
    %flag_get/vec4 4;
    %and;
T_1.20;
    %flag_set/vec4 15;
    %flag_get/vec4 15;
    %jmp/0 T_1.19, 15;
    %load/vec4 v0000021f153a53b0_0;
    %pushi/vec4 0, 0, 1;
    %cmp/e;
    %flag_get/vec4 4;
    %and;
T_1.19;
    %flag_set/vec4 14;
    %flag_get/vec4 14;
    %jmp/0 T_1.18, 14;
    %load/vec4 v0000021f153a5d00_0;
    %pushi/vec4 0, 0, 1;
    %cmp/e;
    %flag_get/vec4 4;
    %and;
T_1.18;
    %flag_set/vec4 13;
    %flag_get/vec4 13;
    %jmp/0 T_1.17, 13;
    %load/vec4 v0000021f153a5450_0;
    %pushi/vec4 1, 0, 1;
    %cmp/e;
    %flag_get/vec4 4;
    %and;
T_1.17;
    %flag_set/vec4 12;
    %flag_get/vec4 12;
    %jmp/0 T_1.16, 12;
    %load/vec4 v0000021f153a5f30_0;
    %pushi/vec4 0, 0, 1;
    %cmp/e;
    %flag_get/vec4 4;
    %and;
T_1.16;
    %flag_set/vec4 11;
    %flag_get/vec4 11;
    %jmp/0 T_1.15, 11;
    %load/vec4 v0000021f153a64d0_0;
    %pushi/vec4 1, 0, 1;
    %cmp/e;
    %flag_get/vec4 4;
    %and;
T_1.15;
    %flag_set/vec4 10;
    %flag_get/vec4 10;
    %jmp/0 T_1.14, 10;
    %load/vec4 v0000021f153a6070_0;
    %pushi/vec4 0, 0, 1;
    %cmp/e;
    %flag_get/vec4 4;
    %and;
T_1.14;
    %flag_set/vec4 9;
    %flag_get/vec4 9;
    %jmp/0 T_1.13, 9;
    %load/vec4 v0000021f153a6110_0;
    %pushi/vec4 1, 0, 1;
    %cmp/e;
    %flag_get/vec4 4;
    %and;
T_1.13;
    %flag_set/vec4 8;
    %jmp/0xz  T_1.11, 8;
    %vpi_call 2 69 "$display", "case 2 :  Pass" {0 0 0};
    %jmp T_1.12;
T_1.11 ;
    %vpi_call 2 72 "$display", "Case 2 : failed" {0 0 0};
T_1.12 ;
    %pushi/vec4 2, 0, 4;
    %store/vec4 v0000021f153a66b0_0, 0, 4;
    %delay 10000, 0;
    %load/vec4 v0000021f153a5da0_0;
    %cmpi/e 0, 0, 1;
    %flag_get/vec4 4;
    %jmp/0 T_1.32, 4;
    %load/vec4 v0000021f153a6430_0;
    %pushi/vec4 0, 0, 1;
    %cmp/e;
    %flag_get/vec4 4;
    %and;
T_1.32;
    %flag_set/vec4 16;
    %flag_get/vec4 16;
    %jmp/0 T_1.31, 16;
    %load/vec4 v0000021f153a5e40_0;
    %pushi/vec4 1, 0, 1;
    %cmp/e;
    %flag_get/vec4 4;
    %and;
T_1.31;
    %flag_set/vec4 15;
    %flag_get/vec4 15;
    %jmp/0 T_1.30, 15;
    %load/vec4 v0000021f153a53b0_0;
    %pushi/vec4 0, 0, 1;
    %cmp/e;
    %flag_get/vec4 4;
    %and;
T_1.30;
    %flag_set/vec4 14;
    %flag_get/vec4 14;
    %jmp/0 T_1.29, 14;
    %load/vec4 v0000021f153a5d00_0;
    %pushi/vec4 0, 0, 1;
    %cmp/e;
    %flag_get/vec4 4;
    %and;
T_1.29;
    %flag_set/vec4 13;
    %flag_get/vec4 13;
    %jmp/0 T_1.28, 13;
    %load/vec4 v0000021f153a5450_0;
    %pushi/vec4 1, 0, 1;
    %cmp/e;
    %flag_get/vec4 4;
    %and;
T_1.28;
    %flag_set/vec4 12;
    %flag_get/vec4 12;
    %jmp/0 T_1.27, 12;
    %load/vec4 v0000021f153a5f30_0;
    %pushi/vec4 0, 0, 1;
    %cmp/e;
    %flag_get/vec4 4;
    %and;
T_1.27;
    %flag_set/vec4 11;
    %flag_get/vec4 11;
    %jmp/0 T_1.26, 11;
    %load/vec4 v0000021f153a64d0_0;
    %pushi/vec4 1, 0, 1;
    %cmp/e;
    %flag_get/vec4 4;
    %and;
T_1.26;
    %flag_set/vec4 10;
    %flag_get/vec4 10;
    %jmp/0 T_1.25, 10;
    %load/vec4 v0000021f153a6070_0;
    %pushi/vec4 0, 0, 1;
    %cmp/e;
    %flag_get/vec4 4;
    %and;
T_1.25;
    %flag_set/vec4 9;
    %flag_get/vec4 9;
    %jmp/0 T_1.24, 9;
    %load/vec4 v0000021f153a6110_0;
    %pushi/vec4 1, 0, 1;
    %cmp/e;
    %flag_get/vec4 4;
    %and;
T_1.24;
    %flag_set/vec4 8;
    %jmp/0xz  T_1.22, 8;
    %vpi_call 2 88 "$display", "case 3 :  Pass" {0 0 0};
    %jmp T_1.23;
T_1.22 ;
    %vpi_call 2 90 "$display", "Case 3 : failed" {0 0 0};
T_1.23 ;
    %pushi/vec4 3, 0, 4;
    %store/vec4 v0000021f153a66b0_0, 0, 4;
    %delay 10000, 0;
    %load/vec4 v0000021f153a5da0_0;
    %cmpi/e 0, 0, 1;
    %flag_get/vec4 4;
    %jmp/0 T_1.43, 4;
    %load/vec4 v0000021f153a6430_0;
    %pushi/vec4 0, 0, 1;
    %cmp/e;
    %flag_get/vec4 4;
    %and;
T_1.43;
    %flag_set/vec4 16;
    %flag_get/vec4 16;
    %jmp/0 T_1.42, 16;
    %load/vec4 v0000021f153a5e40_0;
    %pushi/vec4 1, 0, 1;
    %cmp/e;
    %flag_get/vec4 4;
    %and;
T_1.42;
    %flag_set/vec4 15;
    %flag_get/vec4 15;
    %jmp/0 T_1.41, 15;
    %load/vec4 v0000021f153a53b0_0;
    %pushi/vec4 0, 0, 1;
    %cmp/e;
    %flag_get/vec4 4;
    %and;
T_1.41;
    %flag_set/vec4 14;
    %flag_get/vec4 14;
    %jmp/0 T_1.40, 14;
    %load/vec4 v0000021f153a5d00_0;
    %pushi/vec4 0, 0, 1;
    %cmp/e;
    %flag_get/vec4 4;
    %and;
T_1.40;
    %flag_set/vec4 13;
    %flag_get/vec4 13;
    %jmp/0 T_1.39, 13;
    %load/vec4 v0000021f153a5450_0;
    %pushi/vec4 1, 0, 1;
    %cmp/e;
    %flag_get/vec4 4;
    %and;
T_1.39;
    %flag_set/vec4 12;
    %flag_get/vec4 12;
    %jmp/0 T_1.38, 12;
    %load/vec4 v0000021f153a5f30_0;
    %pushi/vec4 1, 0, 1;
    %cmp/e;
    %flag_get/vec4 4;
    %and;
T_1.38;
    %flag_set/vec4 11;
    %flag_get/vec4 11;
    %jmp/0 T_1.37, 11;
    %load/vec4 v0000021f153a64d0_0;
    %pushi/vec4 0, 0, 1;
    %cmp/e;
    %flag_get/vec4 4;
    %and;
T_1.37;
    %flag_set/vec4 10;
    %flag_get/vec4 10;
    %jmp/0 T_1.36, 10;
    %load/vec4 v0000021f153a6070_0;
    %pushi/vec4 0, 0, 1;
    %cmp/e;
    %flag_get/vec4 4;
    %and;
T_1.36;
    %flag_set/vec4 9;
    %flag_get/vec4 9;
    %jmp/0 T_1.35, 9;
    %load/vec4 v0000021f153a6110_0;
    %pushi/vec4 1, 0, 1;
    %cmp/e;
    %flag_get/vec4 4;
    %and;
T_1.35;
    %flag_set/vec4 8;
    %jmp/0xz  T_1.33, 8;
    %vpi_call 2 105 "$display", "case 4 :  Pass" {0 0 0};
    %jmp T_1.34;
T_1.33 ;
    %vpi_call 2 107 "$display", "Case 4 : failed" {0 0 0};
T_1.34 ;
    %pushi/vec4 4, 0, 4;
    %store/vec4 v0000021f153a66b0_0, 0, 4;
    %delay 10000, 0;
    %load/vec4 v0000021f153a5da0_0;
    %cmpi/e 1, 0, 1;
    %flag_get/vec4 4;
    %jmp/0 T_1.54, 4;
    %load/vec4 v0000021f153a6430_0;
    %pushi/vec4 0, 0, 1;
    %cmp/e;
    %flag_get/vec4 4;
    %and;
T_1.54;
    %flag_set/vec4 16;
    %flag_get/vec4 16;
    %jmp/0 T_1.53, 16;
    %load/vec4 v0000021f153a5e40_0;
    %pushi/vec4 0, 0, 1;
    %cmp/e;
    %flag_get/vec4 4;
    %and;
T_1.53;
    %flag_set/vec4 15;
    %flag_get/vec4 15;
    %jmp/0 T_1.52, 15;
    %load/vec4 v0000021f153a53b0_0;
    %pushi/vec4 0, 0, 1;
    %cmp/e;
    %flag_get/vec4 4;
    %and;
T_1.52;
    %flag_set/vec4 14;
    %flag_get/vec4 14;
    %jmp/0 T_1.51, 14;
    %load/vec4 v0000021f153a5d00_0;
    %pushi/vec4 0, 0, 1;
    %cmp/e;
    %flag_get/vec4 4;
    %and;
T_1.51;
    %flag_set/vec4 13;
    %flag_get/vec4 13;
    %jmp/0 T_1.50, 13;
    %load/vec4 v0000021f153a5450_0;
    %pushi/vec4 1, 0, 1;
    %cmp/e;
    %flag_get/vec4 4;
    %and;
T_1.50;
    %flag_set/vec4 12;
    %flag_get/vec4 12;
    %jmp/0 T_1.49, 12;
    %load/vec4 v0000021f153a5f30_0;
    %pushi/vec4 0, 0, 1;
    %cmp/e;
    %flag_get/vec4 4;
    %and;
T_1.49;
    %flag_set/vec4 11;
    %flag_get/vec4 11;
    %jmp/0 T_1.48, 11;
    %load/vec4 v0000021f153a64d0_0;
    %pushi/vec4 1, 0, 1;
    %cmp/e;
    %flag_get/vec4 4;
    %and;
T_1.48;
    %flag_set/vec4 10;
    %flag_get/vec4 10;
    %jmp/0 T_1.47, 10;
    %load/vec4 v0000021f153a6070_0;
    %pushi/vec4 0, 0, 1;
    %cmp/e;
    %flag_get/vec4 4;
    %and;
T_1.47;
    %flag_set/vec4 9;
    %flag_get/vec4 9;
    %jmp/0 T_1.46, 9;
    %load/vec4 v0000021f153a6110_0;
    %pushi/vec4 1, 0, 1;
    %cmp/e;
    %flag_get/vec4 4;
    %and;
T_1.46;
    %flag_set/vec4 8;
    %jmp/0xz  T_1.44, 8;
    %vpi_call 2 114 "$display", "case 5 :  Pass" {0 0 0};
    %jmp T_1.45;
T_1.44 ;
    %vpi_call 2 116 "$display", "Case 5 : failed" {0 0 0};
T_1.45 ;
    %pushi/vec4 5, 0, 4;
    %store/vec4 v0000021f153a66b0_0, 0, 4;
    %delay 10000, 0;
    %load/vec4 v0000021f153a5da0_0;
    %cmpi/e 0, 0, 1;
    %flag_get/vec4 4;
    %jmp/0 T_1.65, 4;
    %load/vec4 v0000021f153a6430_0;
    %pushi/vec4 0, 0, 1;
    %cmp/e;
    %flag_get/vec4 4;
    %and;
T_1.65;
    %flag_set/vec4 16;
    %flag_get/vec4 16;
    %jmp/0 T_1.64, 16;
    %load/vec4 v0000021f153a5e40_0;
    %pushi/vec4 1, 0, 1;
    %cmp/e;
    %flag_get/vec4 4;
    %and;
T_1.64;
    %flag_set/vec4 15;
    %flag_get/vec4 15;
    %jmp/0 T_1.63, 15;
    %load/vec4 v0000021f153a53b0_0;
    %pushi/vec4 1, 0, 1;
    %cmp/e;
    %flag_get/vec4 4;
    %and;
T_1.63;
    %flag_set/vec4 14;
    %flag_get/vec4 14;
    %jmp/0 T_1.62, 14;
    %load/vec4 v0000021f153a5d00_0;
    %pushi/vec4 0, 0, 1;
    %cmp/e;
    %flag_get/vec4 4;
    %and;
T_1.62;
    %flag_set/vec4 13;
    %flag_get/vec4 13;
    %jmp/0 T_1.61, 13;
    %load/vec4 v0000021f153a5450_0;
    %pushi/vec4 0, 0, 1;
    %cmp/e;
    %flag_get/vec4 4;
    %and;
T_1.61;
    %flag_set/vec4 12;
    %flag_get/vec4 12;
    %jmp/0 T_1.60, 12;
    %load/vec4 v0000021f153a5f30_0;
    %pushi/vec4 0, 0, 1;
    %cmp/e;
    %flag_get/vec4 4;
    %and;
T_1.60;
    %flag_set/vec4 11;
    %flag_get/vec4 11;
    %jmp/0 T_1.59, 11;
    %load/vec4 v0000021f153a64d0_0;
    %pushi/vec4 1, 0, 1;
    %cmp/e;
    %flag_get/vec4 4;
    %and;
T_1.59;
    %flag_set/vec4 10;
    %flag_get/vec4 10;
    %jmp/0 T_1.58, 10;
    %load/vec4 v0000021f153a6070_0;
    %pushi/vec4 0, 0, 1;
    %cmp/e;
    %flag_get/vec4 4;
    %and;
T_1.58;
    %flag_set/vec4 9;
    %flag_get/vec4 9;
    %jmp/0 T_1.57, 9;
    %load/vec4 v0000021f153a6110_0;
    %pushi/vec4 1, 0, 1;
    %cmp/e;
    %flag_get/vec4 4;
    %and;
T_1.57;
    %flag_set/vec4 8;
    %jmp/0xz  T_1.55, 8;
    %vpi_call 2 131 "$display", "case 6 :  Pass" {0 0 0};
    %jmp T_1.56;
T_1.55 ;
    %vpi_call 2 133 "$display", "Case 6 : failed" {0 0 0};
T_1.56 ;
    %pushi/vec4 6, 0, 4;
    %store/vec4 v0000021f153a66b0_0, 0, 4;
    %delay 10000, 0;
    %load/vec4 v0000021f153a5da0_0;
    %cmpi/e 0, 0, 1;
    %flag_get/vec4 4;
    %jmp/0 T_1.76, 4;
    %load/vec4 v0000021f153a6430_0;
    %pushi/vec4 0, 0, 1;
    %cmp/e;
    %flag_get/vec4 4;
    %and;
T_1.76;
    %flag_set/vec4 16;
    %flag_get/vec4 16;
    %jmp/0 T_1.75, 16;
    %load/vec4 v0000021f153a5e40_0;
    %pushi/vec4 1, 0, 1;
    %cmp/e;
    %flag_get/vec4 4;
    %and;
T_1.75;
    %flag_set/vec4 15;
    %flag_get/vec4 15;
    %jmp/0 T_1.74, 15;
    %load/vec4 v0000021f153a53b0_0;
    %pushi/vec4 0, 0, 1;
    %cmp/e;
    %flag_get/vec4 4;
    %and;
T_1.74;
    %flag_set/vec4 14;
    %flag_get/vec4 14;
    %jmp/0 T_1.73, 14;
    %load/vec4 v0000021f153a5d00_0;
    %pushi/vec4 1, 0, 1;
    %cmp/e;
    %flag_get/vec4 4;
    %and;
T_1.73;
    %flag_set/vec4 13;
    %flag_get/vec4 13;
    %jmp/0 T_1.72, 13;
    %load/vec4 v0000021f153a5450_0;
    %pushi/vec4 0, 0, 1;
    %cmp/e;
    %flag_get/vec4 4;
    %and;
T_1.72;
    %flag_set/vec4 12;
    %flag_get/vec4 12;
    %jmp/0 T_1.71, 12;
    %load/vec4 v0000021f153a5f30_0;
    %pushi/vec4 0, 0, 1;
    %cmp/e;
    %flag_get/vec4 4;
    %and;
T_1.71;
    %flag_set/vec4 11;
    %flag_get/vec4 11;
    %jmp/0 T_1.70, 11;
    %load/vec4 v0000021f153a64d0_0;
    %pushi/vec4 1, 0, 1;
    %cmp/e;
    %flag_get/vec4 4;
    %and;
T_1.70;
    %flag_set/vec4 10;
    %flag_get/vec4 10;
    %jmp/0 T_1.69, 10;
    %load/vec4 v0000021f153a6070_0;
    %pushi/vec4 0, 0, 1;
    %cmp/e;
    %flag_get/vec4 4;
    %and;
T_1.69;
    %flag_set/vec4 9;
    %flag_get/vec4 9;
    %jmp/0 T_1.68, 9;
    %load/vec4 v0000021f153a6110_0;
    %pushi/vec4 1, 0, 1;
    %cmp/e;
    %flag_get/vec4 4;
    %and;
T_1.68;
    %flag_set/vec4 8;
    %jmp/0xz  T_1.66, 8;
    %vpi_call 2 148 "$display", "case 7 :  Pass" {0 0 0};
    %jmp T_1.67;
T_1.66 ;
    %vpi_call 2 150 "$display", "Case 7 : failed" {0 0 0};
T_1.67 ;
    %pushi/vec4 7, 0, 4;
    %store/vec4 v0000021f153a66b0_0, 0, 4;
    %delay 10000, 0;
    %load/vec4 v0000021f153a5da0_0;
    %cmpi/e 0, 0, 1;
    %flag_get/vec4 4;
    %jmp/0 T_1.87, 4;
    %load/vec4 v0000021f153a6430_0;
    %pushi/vec4 0, 0, 1;
    %cmp/e;
    %flag_get/vec4 4;
    %and;
T_1.87;
    %flag_set/vec4 16;
    %flag_get/vec4 16;
    %jmp/0 T_1.86, 16;
    %load/vec4 v0000021f153a5e40_0;
    %pushi/vec4 1, 0, 1;
    %cmp/e;
    %flag_get/vec4 4;
    %and;
T_1.86;
    %flag_set/vec4 15;
    %flag_get/vec4 15;
    %jmp/0 T_1.85, 15;
    %load/vec4 v0000021f153a53b0_0;
    %pushi/vec4 0, 0, 1;
    %cmp/e;
    %flag_get/vec4 4;
    %and;
T_1.85;
    %flag_set/vec4 14;
    %flag_get/vec4 14;
    %jmp/0 T_1.84, 14;
    %load/vec4 v0000021f153a5d00_0;
    %pushi/vec4 0, 0, 1;
    %cmp/e;
    %flag_get/vec4 4;
    %and;
T_1.84;
    %flag_set/vec4 13;
    %flag_get/vec4 13;
    %jmp/0 T_1.83, 13;
    %load/vec4 v0000021f153a5450_0;
    %pushi/vec4 1, 0, 1;
    %cmp/e;
    %flag_get/vec4 4;
    %and;
T_1.83;
    %flag_set/vec4 12;
    %flag_get/vec4 12;
    %jmp/0 T_1.82, 12;
    %load/vec4 v0000021f153a5f30_0;
    %pushi/vec4 0, 0, 1;
    %cmp/e;
    %flag_get/vec4 4;
    %and;
T_1.82;
    %flag_set/vec4 11;
    %flag_get/vec4 11;
    %jmp/0 T_1.81, 11;
    %load/vec4 v0000021f153a64d0_0;
    %pushi/vec4 1, 0, 1;
    %cmp/e;
    %flag_get/vec4 4;
    %and;
T_1.81;
    %flag_set/vec4 10;
    %flag_get/vec4 10;
    %jmp/0 T_1.80, 10;
    %load/vec4 v0000021f153a6070_0;
    %pushi/vec4 0, 0, 1;
    %cmp/e;
    %flag_get/vec4 4;
    %and;
T_1.80;
    %flag_set/vec4 9;
    %flag_get/vec4 9;
    %jmp/0 T_1.79, 9;
    %load/vec4 v0000021f153a6110_0;
    %pushi/vec4 1, 0, 1;
    %cmp/e;
    %flag_get/vec4 4;
    %and;
T_1.79;
    %flag_set/vec4 8;
    %jmp/0xz  T_1.77, 8;
    %vpi_call 2 166 "$display", "case 8 :  Pass" {0 0 0};
    %jmp T_1.78;
T_1.77 ;
    %vpi_call 2 168 "$display", "Case 8 : failed" {0 0 0};
T_1.78 ;
    %pushi/vec4 8, 0, 4;
    %store/vec4 v0000021f153a66b0_0, 0, 4;
    %delay 10000, 0;
    %load/vec4 v0000021f153a5da0_0;
    %cmpi/e 0, 0, 1;
    %flag_get/vec4 4;
    %jmp/0 T_1.98, 4;
    %load/vec4 v0000021f153a6430_0;
    %pushi/vec4 0, 0, 1;
    %cmp/e;
    %flag_get/vec4 4;
    %and;
T_1.98;
    %flag_set/vec4 16;
    %flag_get/vec4 16;
    %jmp/0 T_1.97, 16;
    %load/vec4 v0000021f153a5e40_0;
    %pushi/vec4 1, 0, 1;
    %cmp/e;
    %flag_get/vec4 4;
    %and;
T_1.97;
    %flag_set/vec4 15;
    %flag_get/vec4 15;
    %jmp/0 T_1.96, 15;
    %load/vec4 v0000021f153a53b0_0;
    %pushi/vec4 0, 0, 1;
    %cmp/e;
    %flag_get/vec4 4;
    %and;
T_1.96;
    %flag_set/vec4 14;
    %flag_get/vec4 14;
    %jmp/0 T_1.95, 14;
    %load/vec4 v0000021f153a5d00_0;
    %pushi/vec4 0, 0, 1;
    %cmp/e;
    %flag_get/vec4 4;
    %and;
T_1.95;
    %flag_set/vec4 13;
    %flag_get/vec4 13;
    %jmp/0 T_1.94, 13;
    %load/vec4 v0000021f153a5450_0;
    %pushi/vec4 1, 0, 1;
    %cmp/e;
    %flag_get/vec4 4;
    %and;
T_1.94;
    %flag_set/vec4 12;
    %flag_get/vec4 12;
    %jmp/0 T_1.93, 12;
    %load/vec4 v0000021f153a5f30_0;
    %pushi/vec4 0, 0, 1;
    %cmp/e;
    %flag_get/vec4 4;
    %and;
T_1.93;
    %flag_set/vec4 11;
    %flag_get/vec4 11;
    %jmp/0 T_1.92, 11;
    %load/vec4 v0000021f153a64d0_0;
    %pushi/vec4 1, 0, 1;
    %cmp/e;
    %flag_get/vec4 4;
    %and;
T_1.92;
    %flag_set/vec4 10;
    %flag_get/vec4 10;
    %jmp/0 T_1.91, 10;
    %load/vec4 v0000021f153a6070_0;
    %pushi/vec4 1, 0, 1;
    %cmp/e;
    %flag_get/vec4 4;
    %and;
T_1.91;
    %flag_set/vec4 9;
    %flag_get/vec4 9;
    %jmp/0 T_1.90, 9;
    %load/vec4 v0000021f153a6110_0;
    %pushi/vec4 0, 0, 1;
    %cmp/e;
    %flag_get/vec4 4;
    %and;
T_1.90;
    %flag_set/vec4 8;
    %jmp/0xz  T_1.88, 8;
    %vpi_call 2 184 "$display", "case 9 :  Pass" {0 0 0};
    %jmp T_1.89;
T_1.88 ;
    %vpi_call 2 186 "$display", "Case 9 : failed" {0 0 0};
T_1.89 ;
    %pushi/vec4 9, 0, 4;
    %store/vec4 v0000021f153a66b0_0, 0, 4;
    %delay 10000, 0;
    %load/vec4 v0000021f153a5da0_0;
    %cmpi/e 0, 0, 1;
    %flag_get/vec4 4;
    %jmp/0 T_1.109, 4;
    %load/vec4 v0000021f153a6430_0;
    %pushi/vec4 0, 0, 1;
    %cmp/e;
    %flag_get/vec4 4;
    %and;
T_1.109;
    %flag_set/vec4 16;
    %flag_get/vec4 16;
    %jmp/0 T_1.108, 16;
    %load/vec4 v0000021f153a5e40_0;
    %pushi/vec4 1, 0, 1;
    %cmp/e;
    %flag_get/vec4 4;
    %and;
T_1.108;
    %flag_set/vec4 15;
    %flag_get/vec4 15;
    %jmp/0 T_1.107, 15;
    %load/vec4 v0000021f153a53b0_0;
    %pushi/vec4 1, 0, 1;
    %cmp/e;
    %flag_get/vec4 4;
    %and;
T_1.107;
    %flag_set/vec4 14;
    %flag_get/vec4 14;
    %jmp/0 T_1.106, 14;
    %load/vec4 v0000021f153a5d00_0;
    %pushi/vec4 0, 0, 1;
    %cmp/e;
    %flag_get/vec4 4;
    %and;
T_1.106;
    %flag_set/vec4 13;
    %flag_get/vec4 13;
    %jmp/0 T_1.105, 13;
    %load/vec4 v0000021f153a5450_0;
    %pushi/vec4 0, 0, 1;
    %cmp/e;
    %flag_get/vec4 4;
    %and;
T_1.105;
    %flag_set/vec4 12;
    %flag_get/vec4 12;
    %jmp/0 T_1.104, 12;
    %load/vec4 v0000021f153a5f30_0;
    %pushi/vec4 0, 0, 1;
    %cmp/e;
    %flag_get/vec4 4;
    %and;
T_1.104;
    %flag_set/vec4 11;
    %flag_get/vec4 11;
    %jmp/0 T_1.103, 11;
    %load/vec4 v0000021f153a64d0_0;
    %pushi/vec4 1, 0, 1;
    %cmp/e;
    %flag_get/vec4 4;
    %and;
T_1.103;
    %flag_set/vec4 10;
    %flag_get/vec4 10;
    %jmp/0 T_1.102, 10;
    %load/vec4 v0000021f153a6070_0;
    %pushi/vec4 0, 0, 1;
    %cmp/e;
    %flag_get/vec4 4;
    %and;
T_1.102;
    %flag_set/vec4 9;
    %flag_get/vec4 9;
    %jmp/0 T_1.101, 9;
    %load/vec4 v0000021f153a6110_0;
    %pushi/vec4 1, 0, 1;
    %cmp/e;
    %flag_get/vec4 4;
    %and;
T_1.101;
    %flag_set/vec4 8;
    %jmp/0xz  T_1.99, 8;
    %vpi_call 2 201 "$display", "case 10 :  Pass" {0 0 0};
    %jmp T_1.100;
T_1.99 ;
    %vpi_call 2 203 "$display", "Case 10 : failed" {0 0 0};
T_1.100 ;
    %end;
    .thread T_1;
# The file index is used to find the file name in the following table.
:file_names 4;
    "N/A";
    "<interactive>";
    "tb/output_logic_TB.v";
    "rtl/output_logic.v";
