#! /c/Source/iverilog-install/bin/vvp
:ivl_version "12.0 (devel)" "(s20150603-1539-g2693dd32b)";
:ivl_delay_selection "TYPICAL";
:vpi_time_precision - 12;
:vpi_module "C:\iverilog\lib\ivl\system.vpi";
:vpi_module "C:\iverilog\lib\ivl\vhdl_sys.vpi";
:vpi_module "C:\iverilog\lib\ivl\vhdl_textio.vpi";
:vpi_module "C:\iverilog\lib\ivl\v2005_math.vpi";
:vpi_module "C:\iverilog\lib\ivl\va_math.vpi";
S_000001b63811bde0 .scope module, "state_register_tb" "state_register_tb" 2 3;
 .timescale -9 -12;
P_000001b63811cfb0 .param/l "S0" 1 2 10, C4<0000>;
P_000001b63811cfe8 .param/l "S1" 1 2 11, C4<0001>;
P_000001b63811d020 .param/l "S2" 1 2 12, C4<0010>;
P_000001b63811d058 .param/l "S3" 1 2 13, C4<0011>;
P_000001b63811d090 .param/l "S4" 1 2 14, C4<0100>;
P_000001b63811d0c8 .param/l "S5" 1 2 15, C4<0101>;
P_000001b63811d100 .param/l "S6" 1 2 16, C4<0110>;
P_000001b63811d138 .param/l "S7" 1 2 17, C4<0111>;
P_000001b63811d170 .param/l "S8" 1 2 18, C4<1000>;
P_000001b63811d1a8 .param/l "S9" 1 2 19, C4<1001>;
v000001b638154e30_0 .var "clk", 0 0;
v000001b6381551e0_0 .net "current_state", 3 0, v000001b6381330d0_0;  1 drivers
v000001b638155280_0 .var "next_state", 3 0;
v000001b638132a70_0 .var "reset", 0 0;
S_000001b63811d1f0 .scope module, "dut" "state_register" 2 21, 3 3 0, S_000001b63811bde0;
 .timescale -9 -12;
    .port_info 0 /INPUT 1 "clk";
    .port_info 1 /INPUT 1 "reset";
    .port_info 2 /INPUT 4 "next_state";
    .port_info 3 /OUTPUT 4 "current_state";
P_000001b638132830 .param/l "S0" 1 3 12, C4<0000>;
P_000001b638132868 .param/l "S1" 1 3 13, C4<0001>;
P_000001b6381328a0 .param/l "S2" 1 3 14, C4<0010>;
P_000001b6381328d8 .param/l "S3" 1 3 15, C4<0011>;
P_000001b638132910 .param/l "S4" 1 3 16, C4<0100>;
P_000001b638132948 .param/l "S5" 1 3 17, C4<0101>;
P_000001b638132980 .param/l "S6" 1 3 18, C4<0110>;
P_000001b6381329b8 .param/l "S7" 1 3 19, C4<0111>;
P_000001b6381329f0 .param/l "S8" 1 3 20, C4<1000>;
P_000001b638132a28 .param/l "S9" 1 3 21, C4<1001>;
v000001b638132eb0_0 .net "clk", 0 0, v000001b638154e30_0;  1 drivers
v000001b6381330d0_0 .var "current_state", 3 0;
v000001b63811d380_0 .net "next_state", 3 0, v000001b638155280_0;  1 drivers
v000001b638154d90_0 .net "reset", 0 0, v000001b638132a70_0;  1 drivers
E_000001b63816b5f0 .event posedge, v000001b638132eb0_0;
    .scope S_000001b63811d1f0;
T_0 ;
    %wait E_000001b63816b5f0;
    %load/vec4 v000001b638154d90_0;
    %flag_set/vec4 8;
    %jmp/0xz  T_0.0, 8;
    %pushi/vec4 0, 0, 4;
    %assign/vec4 v000001b6381330d0_0, 0;
    %jmp T_0.1;
T_0.0 ;
    %load/vec4 v000001b63811d380_0;
    %assign/vec4 v000001b6381330d0_0, 0;
T_0.1 ;
    %jmp T_0;
    .thread T_0;
    .scope S_000001b63811bde0;
T_1 ;
    %pushi/vec4 0, 0, 1;
    %store/vec4 v000001b638154e30_0, 0, 1;
    %end;
    .thread T_1;
    .scope S_000001b63811bde0;
T_2 ;
    %delay 5000, 0;
    %load/vec4 v000001b638154e30_0;
    %inv;
    %store/vec4 v000001b638154e30_0, 0, 1;
    %jmp T_2;
    .thread T_2;
    .scope S_000001b63811bde0;
T_3 ;
    %vpi_call 2 33 "$dumpfile", "wave/state_register.vcd" {0 0 0};
    %vpi_call 2 34 "$dumpvars", 32'sb00000000000000000000000000000000, S_000001b63811bde0 {0 0 0};
    %end;
    .thread T_3;
    .scope S_000001b63811bde0;
T_4 ;
    %wait E_000001b63816b5f0;
    %pushi/vec4 1, 0, 1;
    %store/vec4 v000001b638132a70_0, 0, 1;
    %pushi/vec4 7, 0, 4;
    %store/vec4 v000001b638155280_0, 0, 4;
    %wait E_000001b63816b5f0;
    %load/vec4 v000001b6381551e0_0;
    %cmpi/e 0, 0, 4;
    %jmp/0xz  T_4.0, 4;
    %vpi_call 2 43 "$display", "case 1 Pass" {0 0 0};
    %jmp T_4.1;
T_4.0 ;
    %vpi_call 2 45 "$display", "case 1 fail" {0 0 0};
T_4.1 ;
    %pushi/vec4 0, 0, 1;
    %store/vec4 v000001b638132a70_0, 0, 1;
    %wait E_000001b63816b5f0;
    %pushi/vec4 2, 0, 4;
    %store/vec4 v000001b638155280_0, 0, 4;
    %wait E_000001b63816b5f0;
    %delay 1000, 0;
    %load/vec4 v000001b6381551e0_0;
    %cmpi/e 2, 0, 4;
    %jmp/0xz  T_4.2, 4;
    %vpi_call 2 55 "$display", "case 2 Pass" {0 0 0};
    %jmp T_4.3;
T_4.2 ;
    %vpi_call 2 57 "$display", "case 2 fail" {0 0 0};
T_4.3 ;
    %pushi/vec4 3, 0, 4;
    %store/vec4 v000001b638155280_0, 0, 4;
    %wait E_000001b63816b5f0;
    %delay 1000, 0;
    %load/vec4 v000001b6381551e0_0;
    %cmpi/e 3, 0, 4;
    %jmp/0xz  T_4.4, 4;
    %vpi_call 2 64 "$display", "case 3 Pass" {0 0 0};
    %jmp T_4.5;
T_4.4 ;
    %vpi_call 2 66 "$display", "case 3 fail" {0 0 0};
T_4.5 ;
    %pushi/vec4 6, 0, 4;
    %store/vec4 v000001b638155280_0, 0, 4;
    %delay 3000, 0;
    %load/vec4 v000001b6381551e0_0;
    %cmpi/e 3, 0, 4;
    %jmp/0xz  T_4.6, 4;
    %vpi_call 2 73 "$display", "case 4A Pass" {0 0 0};
    %jmp T_4.7;
T_4.6 ;
    %vpi_call 2 75 "$display", "case 4A Fail" {0 0 0};
T_4.7 ;
    %wait E_000001b63816b5f0;
    %delay 1000, 0;
    %load/vec4 v000001b6381551e0_0;
    %cmpi/e 6, 0, 4;
    %jmp/0xz  T_4.8, 4;
    %vpi_call 2 80 "$display", "case 4 Pass" {0 0 0};
    %jmp T_4.9;
T_4.8 ;
    %vpi_call 2 82 "$display", "case 4 Fail" {0 0 0};
T_4.9 ;
    %vpi_call 2 84 "$finish" {0 0 0};
    %end;
    .thread T_4;
# The file index is used to find the file name in the following table.
:file_names 4;
    "N/A";
    "<interactive>";
    "tb/state_register_TB.v";
    "rtl/state_register.v";
