#! /c/Source/iverilog-install/bin/vvp
:ivl_version "12.0 (devel)" "(s20150603-1539-g2693dd32b)";
:ivl_delay_selection "TYPICAL";
:vpi_time_precision - 12;
:vpi_module "C:\iverilog\lib\ivl\system.vpi";
:vpi_module "C:\iverilog\lib\ivl\vhdl_sys.vpi";
:vpi_module "C:\iverilog\lib\ivl\vhdl_textio.vpi";
:vpi_module "C:\iverilog\lib\ivl\v2005_math.vpi";
:vpi_module "C:\iverilog\lib\ivl\va_math.vpi";
S_000001f9f9d45290 .scope module, "timer_TB" "timer_TB" 2 2;
 .timescale -9 -12;
v000001f9f9d0bd20_0 .var "clk", 0 0;
v000001f9f9d22ce0_0 .var "reset", 0 0;
v000001f9f9d22d80_0 .var "target_count", 4 0;
v000001f9f9d22e20_0 .var "timer_clear", 0 0;
v000001f9f9d22ec0_0 .net "timer_done", 0 0, L_000001f9f9d22f60;  1 drivers
S_000001f9f9d45420 .scope module, "dut" "timer" 2 10, 3 3 0, S_000001f9f9d45290;
 .timescale -9 -12;
    .port_info 0 /INPUT 1 "clk";
    .port_info 1 /INPUT 1 "reset";
    .port_info 2 /INPUT 1 "timer_clear";
    .port_info 3 /INPUT 5 "target_count";
    .port_info 4 /OUTPUT 1 "timer_done";
v000001f9f9d23360_0 .net "clk", 0 0, v000001f9f9d0bd20_0;  1 drivers
v000001f9f9d0ba00_0 .var "count", 4 0;
v000001f9f9d0baa0_0 .net "reset", 0 0, v000001f9f9d22ce0_0;  1 drivers
v000001f9f9d0bb40_0 .net "target_count", 4 0, v000001f9f9d22d80_0;  1 drivers
v000001f9f9d0bbe0_0 .net "timer_clear", 0 0, v000001f9f9d22e20_0;  1 drivers
v000001f9f9d0bc80_0 .net "timer_done", 0 0, L_000001f9f9d22f60;  alias, 1 drivers
E_000001f9f9d08980 .event posedge, v000001f9f9d23360_0;
L_000001f9f9d22f60 .cmp/ge 5, v000001f9f9d0ba00_0, v000001f9f9d22d80_0;
    .scope S_000001f9f9d45420;
T_0 ;
    %wait E_000001f9f9d08980;
    %vpi_call 3 16 "$display", "[%0t] reset=%b timer_clear=%b count=%d target=%d", $time, v000001f9f9d0baa0_0, v000001f9f9d0bbe0_0, v000001f9f9d0ba00_0, v000001f9f9d0bb40_0 {0 0 0};
    %load/vec4 v000001f9f9d0baa0_0;
    %flag_set/vec4 8;
    %jmp/0xz  T_0.0, 8;
    %pushi/vec4 0, 0, 5;
    %assign/vec4 v000001f9f9d0ba00_0, 0;
    %jmp T_0.1;
T_0.0 ;
    %load/vec4 v000001f9f9d0bbe0_0;
    %flag_set/vec4 8;
    %jmp/0xz  T_0.2, 8;
    %pushi/vec4 0, 0, 5;
    %assign/vec4 v000001f9f9d0ba00_0, 0;
    %jmp T_0.3;
T_0.2 ;
    %load/vec4 v000001f9f9d0ba00_0;
    %load/vec4 v000001f9f9d0bb40_0;
    %cmp/u;
    %jmp/0xz  T_0.4, 5;
    %load/vec4 v000001f9f9d0ba00_0;
    %addi 1, 0, 5;
    %assign/vec4 v000001f9f9d0ba00_0, 0;
T_0.4 ;
T_0.3 ;
T_0.1 ;
    %jmp T_0;
    .thread T_0;
    .scope S_000001f9f9d45290;
T_1 ;
    %pushi/vec4 0, 0, 1;
    %store/vec4 v000001f9f9d0bd20_0, 0, 1;
    %end;
    .thread T_1;
    .scope S_000001f9f9d45290;
T_2 ;
    %delay 5000, 0;
    %load/vec4 v000001f9f9d0bd20_0;
    %inv;
    %store/vec4 v000001f9f9d0bd20_0, 0, 1;
    %jmp T_2;
    .thread T_2;
    .scope S_000001f9f9d45290;
T_3 ;
    %vpi_call 2 27 "$dumpfile", "wave/timer_wave.vcd" {0 0 0};
    %vpi_call 2 28 "$dumpvars", 32'sb00000000000000000000000000000000, S_000001f9f9d45290 {0 0 0};
    %end;
    .thread T_3;
    .scope S_000001f9f9d45290;
T_4 ;
    %wait E_000001f9f9d08980;
    %pushi/vec4 1, 0, 1;
    %store/vec4 v000001f9f9d22ce0_0, 0, 1;
    %pushi/vec4 0, 0, 1;
    %store/vec4 v000001f9f9d22e20_0, 0, 1;
    %pushi/vec4 30, 0, 5;
    %store/vec4 v000001f9f9d22d80_0, 0, 5;
    %wait E_000001f9f9d08980;
    %pushi/vec4 0, 0, 1;
    %store/vec4 v000001f9f9d22ce0_0, 0, 1;
    %wait E_000001f9f9d08980;
    %pushi/vec4 0, 0, 1;
    %store/vec4 v000001f9f9d22ce0_0, 0, 1;
    %pushi/vec4 1, 0, 1;
    %store/vec4 v000001f9f9d22e20_0, 0, 1;
    %pushi/vec4 30, 0, 5;
    %store/vec4 v000001f9f9d22d80_0, 0, 5;
    %wait E_000001f9f9d08980;
    %pushi/vec4 0, 0, 1;
    %store/vec4 v000001f9f9d22e20_0, 0, 1;
    %wait E_000001f9f9d08980;
    %pushi/vec4 0, 0, 1;
    %store/vec4 v000001f9f9d22ce0_0, 0, 1;
    %pushi/vec4 0, 0, 1;
    %store/vec4 v000001f9f9d22e20_0, 0, 1;
    %pushi/vec4 30, 0, 5;
    %store/vec4 v000001f9f9d22d80_0, 0, 5;
    %pushi/vec4 30, 0, 32;
T_4.0 %dup/vec4;
    %pushi/vec4 0, 0, 32;
    %cmp/s;
    %jmp/1xz T_4.1, 5;
    %jmp/1 T_4.1, 4;
    %pushi/vec4 1, 0, 32;
    %sub;
    %wait E_000001f9f9d08980;
    %jmp T_4.0;
T_4.1 ;
    %pop/vec4 1;
    %pushi/vec4 1, 0, 1;
    %store/vec4 v000001f9f9d22e20_0, 0, 1;
    %wait E_000001f9f9d08980;
    %pushi/vec4 0, 0, 1;
    %store/vec4 v000001f9f9d22e20_0, 0, 1;
    %wait E_000001f9f9d08980;
    %pushi/vec4 0, 0, 1;
    %store/vec4 v000001f9f9d22ce0_0, 0, 1;
    %pushi/vec4 0, 0, 1;
    %store/vec4 v000001f9f9d22e20_0, 0, 1;
    %pushi/vec4 10, 0, 5;
    %store/vec4 v000001f9f9d22d80_0, 0, 5;
    %pushi/vec4 10, 0, 32;
T_4.2 %dup/vec4;
    %pushi/vec4 0, 0, 32;
    %cmp/s;
    %jmp/1xz T_4.3, 5;
    %jmp/1 T_4.3, 4;
    %pushi/vec4 1, 0, 32;
    %sub;
    %wait E_000001f9f9d08980;
    %jmp T_4.2;
T_4.3 ;
    %pop/vec4 1;
    %pushi/vec4 1, 0, 1;
    %store/vec4 v000001f9f9d22e20_0, 0, 1;
    %wait E_000001f9f9d08980;
    %pushi/vec4 0, 0, 1;
    %store/vec4 v000001f9f9d22e20_0, 0, 1;
    %wait E_000001f9f9d08980;
    %pushi/vec4 0, 0, 1;
    %store/vec4 v000001f9f9d22ce0_0, 0, 1;
    %pushi/vec4 0, 0, 1;
    %store/vec4 v000001f9f9d22e20_0, 0, 1;
    %pushi/vec4 5, 0, 5;
    %store/vec4 v000001f9f9d22d80_0, 0, 5;
    %pushi/vec4 10, 0, 32;
T_4.4 %dup/vec4;
    %pushi/vec4 0, 0, 32;
    %cmp/s;
    %jmp/1xz T_4.5, 5;
    %jmp/1 T_4.5, 4;
    %pushi/vec4 1, 0, 32;
    %sub;
    %wait E_000001f9f9d08980;
    %jmp T_4.4;
T_4.5 ;
    %pop/vec4 1;
    %pushi/vec4 1, 0, 1;
    %store/vec4 v000001f9f9d22e20_0, 0, 1;
    %wait E_000001f9f9d08980;
    %pushi/vec4 0, 0, 1;
    %store/vec4 v000001f9f9d22e20_0, 0, 1;
    %wait E_000001f9f9d08980;
    %vpi_call 2 69 "$finish" {0 0 0};
    %end;
    .thread T_4;
# The file index is used to find the file name in the following table.
:file_names 4;
    "N/A";
    "<interactive>";
    "tb/timer_TB.v";
    "rtl/timer.v";
