#! /c/Source/iverilog-install/bin/vvp
:ivl_version "12.0 (devel)" "(s20150603-1539-g2693dd32b)";
:ivl_delay_selection "TYPICAL";
:vpi_time_precision - 12;
:vpi_module "C:\iverilog\lib\ivl\system.vpi";
:vpi_module "C:\iverilog\lib\ivl\vhdl_sys.vpi";
:vpi_module "C:\iverilog\lib\ivl\vhdl_textio.vpi";
:vpi_module "C:\iverilog\lib\ivl\v2005_math.vpi";
:vpi_module "C:\iverilog\lib\ivl\va_math.vpi";
S_000001cf3bd65030 .scope module, "traffic_light_controller_tb" "traffic_light_controller_tb" 2 3;
 .timescale -9 -12;
P_000001cf3bd651c0 .param/l "S0" 1 2 28, C4<0000>;
P_000001cf3bd651f8 .param/l "S1" 1 2 29, C4<0001>;
P_000001cf3bd65230 .param/l "S2" 1 2 30, C4<0010>;
P_000001cf3bd65268 .param/l "S3" 1 2 31, C4<0011>;
P_000001cf3bd652a0 .param/l "S4" 1 2 32, C4<0100>;
P_000001cf3bd652d8 .param/l "S5" 1 2 33, C4<0101>;
P_000001cf3bd65310 .param/l "S6" 1 2 34, C4<0110>;
P_000001cf3bd65348 .param/l "S7" 1 2 35, C4<0111>;
P_000001cf3bd65380 .param/l "S8" 1 2 36, C4<1000>;
P_000001cf3bd653b8 .param/l "S9" 1 2 37, C4<1001>;
v000001cf3bdbcbe0_0 .net "EW_green", 0 0, v000001cf3bd662f0_0;  1 drivers
v000001cf3bdbd2c0_0 .net "EW_red", 0 0, v000001cf3bd65c10_0;  1 drivers
v000001cf3bdbe3a0_0 .net "EW_yellow", 0 0, v000001cf3bd658f0_0;  1 drivers
v000001cf3bdbdc20_0 .net "NS_green", 0 0, v000001cf3bd66570_0;  1 drivers
v000001cf3bdbc780_0 .net "NS_red", 0 0, v000001cf3bd66610_0;  1 drivers
v000001cf3bdbcd20_0 .net "NS_yellow", 0 0, v000001cf3bd65cb0_0;  1 drivers
v000001cf3bdbd860_0 .var "clk", 0 0;
v000001cf3bdbdae0_0 .net "dont_walk_EW", 0 0, v000001cf3bdbc8c0_0;  1 drivers
v000001cf3bdbc960_0 .net "dont_walk_NS", 0 0, v000001cf3bdbe4e0_0;  1 drivers
v000001cf3bdbd4a0_0 .var "emergency_req_EW", 0 0;
v000001cf3bdbdfe0_0 .var "emergency_req_NS", 0 0;
v000001cf3bdbcdc0_0 .var "ped_req_EW", 0 0;
v000001cf3bdbd900_0 .var "ped_req_NS", 0 0;
v000001cf3bdbd0e0_0 .var "reset", 0 0;
v000001cf3bdbdd60_0 .net "walk_EW", 0 0, v000001cf3bdbd540_0;  1 drivers
v000001cf3bdbdea0_0 .net "walk_NS", 0 0, v000001cf3bdbd680_0;  1 drivers
E_000001cf3bd59a20 .event negedge, v000001cf3bd65990_0;
S_000001cf3bd60660 .scope module, "dut" "traffic_light_controller" 2 39, 3 3 0, S_000001cf3bd65030;
 .timescale -9 -12;
    .port_info 0 /INPUT 1 "clk";
    .port_info 1 /INPUT 1 "reset";
    .port_info 2 /INPUT 1 "emergency_req_NS";
    .port_info 3 /INPUT 1 "emergency_req_EW";
    .port_info 4 /INPUT 1 "ped_req_NS";
    .port_info 5 /INPUT 1 "ped_req_EW";
    .port_info 6 /OUTPUT 1 "NS_green";
    .port_info 7 /OUTPUT 1 "NS_yellow";
    .port_info 8 /OUTPUT 1 "NS_red";
    .port_info 9 /OUTPUT 1 "EW_green";
    .port_info 10 /OUTPUT 1 "EW_yellow";
    .port_info 11 /OUTPUT 1 "EW_red";
    .port_info 12 /OUTPUT 1 "walk_NS";
    .port_info 13 /OUTPUT 1 "dont_walk_NS";
    .port_info 14 /OUTPUT 1 "walk_EW";
    .port_info 15 /OUTPUT 1 "dont_walk_EW";
P_000001cf3bd607f0 .param/l "S0" 1 3 93, C4<0000>;
P_000001cf3bd60828 .param/l "S1" 1 3 94, C4<0001>;
P_000001cf3bd60860 .param/l "S2" 1 3 95, C4<0010>;
P_000001cf3bd60898 .param/l "S3" 1 3 96, C4<0011>;
P_000001cf3bd608d0 .param/l "S4" 1 3 97, C4<0100>;
P_000001cf3bd60908 .param/l "S5" 1 3 98, C4<0101>;
P_000001cf3bd60940 .param/l "S6" 1 3 99, C4<0110>;
P_000001cf3bd60978 .param/l "S7" 1 3 100, C4<0111>;
P_000001cf3bd609b0 .param/l "S8" 1 3 101, C4<1000>;
P_000001cf3bd609e8 .param/l "S9" 1 3 102, C4<1001>;
v000001cf3bdbdcc0_0 .net "EW_green", 0 0, v000001cf3bd662f0_0;  alias, 1 drivers
v000001cf3bdbcc80_0 .net "EW_red", 0 0, v000001cf3bd65c10_0;  alias, 1 drivers
v000001cf3bdbd5e0_0 .net "EW_yellow", 0 0, v000001cf3bd658f0_0;  alias, 1 drivers
v000001cf3bdbcf00_0 .net "NS_green", 0 0, v000001cf3bd66570_0;  alias, 1 drivers
v000001cf3bdbd400_0 .net "NS_red", 0 0, v000001cf3bd66610_0;  alias, 1 drivers
v000001cf3bdbe580_0 .net "NS_yellow", 0 0, v000001cf3bd65cb0_0;  alias, 1 drivers
v000001cf3bdbd180_0 .net "clk", 0 0, v000001cf3bdbd860_0;  1 drivers
v000001cf3bdbe620_0 .net "current_state", 3 0, v000001cf3bd66430_0;  1 drivers
v000001cf3bdbd220_0 .net "dont_walk_EW", 0 0, v000001cf3bdbc8c0_0;  alias, 1 drivers
v000001cf3bdbd720_0 .net "dont_walk_NS", 0 0, v000001cf3bdbe4e0_0;  alias, 1 drivers
v000001cf3bdbd360_0 .net "emergency_req_EW", 0 0, v000001cf3bdbd4a0_0;  1 drivers
v000001cf3bdbdb80_0 .net "emergency_req_NS", 0 0, v000001cf3bdbdfe0_0;  1 drivers
v000001cf3bdbcb40_0 .net "next_state", 3 0, v000001cf3bd666b0_0;  1 drivers
v000001cf3bdbc820_0 .net "ped_req_EW", 0 0, v000001cf3bdbcdc0_0;  1 drivers
v000001cf3bdbe440_0 .net "ped_req_NS", 0 0, v000001cf3bdbd900_0;  1 drivers
v000001cf3bdbd7c0_0 .net "reset", 0 0, v000001cf3bdbd0e0_0;  1 drivers
v000001cf3bdbe300_0 .var "target_count", 4 0;
v000001cf3bdbcaa0_0 .net "timer_clear", 0 0, L_000001cf3bdbcfa0;  1 drivers
v000001cf3bdbe1c0_0 .net "timer_done", 0 0, L_000001cf3bdbce60;  1 drivers
v000001cf3bdbd040_0 .net "walk_EW", 0 0, v000001cf3bdbd540_0;  alias, 1 drivers
v000001cf3bdbde00_0 .net "walk_NS", 0 0, v000001cf3bdbd680_0;  alias, 1 drivers
L_000001cf3bdbcfa0 .cmp/ne 4, v000001cf3bd66430_0, v000001cf3bd666b0_0;
S_000001cf3bd40810 .scope module, "u1" "timer" 3 39, 4 3 0, S_000001cf3bd60660;
 .timescale -9 -12;
    .port_info 0 /INPUT 1 "clk";
    .port_info 1 /INPUT 1 "reset";
    .port_info 2 /INPUT 1 "timer_clear";
    .port_info 3 /INPUT 5 "target_count";
    .port_info 4 /OUTPUT 1 "timer_done";
v000001cf3bd65990_0 .net "clk", 0 0, v000001cf3bdbd860_0;  alias, 1 drivers
v000001cf3bd66390_0 .var "count", 4 0;
v000001cf3bd65b70_0 .net "reset", 0 0, v000001cf3bdbd0e0_0;  alias, 1 drivers
v000001cf3bd65df0_0 .net "target_count", 4 0, v000001cf3bdbe300_0;  1 drivers
v000001cf3bd657b0_0 .net "timer_clear", 0 0, L_000001cf3bdbcfa0;  alias, 1 drivers
v000001cf3bd65e90_0 .net "timer_done", 0 0, L_000001cf3bdbce60;  alias, 1 drivers
E_000001cf3bd59e60 .event posedge, v000001cf3bd65990_0;
L_000001cf3bdbce60 .cmp/ge 5, v000001cf3bd66390_0, v000001cf3bdbe300_0;
S_000001cf3bd409a0 .scope module, "u2" "state_register" 3 51, 5 3 0, S_000001cf3bd60660;
 .timescale -9 -12;
    .port_info 0 /INPUT 1 "clk";
    .port_info 1 /INPUT 1 "reset";
    .port_info 2 /INPUT 4 "next_state";
    .port_info 3 /OUTPUT 4 "current_state";
P_000001cf3bd0abd0 .param/l "S0" 1 5 12, C4<0000>;
P_000001cf3bd0ac08 .param/l "S1" 1 5 13, C4<0001>;
P_000001cf3bd0ac40 .param/l "S2" 1 5 14, C4<0010>;
P_000001cf3bd0ac78 .param/l "S3" 1 5 15, C4<0011>;
P_000001cf3bd0acb0 .param/l "S4" 1 5 16, C4<0100>;
P_000001cf3bd0ace8 .param/l "S5" 1 5 17, C4<0101>;
P_000001cf3bd0ad20 .param/l "S6" 1 5 18, C4<0110>;
P_000001cf3bd0ad58 .param/l "S7" 1 5 19, C4<0111>;
P_000001cf3bd0ad90 .param/l "S8" 1 5 20, C4<1000>;
P_000001cf3bd0adc8 .param/l "S9" 1 5 21, C4<1001>;
v000001cf3bd661b0_0 .net "clk", 0 0, v000001cf3bdbd860_0;  alias, 1 drivers
v000001cf3bd66430_0 .var "current_state", 3 0;
v000001cf3bd65f30_0 .net "next_state", 3 0, v000001cf3bd666b0_0;  alias, 1 drivers
v000001cf3bd65fd0_0 .net "reset", 0 0, v000001cf3bdbd0e0_0;  alias, 1 drivers
S_000001cf3bd0ae10 .scope module, "u3" "next_state" 3 61, 6 3 0, S_000001cf3bd60660;
 .timescale -9 -12;
    .port_info 0 /INPUT 4 "current_state";
    .port_info 1 /INPUT 1 "timer_done";
    .port_info 2 /INPUT 1 "emergency_req_NS";
    .port_info 3 /INPUT 1 "emergency_req_EW";
    .port_info 4 /INPUT 1 "ped_req_NS";
    .port_info 5 /INPUT 1 "ped_req_EW";
    .port_info 6 /OUTPUT 4 "next_state";
P_000001cf3bd10060 .param/l "S0" 1 6 17, C4<0000>;
P_000001cf3bd10098 .param/l "S1" 1 6 18, C4<0001>;
P_000001cf3bd100d0 .param/l "S2" 1 6 19, C4<0010>;
P_000001cf3bd10108 .param/l "S3" 1 6 20, C4<0011>;
P_000001cf3bd10140 .param/l "S4" 1 6 21, C4<0100>;
P_000001cf3bd10178 .param/l "S5" 1 6 22, C4<0101>;
P_000001cf3bd101b0 .param/l "S6" 1 6 23, C4<0110>;
P_000001cf3bd101e8 .param/l "S7" 1 6 24, C4<0111>;
P_000001cf3bd10220 .param/l "S8" 1 6 25, C4<1000>;
P_000001cf3bd10258 .param/l "S9" 1 6 26, C4<1001>;
v000001cf3bd65850_0 .net "current_state", 3 0, v000001cf3bd66430_0;  alias, 1 drivers
v000001cf3bd66110_0 .net "emergency_req_EW", 0 0, v000001cf3bdbd4a0_0;  alias, 1 drivers
v000001cf3bd66250_0 .net "emergency_req_NS", 0 0, v000001cf3bdbdfe0_0;  alias, 1 drivers
v000001cf3bd666b0_0 .var "next_state", 3 0;
v000001cf3bd65d50_0 .net "ped_req_EW", 0 0, v000001cf3bdbcdc0_0;  alias, 1 drivers
v000001cf3bd664d0_0 .net "ped_req_NS", 0 0, v000001cf3bdbd900_0;  alias, 1 drivers
v000001cf3bd65ad0_0 .net "timer_done", 0 0, L_000001cf3bdbce60;  alias, 1 drivers
E_000001cf3bd5a720/0 .event anyedge, v000001cf3bd66430_0, v000001cf3bd66250_0, v000001cf3bd66110_0, v000001cf3bd65e90_0;
E_000001cf3bd5a720/1 .event anyedge, v000001cf3bd664d0_0, v000001cf3bd65d50_0;
E_000001cf3bd5a720 .event/or E_000001cf3bd5a720/0, E_000001cf3bd5a720/1;
S_000001cf3bd102a0 .scope module, "u4" "output_logic" 3 74, 7 3 0, S_000001cf3bd60660;
 .timescale -9 -12;
    .port_info 0 /INPUT 4 "current_state";
    .port_info 1 /OUTPUT 1 "NS_Green";
    .port_info 2 /OUTPUT 1 "NS_yellow";
    .port_info 3 /OUTPUT 1 "NS_red";
    .port_info 4 /OUTPUT 1 "EW_Green";
    .port_info 5 /OUTPUT 1 "EW_yellow";
    .port_info 6 /OUTPUT 1 "EW_red";
    .port_info 7 /OUTPUT 1 "walk_NS";
    .port_info 8 /OUTPUT 1 "dont_walk_NS";
    .port_info 9 /OUTPUT 1 "walk_EW";
    .port_info 10 /OUTPUT 1 "dont_walk_EW";
P_000001cf3bd12740 .param/l "S0" 1 7 22, C4<0000>;
P_000001cf3bd12778 .param/l "S1" 1 7 23, C4<0001>;
P_000001cf3bd127b0 .param/l "S2" 1 7 24, C4<0010>;
P_000001cf3bd127e8 .param/l "S3" 1 7 25, C4<0011>;
P_000001cf3bd12820 .param/l "S4" 1 7 26, C4<0100>;
P_000001cf3bd12858 .param/l "S5" 1 7 27, C4<0101>;
P_000001cf3bd12890 .param/l "S6" 1 7 28, C4<0110>;
P_000001cf3bd128c8 .param/l "S7" 1 7 29, C4<0111>;
P_000001cf3bd12900 .param/l "S8" 1 7 30, C4<1000>;
P_000001cf3bd12938 .param/l "S9" 1 7 31, C4<1001>;
v000001cf3bd662f0_0 .var "EW_Green", 0 0;
v000001cf3bd65c10_0 .var "EW_red", 0 0;
v000001cf3bd658f0_0 .var "EW_yellow", 0 0;
v000001cf3bd66570_0 .var "NS_Green", 0 0;
v000001cf3bd66610_0 .var "NS_red", 0 0;
v000001cf3bd65cb0_0 .var "NS_yellow", 0 0;
v000001cf3bd65a30_0 .net "current_state", 3 0, v000001cf3bd66430_0;  alias, 1 drivers
v000001cf3bdbc8c0_0 .var "dont_walk_EW", 0 0;
v000001cf3bdbe4e0_0 .var "dont_walk_NS", 0 0;
v000001cf3bdbd540_0 .var "walk_EW", 0 0;
v000001cf3bdbd680_0 .var "walk_NS", 0 0;
E_000001cf3bd5a6a0 .event anyedge, v000001cf3bd66430_0;
    .scope S_000001cf3bd40810;
T_0 ;
    %wait E_000001cf3bd59e60;
    %load/vec4 v000001cf3bd65b70_0;
    %flag_set/vec4 8;
    %jmp/0xz  T_0.0, 8;
    %pushi/vec4 0, 0, 5;
    %assign/vec4 v000001cf3bd66390_0, 0;
    %jmp T_0.1;
T_0.0 ;
    %load/vec4 v000001cf3bd657b0_0;
    %flag_set/vec4 8;
    %jmp/0xz  T_0.2, 8;
    %pushi/vec4 0, 0, 5;
    %assign/vec4 v000001cf3bd66390_0, 0;
    %jmp T_0.3;
T_0.2 ;
    %load/vec4 v000001cf3bd66390_0;
    %load/vec4 v000001cf3bd65df0_0;
    %cmp/u;
    %jmp/0xz  T_0.4, 5;
    %load/vec4 v000001cf3bd66390_0;
    %addi 1, 0, 5;
    %assign/vec4 v000001cf3bd66390_0, 0;
T_0.4 ;
T_0.3 ;
T_0.1 ;
    %jmp T_0;
    .thread T_0;
    .scope S_000001cf3bd409a0;
T_1 ;
    %wait E_000001cf3bd59e60;
    %load/vec4 v000001cf3bd65fd0_0;
    %flag_set/vec4 8;
    %jmp/0xz  T_1.0, 8;
    %pushi/vec4 0, 0, 4;
    %assign/vec4 v000001cf3bd66430_0, 0;
    %jmp T_1.1;
T_1.0 ;
    %load/vec4 v000001cf3bd65f30_0;
    %assign/vec4 v000001cf3bd66430_0, 0;
T_1.1 ;
    %jmp T_1;
    .thread T_1;
    .scope S_000001cf3bd0ae10;
T_2 ;
    %wait E_000001cf3bd5a720;
    %load/vec4 v000001cf3bd65850_0;
    %dup/vec4;
    %pushi/vec4 0, 0, 4;
    %cmp/u;
    %jmp/1 T_2.0, 6;
    %dup/vec4;
    %pushi/vec4 1, 0, 4;
    %cmp/u;
    %jmp/1 T_2.1, 6;
    %dup/vec4;
    %pushi/vec4 2, 0, 4;
    %cmp/u;
    %jmp/1 T_2.2, 6;
    %dup/vec4;
    %pushi/vec4 3, 0, 4;
    %cmp/u;
    %jmp/1 T_2.3, 6;
    %dup/vec4;
    %pushi/vec4 4, 0, 4;
    %cmp/u;
    %jmp/1 T_2.4, 6;
    %dup/vec4;
    %pushi/vec4 5, 0, 4;
    %cmp/u;
    %jmp/1 T_2.5, 6;
    %dup/vec4;
    %pushi/vec4 6, 0, 4;
    %cmp/u;
    %jmp/1 T_2.6, 6;
    %dup/vec4;
    %pushi/vec4 7, 0, 4;
    %cmp/u;
    %jmp/1 T_2.7, 6;
    %dup/vec4;
    %pushi/vec4 8, 0, 4;
    %cmp/u;
    %jmp/1 T_2.8, 6;
    %dup/vec4;
    %pushi/vec4 9, 0, 4;
    %cmp/u;
    %jmp/1 T_2.9, 6;
    %pushi/vec4 0, 0, 4;
    %store/vec4 v000001cf3bd666b0_0, 0, 4;
    %jmp T_2.11;
T_2.0 ;
    %load/vec4 v000001cf3bd66250_0;
    %flag_set/vec4 8;
    %jmp/0xz  T_2.12, 8;
    %pushi/vec4 4, 0, 4;
    %store/vec4 v000001cf3bd666b0_0, 0, 4;
    %jmp T_2.13;
T_2.12 ;
    %load/vec4 v000001cf3bd66110_0;
    %flag_set/vec4 8;
    %jmp/0xz  T_2.14, 8;
    %pushi/vec4 9, 0, 4;
    %store/vec4 v000001cf3bd666b0_0, 0, 4;
    %jmp T_2.15;
T_2.14 ;
    %load/vec4 v000001cf3bd65ad0_0;
    %cmpi/e 0, 0, 1;
    %jmp/0xz  T_2.16, 4;
    %load/vec4 v000001cf3bd65850_0;
    %store/vec4 v000001cf3bd666b0_0, 0, 4;
    %jmp T_2.17;
T_2.16 ;
    %pushi/vec4 1, 0, 4;
    %store/vec4 v000001cf3bd666b0_0, 0, 4;
T_2.17 ;
T_2.15 ;
T_2.13 ;
    %jmp T_2.11;
T_2.1 ;
    %load/vec4 v000001cf3bd66250_0;
    %flag_set/vec4 8;
    %jmp/0xz  T_2.18, 8;
    %pushi/vec4 4, 0, 4;
    %store/vec4 v000001cf3bd666b0_0, 0, 4;
    %jmp T_2.19;
T_2.18 ;
    %load/vec4 v000001cf3bd66110_0;
    %flag_set/vec4 8;
    %jmp/0xz  T_2.20, 8;
    %pushi/vec4 9, 0, 4;
    %store/vec4 v000001cf3bd666b0_0, 0, 4;
    %jmp T_2.21;
T_2.20 ;
    %load/vec4 v000001cf3bd65ad0_0;
    %cmpi/e 0, 0, 1;
    %jmp/0xz  T_2.22, 4;
    %load/vec4 v000001cf3bd65850_0;
    %store/vec4 v000001cf3bd666b0_0, 0, 4;
    %jmp T_2.23;
T_2.22 ;
    %pushi/vec4 2, 0, 4;
    %store/vec4 v000001cf3bd666b0_0, 0, 4;
T_2.23 ;
T_2.21 ;
T_2.19 ;
    %jmp T_2.11;
T_2.2 ;
    %load/vec4 v000001cf3bd66250_0;
    %flag_set/vec4 8;
    %jmp/0xz  T_2.24, 8;
    %pushi/vec4 4, 0, 4;
    %store/vec4 v000001cf3bd666b0_0, 0, 4;
    %jmp T_2.25;
T_2.24 ;
    %load/vec4 v000001cf3bd66110_0;
    %flag_set/vec4 8;
    %jmp/0xz  T_2.26, 8;
    %pushi/vec4 9, 0, 4;
    %store/vec4 v000001cf3bd666b0_0, 0, 4;
    %jmp T_2.27;
T_2.26 ;
    %load/vec4 v000001cf3bd65ad0_0;
    %cmpi/e 0, 0, 1;
    %jmp/0xz  T_2.28, 4;
    %load/vec4 v000001cf3bd65850_0;
    %store/vec4 v000001cf3bd666b0_0, 0, 4;
    %jmp T_2.29;
T_2.28 ;
    %load/vec4 v000001cf3bd664d0_0;
    %flag_set/vec4 8;
    %jmp/0xz  T_2.30, 8;
    %pushi/vec4 3, 0, 4;
    %store/vec4 v000001cf3bd666b0_0, 0, 4;
    %jmp T_2.31;
T_2.30 ;
    %pushi/vec4 5, 0, 4;
    %store/vec4 v000001cf3bd666b0_0, 0, 4;
T_2.31 ;
T_2.29 ;
T_2.27 ;
T_2.25 ;
    %jmp T_2.11;
T_2.3 ;
    %load/vec4 v000001cf3bd66250_0;
    %flag_set/vec4 8;
    %jmp/0xz  T_2.32, 8;
    %pushi/vec4 4, 0, 4;
    %store/vec4 v000001cf3bd666b0_0, 0, 4;
    %jmp T_2.33;
T_2.32 ;
    %load/vec4 v000001cf3bd66110_0;
    %flag_set/vec4 8;
    %jmp/0xz  T_2.34, 8;
    %pushi/vec4 9, 0, 4;
    %store/vec4 v000001cf3bd666b0_0, 0, 4;
    %jmp T_2.35;
T_2.34 ;
    %load/vec4 v000001cf3bd65ad0_0;
    %cmpi/e 0, 0, 1;
    %jmp/0xz  T_2.36, 4;
    %load/vec4 v000001cf3bd65850_0;
    %store/vec4 v000001cf3bd666b0_0, 0, 4;
    %jmp T_2.37;
T_2.36 ;
    %pushi/vec4 5, 0, 4;
    %store/vec4 v000001cf3bd666b0_0, 0, 4;
T_2.37 ;
T_2.35 ;
T_2.33 ;
    %jmp T_2.11;
T_2.4 ;
    %load/vec4 v000001cf3bd66250_0;
    %flag_set/vec4 8;
    %jmp/0xz  T_2.38, 8;
    %load/vec4 v000001cf3bd65850_0;
    %store/vec4 v000001cf3bd666b0_0, 0, 4;
    %jmp T_2.39;
T_2.38 ;
    %load/vec4 v000001cf3bd65ad0_0;
    %cmpi/e 0, 0, 1;
    %jmp/0xz  T_2.40, 4;
    %load/vec4 v000001cf3bd65850_0;
    %store/vec4 v000001cf3bd666b0_0, 0, 4;
    %jmp T_2.41;
T_2.40 ;
    %pushi/vec4 0, 0, 4;
    %store/vec4 v000001cf3bd666b0_0, 0, 4;
T_2.41 ;
T_2.39 ;
    %jmp T_2.11;
T_2.5 ;
    %load/vec4 v000001cf3bd66250_0;
    %flag_set/vec4 8;
    %jmp/0xz  T_2.42, 8;
    %pushi/vec4 4, 0, 4;
    %store/vec4 v000001cf3bd666b0_0, 0, 4;
    %jmp T_2.43;
T_2.42 ;
    %load/vec4 v000001cf3bd66110_0;
    %flag_set/vec4 8;
    %jmp/0xz  T_2.44, 8;
    %pushi/vec4 9, 0, 4;
    %store/vec4 v000001cf3bd666b0_0, 0, 4;
    %jmp T_2.45;
T_2.44 ;
    %load/vec4 v000001cf3bd65ad0_0;
    %cmpi/e 0, 0, 1;
    %jmp/0xz  T_2.46, 4;
    %load/vec4 v000001cf3bd65850_0;
    %store/vec4 v000001cf3bd666b0_0, 0, 4;
    %jmp T_2.47;
T_2.46 ;
    %pushi/vec4 6, 0, 4;
    %store/vec4 v000001cf3bd666b0_0, 0, 4;
T_2.47 ;
T_2.45 ;
T_2.43 ;
    %jmp T_2.11;
T_2.6 ;
    %load/vec4 v000001cf3bd66250_0;
    %flag_set/vec4 8;
    %jmp/0xz  T_2.48, 8;
    %pushi/vec4 4, 0, 4;
    %store/vec4 v000001cf3bd666b0_0, 0, 4;
    %jmp T_2.49;
T_2.48 ;
    %load/vec4 v000001cf3bd66110_0;
    %flag_set/vec4 8;
    %jmp/0xz  T_2.50, 8;
    %pushi/vec4 9, 0, 4;
    %store/vec4 v000001cf3bd666b0_0, 0, 4;
    %jmp T_2.51;
T_2.50 ;
    %load/vec4 v000001cf3bd65ad0_0;
    %cmpi/e 0, 0, 1;
    %jmp/0xz  T_2.52, 4;
    %load/vec4 v000001cf3bd65850_0;
    %store/vec4 v000001cf3bd666b0_0, 0, 4;
    %jmp T_2.53;
T_2.52 ;
    %pushi/vec4 7, 0, 4;
    %store/vec4 v000001cf3bd666b0_0, 0, 4;
T_2.53 ;
T_2.51 ;
T_2.49 ;
    %jmp T_2.11;
T_2.7 ;
    %load/vec4 v000001cf3bd66250_0;
    %flag_set/vec4 8;
    %jmp/0xz  T_2.54, 8;
    %pushi/vec4 4, 0, 4;
    %store/vec4 v000001cf3bd666b0_0, 0, 4;
    %jmp T_2.55;
T_2.54 ;
    %load/vec4 v000001cf3bd66110_0;
    %flag_set/vec4 8;
    %jmp/0xz  T_2.56, 8;
    %pushi/vec4 9, 0, 4;
    %store/vec4 v000001cf3bd666b0_0, 0, 4;
    %jmp T_2.57;
T_2.56 ;
    %load/vec4 v000001cf3bd65ad0_0;
    %cmpi/e 0, 0, 1;
    %jmp/0xz  T_2.58, 4;
    %load/vec4 v000001cf3bd65850_0;
    %store/vec4 v000001cf3bd666b0_0, 0, 4;
    %jmp T_2.59;
T_2.58 ;
    %load/vec4 v000001cf3bd65d50_0;
    %flag_set/vec4 8;
    %jmp/0xz  T_2.60, 8;
    %pushi/vec4 8, 0, 4;
    %store/vec4 v000001cf3bd666b0_0, 0, 4;
    %jmp T_2.61;
T_2.60 ;
    %pushi/vec4 0, 0, 4;
    %store/vec4 v000001cf3bd666b0_0, 0, 4;
T_2.61 ;
T_2.59 ;
T_2.57 ;
T_2.55 ;
    %jmp T_2.11;
T_2.8 ;
    %load/vec4 v000001cf3bd66250_0;
    %flag_set/vec4 8;
    %jmp/0xz  T_2.62, 8;
    %pushi/vec4 4, 0, 4;
    %store/vec4 v000001cf3bd666b0_0, 0, 4;
    %jmp T_2.63;
T_2.62 ;
    %load/vec4 v000001cf3bd66110_0;
    %flag_set/vec4 8;
    %jmp/0xz  T_2.64, 8;
    %pushi/vec4 9, 0, 4;
    %store/vec4 v000001cf3bd666b0_0, 0, 4;
    %jmp T_2.65;
T_2.64 ;
    %load/vec4 v000001cf3bd65ad0_0;
    %cmpi/e 0, 0, 1;
    %jmp/0xz  T_2.66, 4;
    %load/vec4 v000001cf3bd65850_0;
    %store/vec4 v000001cf3bd666b0_0, 0, 4;
    %jmp T_2.67;
T_2.66 ;
    %pushi/vec4 0, 0, 4;
    %store/vec4 v000001cf3bd666b0_0, 0, 4;
T_2.67 ;
T_2.65 ;
T_2.63 ;
    %jmp T_2.11;
T_2.9 ;
    %load/vec4 v000001cf3bd66110_0;
    %flag_set/vec4 8;
    %jmp/0xz  T_2.68, 8;
    %pushi/vec4 9, 0, 4;
    %store/vec4 v000001cf3bd666b0_0, 0, 4;
    %jmp T_2.69;
T_2.68 ;
    %load/vec4 v000001cf3bd65ad0_0;
    %cmpi/e 0, 0, 1;
    %jmp/0xz  T_2.70, 4;
    %load/vec4 v000001cf3bd65850_0;
    %store/vec4 v000001cf3bd666b0_0, 0, 4;
    %jmp T_2.71;
T_2.70 ;
    %pushi/vec4 0, 0, 4;
    %store/vec4 v000001cf3bd666b0_0, 0, 4;
T_2.71 ;
T_2.69 ;
    %jmp T_2.11;
T_2.11 ;
    %pop/vec4 1;
    %jmp T_2;
    .thread T_2, $push;
    .scope S_000001cf3bd102a0;
T_3 ;
    %wait E_000001cf3bd5a6a0;
    %pushi/vec4 0, 0, 1;
    %store/vec4 v000001cf3bd66570_0, 0, 1;
    %pushi/vec4 0, 0, 1;
    %store/vec4 v000001cf3bd65cb0_0, 0, 1;
    %pushi/vec4 0, 0, 1;
    %store/vec4 v000001cf3bd66610_0, 0, 1;
    %pushi/vec4 0, 0, 1;
    %store/vec4 v000001cf3bd662f0_0, 0, 1;
    %pushi/vec4 0, 0, 1;
    %store/vec4 v000001cf3bd658f0_0, 0, 1;
    %pushi/vec4 0, 0, 1;
    %store/vec4 v000001cf3bd65c10_0, 0, 1;
    %pushi/vec4 0, 0, 1;
    %store/vec4 v000001cf3bdbd680_0, 0, 1;
    %pushi/vec4 0, 0, 1;
    %store/vec4 v000001cf3bdbe4e0_0, 0, 1;
    %pushi/vec4 0, 0, 1;
    %store/vec4 v000001cf3bdbd540_0, 0, 1;
    %pushi/vec4 0, 0, 1;
    %store/vec4 v000001cf3bdbc8c0_0, 0, 1;
    %load/vec4 v000001cf3bd65a30_0;
    %dup/vec4;
    %pushi/vec4 0, 0, 4;
    %cmp/u;
    %jmp/1 T_3.0, 6;
    %dup/vec4;
    %pushi/vec4 1, 0, 4;
    %cmp/u;
    %jmp/1 T_3.1, 6;
    %dup/vec4;
    %pushi/vec4 2, 0, 4;
    %cmp/u;
    %jmp/1 T_3.2, 6;
    %dup/vec4;
    %pushi/vec4 3, 0, 4;
    %cmp/u;
    %jmp/1 T_3.3, 6;
    %dup/vec4;
    %pushi/vec4 4, 0, 4;
    %cmp/u;
    %jmp/1 T_3.4, 6;
    %dup/vec4;
    %pushi/vec4 5, 0, 4;
    %cmp/u;
    %jmp/1 T_3.5, 6;
    %dup/vec4;
    %pushi/vec4 6, 0, 4;
    %cmp/u;
    %jmp/1 T_3.6, 6;
    %dup/vec4;
    %pushi/vec4 7, 0, 4;
    %cmp/u;
    %jmp/1 T_3.7, 6;
    %dup/vec4;
    %pushi/vec4 8, 0, 4;
    %cmp/u;
    %jmp/1 T_3.8, 6;
    %dup/vec4;
    %pushi/vec4 9, 0, 4;
    %cmp/u;
    %jmp/1 T_3.9, 6;
    %pushi/vec4 0, 0, 1;
    %store/vec4 v000001cf3bd66570_0, 0, 1;
    %pushi/vec4 0, 0, 1;
    %store/vec4 v000001cf3bd65cb0_0, 0, 1;
    %pushi/vec4 0, 0, 1;
    %store/vec4 v000001cf3bd66610_0, 0, 1;
    %pushi/vec4 0, 0, 1;
    %store/vec4 v000001cf3bd662f0_0, 0, 1;
    %pushi/vec4 0, 0, 1;
    %store/vec4 v000001cf3bd658f0_0, 0, 1;
    %pushi/vec4 0, 0, 1;
    %store/vec4 v000001cf3bd65c10_0, 0, 1;
    %pushi/vec4 0, 0, 1;
    %store/vec4 v000001cf3bdbd680_0, 0, 1;
    %pushi/vec4 0, 0, 1;
    %store/vec4 v000001cf3bdbe4e0_0, 0, 1;
    %pushi/vec4 0, 0, 1;
    %store/vec4 v000001cf3bdbd540_0, 0, 1;
    %pushi/vec4 0, 0, 1;
    %store/vec4 v000001cf3bdbc8c0_0, 0, 1;
    %jmp T_3.11;
T_3.0 ;
    %pushi/vec4 1, 0, 1;
    %store/vec4 v000001cf3bd66570_0, 0, 1;
    %pushi/vec4 0, 0, 1;
    %store/vec4 v000001cf3bd65cb0_0, 0, 1;
    %pushi/vec4 0, 0, 1;
    %store/vec4 v000001cf3bd66610_0, 0, 1;
    %pushi/vec4 0, 0, 1;
    %store/vec4 v000001cf3bd662f0_0, 0, 1;
    %pushi/vec4 0, 0, 1;
    %store/vec4 v000001cf3bd658f0_0, 0, 1;
    %pushi/vec4 1, 0, 1;
    %store/vec4 v000001cf3bd65c10_0, 0, 1;
    %pushi/vec4 0, 0, 1;
    %store/vec4 v000001cf3bdbd680_0, 0, 1;
    %pushi/vec4 1, 0, 1;
    %store/vec4 v000001cf3bdbe4e0_0, 0, 1;
    %pushi/vec4 0, 0, 1;
    %store/vec4 v000001cf3bdbd540_0, 0, 1;
    %pushi/vec4 1, 0, 1;
    %store/vec4 v000001cf3bdbc8c0_0, 0, 1;
    %jmp T_3.11;
T_3.1 ;
    %pushi/vec4 0, 0, 1;
    %store/vec4 v000001cf3bd66570_0, 0, 1;
    %pushi/vec4 1, 0, 1;
    %store/vec4 v000001cf3bd65cb0_0, 0, 1;
    %pushi/vec4 0, 0, 1;
    %store/vec4 v000001cf3bd66610_0, 0, 1;
    %pushi/vec4 0, 0, 1;
    %store/vec4 v000001cf3bd662f0_0, 0, 1;
    %pushi/vec4 0, 0, 1;
    %store/vec4 v000001cf3bd658f0_0, 0, 1;
    %pushi/vec4 1, 0, 1;
    %store/vec4 v000001cf3bd65c10_0, 0, 1;
    %pushi/vec4 0, 0, 1;
    %store/vec4 v000001cf3bdbd680_0, 0, 1;
    %pushi/vec4 1, 0, 1;
    %store/vec4 v000001cf3bdbe4e0_0, 0, 1;
    %pushi/vec4 0, 0, 1;
    %store/vec4 v000001cf3bdbd540_0, 0, 1;
    %pushi/vec4 1, 0, 1;
    %store/vec4 v000001cf3bdbc8c0_0, 0, 1;
    %jmp T_3.11;
T_3.2 ;
    %pushi/vec4 0, 0, 1;
    %store/vec4 v000001cf3bd66570_0, 0, 1;
    %pushi/vec4 0, 0, 1;
    %store/vec4 v000001cf3bd65cb0_0, 0, 1;
    %pushi/vec4 1, 0, 1;
    %store/vec4 v000001cf3bd66610_0, 0, 1;
    %pushi/vec4 0, 0, 1;
    %store/vec4 v000001cf3bd662f0_0, 0, 1;
    %pushi/vec4 0, 0, 1;
    %store/vec4 v000001cf3bd658f0_0, 0, 1;
    %pushi/vec4 1, 0, 1;
    %store/vec4 v000001cf3bd65c10_0, 0, 1;
    %pushi/vec4 0, 0, 1;
    %store/vec4 v000001cf3bdbd680_0, 0, 1;
    %pushi/vec4 1, 0, 1;
    %store/vec4 v000001cf3bdbe4e0_0, 0, 1;
    %pushi/vec4 0, 0, 1;
    %store/vec4 v000001cf3bdbd540_0, 0, 1;
    %pushi/vec4 1, 0, 1;
    %store/vec4 v000001cf3bdbc8c0_0, 0, 1;
    %jmp T_3.11;
T_3.3 ;
    %pushi/vec4 0, 0, 1;
    %store/vec4 v000001cf3bd66570_0, 0, 1;
    %pushi/vec4 0, 0, 1;
    %store/vec4 v000001cf3bd65cb0_0, 0, 1;
    %pushi/vec4 1, 0, 1;
    %store/vec4 v000001cf3bd66610_0, 0, 1;
    %pushi/vec4 0, 0, 1;
    %store/vec4 v000001cf3bd662f0_0, 0, 1;
    %pushi/vec4 0, 0, 1;
    %store/vec4 v000001cf3bd658f0_0, 0, 1;
    %pushi/vec4 1, 0, 1;
    %store/vec4 v000001cf3bd65c10_0, 0, 1;
    %pushi/vec4 1, 0, 1;
    %store/vec4 v000001cf3bdbd680_0, 0, 1;
    %pushi/vec4 0, 0, 1;
    %store/vec4 v000001cf3bdbe4e0_0, 0, 1;
    %pushi/vec4 0, 0, 1;
    %store/vec4 v000001cf3bdbd540_0, 0, 1;
    %pushi/vec4 1, 0, 1;
    %store/vec4 v000001cf3bdbc8c0_0, 0, 1;
    %jmp T_3.11;
T_3.4 ;
    %pushi/vec4 1, 0, 1;
    %store/vec4 v000001cf3bd66570_0, 0, 1;
    %pushi/vec4 0, 0, 1;
    %store/vec4 v000001cf3bd65cb0_0, 0, 1;
    %pushi/vec4 0, 0, 1;
    %store/vec4 v000001cf3bd66610_0, 0, 1;
    %pushi/vec4 0, 0, 1;
    %store/vec4 v000001cf3bd662f0_0, 0, 1;
    %pushi/vec4 0, 0, 1;
    %store/vec4 v000001cf3bd658f0_0, 0, 1;
    %pushi/vec4 1, 0, 1;
    %store/vec4 v000001cf3bd65c10_0, 0, 1;
    %pushi/vec4 0, 0, 1;
    %store/vec4 v000001cf3bdbd680_0, 0, 1;
    %pushi/vec4 1, 0, 1;
    %store/vec4 v000001cf3bdbe4e0_0, 0, 1;
    %pushi/vec4 0, 0, 1;
    %store/vec4 v000001cf3bdbd540_0, 0, 1;
    %pushi/vec4 1, 0, 1;
    %store/vec4 v000001cf3bdbc8c0_0, 0, 1;
    %jmp T_3.11;
T_3.5 ;
    %pushi/vec4 0, 0, 1;
    %store/vec4 v000001cf3bd66570_0, 0, 1;
    %pushi/vec4 0, 0, 1;
    %store/vec4 v000001cf3bd65cb0_0, 0, 1;
    %pushi/vec4 1, 0, 1;
    %store/vec4 v000001cf3bd66610_0, 0, 1;
    %pushi/vec4 1, 0, 1;
    %store/vec4 v000001cf3bd662f0_0, 0, 1;
    %pushi/vec4 0, 0, 1;
    %store/vec4 v000001cf3bd658f0_0, 0, 1;
    %pushi/vec4 0, 0, 1;
    %store/vec4 v000001cf3bd65c10_0, 0, 1;
    %pushi/vec4 0, 0, 1;
    %store/vec4 v000001cf3bdbd680_0, 0, 1;
    %pushi/vec4 1, 0, 1;
    %store/vec4 v000001cf3bdbe4e0_0, 0, 1;
    %pushi/vec4 0, 0, 1;
    %store/vec4 v000001cf3bdbd540_0, 0, 1;
    %pushi/vec4 1, 0, 1;
    %store/vec4 v000001cf3bdbc8c0_0, 0, 1;
    %jmp T_3.11;
T_3.6 ;
    %pushi/vec4 0, 0, 1;
    %store/vec4 v000001cf3bd66570_0, 0, 1;
    %pushi/vec4 0, 0, 1;
    %store/vec4 v000001cf3bd65cb0_0, 0, 1;
    %pushi/vec4 1, 0, 1;
    %store/vec4 v000001cf3bd66610_0, 0, 1;
    %pushi/vec4 0, 0, 1;
    %store/vec4 v000001cf3bd662f0_0, 0, 1;
    %pushi/vec4 1, 0, 1;
    %store/vec4 v000001cf3bd658f0_0, 0, 1;
    %pushi/vec4 0, 0, 1;
    %store/vec4 v000001cf3bd65c10_0, 0, 1;
    %pushi/vec4 0, 0, 1;
    %store/vec4 v000001cf3bdbd680_0, 0, 1;
    %pushi/vec4 1, 0, 1;
    %store/vec4 v000001cf3bdbe4e0_0, 0, 1;
    %pushi/vec4 0, 0, 1;
    %store/vec4 v000001cf3bdbd540_0, 0, 1;
    %pushi/vec4 1, 0, 1;
    %store/vec4 v000001cf3bdbc8c0_0, 0, 1;
    %jmp T_3.11;
T_3.7 ;
    %pushi/vec4 0, 0, 1;
    %store/vec4 v000001cf3bd66570_0, 0, 1;
    %pushi/vec4 0, 0, 1;
    %store/vec4 v000001cf3bd65cb0_0, 0, 1;
    %pushi/vec4 1, 0, 1;
    %store/vec4 v000001cf3bd66610_0, 0, 1;
    %pushi/vec4 0, 0, 1;
    %store/vec4 v000001cf3bd662f0_0, 0, 1;
    %pushi/vec4 0, 0, 1;
    %store/vec4 v000001cf3bd658f0_0, 0, 1;
    %pushi/vec4 1, 0, 1;
    %store/vec4 v000001cf3bd65c10_0, 0, 1;
    %pushi/vec4 0, 0, 1;
    %store/vec4 v000001cf3bdbd680_0, 0, 1;
    %pushi/vec4 1, 0, 1;
    %store/vec4 v000001cf3bdbe4e0_0, 0, 1;
    %pushi/vec4 0, 0, 1;
    %store/vec4 v000001cf3bdbd540_0, 0, 1;
    %pushi/vec4 1, 0, 1;
    %store/vec4 v000001cf3bdbc8c0_0, 0, 1;
    %jmp T_3.11;
T_3.8 ;
    %pushi/vec4 0, 0, 1;
    %store/vec4 v000001cf3bd66570_0, 0, 1;
    %pushi/vec4 0, 0, 1;
    %store/vec4 v000001cf3bd65cb0_0, 0, 1;
    %pushi/vec4 1, 0, 1;
    %store/vec4 v000001cf3bd66610_0, 0, 1;
    %pushi/vec4 0, 0, 1;
    %store/vec4 v000001cf3bd662f0_0, 0, 1;
    %pushi/vec4 0, 0, 1;
    %store/vec4 v000001cf3bd658f0_0, 0, 1;
    %pushi/vec4 1, 0, 1;
    %store/vec4 v000001cf3bd65c10_0, 0, 1;
    %pushi/vec4 0, 0, 1;
    %store/vec4 v000001cf3bdbd680_0, 0, 1;
    %pushi/vec4 1, 0, 1;
    %store/vec4 v000001cf3bdbe4e0_0, 0, 1;
    %pushi/vec4 1, 0, 1;
    %store/vec4 v000001cf3bdbd540_0, 0, 1;
    %pushi/vec4 0, 0, 1;
    %store/vec4 v000001cf3bdbc8c0_0, 0, 1;
    %jmp T_3.11;
T_3.9 ;
    %pushi/vec4 0, 0, 1;
    %store/vec4 v000001cf3bd66570_0, 0, 1;
    %pushi/vec4 0, 0, 1;
    %store/vec4 v000001cf3bd65cb0_0, 0, 1;
    %pushi/vec4 1, 0, 1;
    %store/vec4 v000001cf3bd66610_0, 0, 1;
    %pushi/vec4 1, 0, 1;
    %store/vec4 v000001cf3bd662f0_0, 0, 1;
    %pushi/vec4 0, 0, 1;
    %store/vec4 v000001cf3bd658f0_0, 0, 1;
    %pushi/vec4 0, 0, 1;
    %store/vec4 v000001cf3bd65c10_0, 0, 1;
    %pushi/vec4 0, 0, 1;
    %store/vec4 v000001cf3bdbd680_0, 0, 1;
    %pushi/vec4 1, 0, 1;
    %store/vec4 v000001cf3bdbe4e0_0, 0, 1;
    %pushi/vec4 0, 0, 1;
    %store/vec4 v000001cf3bdbd540_0, 0, 1;
    %pushi/vec4 1, 0, 1;
    %store/vec4 v000001cf3bdbc8c0_0, 0, 1;
    %jmp T_3.11;
T_3.11 ;
    %pop/vec4 1;
    %jmp T_3;
    .thread T_3, $push;
    .scope S_000001cf3bd60660;
T_4 ;
    %wait E_000001cf3bd5a6a0;
    %load/vec4 v000001cf3bdbe620_0;
    %dup/vec4;
    %pushi/vec4 0, 0, 4;
    %cmp/u;
    %jmp/1 T_4.0, 6;
    %dup/vec4;
    %pushi/vec4 1, 0, 4;
    %cmp/u;
    %jmp/1 T_4.1, 6;
    %dup/vec4;
    %pushi/vec4 2, 0, 4;
    %cmp/u;
    %jmp/1 T_4.2, 6;
    %dup/vec4;
    %pushi/vec4 3, 0, 4;
    %cmp/u;
    %jmp/1 T_4.3, 6;
    %dup/vec4;
    %pushi/vec4 4, 0, 4;
    %cmp/u;
    %jmp/1 T_4.4, 6;
    %dup/vec4;
    %pushi/vec4 5, 0, 4;
    %cmp/u;
    %jmp/1 T_4.5, 6;
    %dup/vec4;
    %pushi/vec4 6, 0, 4;
    %cmp/u;
    %jmp/1 T_4.6, 6;
    %dup/vec4;
    %pushi/vec4 7, 0, 4;
    %cmp/u;
    %jmp/1 T_4.7, 6;
    %dup/vec4;
    %pushi/vec4 8, 0, 4;
    %cmp/u;
    %jmp/1 T_4.8, 6;
    %dup/vec4;
    %pushi/vec4 9, 0, 4;
    %cmp/u;
    %jmp/1 T_4.9, 6;
    %pushi/vec4 0, 0, 5;
    %store/vec4 v000001cf3bdbe300_0, 0, 5;
    %jmp T_4.11;
T_4.0 ;
    %pushi/vec4 30, 0, 5;
    %store/vec4 v000001cf3bdbe300_0, 0, 5;
    %jmp T_4.11;
T_4.1 ;
    %pushi/vec4 5, 0, 5;
    %store/vec4 v000001cf3bdbe300_0, 0, 5;
    %jmp T_4.11;
T_4.2 ;
    %pushi/vec4 2, 0, 5;
    %store/vec4 v000001cf3bdbe300_0, 0, 5;
    %jmp T_4.11;
T_4.3 ;
    %pushi/vec4 8, 0, 5;
    %store/vec4 v000001cf3bdbe300_0, 0, 5;
    %jmp T_4.11;
T_4.4 ;
    %pushi/vec4 10, 0, 5;
    %store/vec4 v000001cf3bdbe300_0, 0, 5;
    %jmp T_4.11;
T_4.5 ;
    %pushi/vec4 30, 0, 5;
    %store/vec4 v000001cf3bdbe300_0, 0, 5;
    %jmp T_4.11;
T_4.6 ;
    %pushi/vec4 5, 0, 5;
    %store/vec4 v000001cf3bdbe300_0, 0, 5;
    %jmp T_4.11;
T_4.7 ;
    %pushi/vec4 2, 0, 5;
    %store/vec4 v000001cf3bdbe300_0, 0, 5;
    %jmp T_4.11;
T_4.8 ;
    %pushi/vec4 8, 0, 5;
    %store/vec4 v000001cf3bdbe300_0, 0, 5;
    %jmp T_4.11;
T_4.9 ;
    %pushi/vec4 10, 0, 5;
    %store/vec4 v000001cf3bdbe300_0, 0, 5;
    %jmp T_4.11;
T_4.11 ;
    %pop/vec4 1;
    %jmp T_4;
    .thread T_4, $push;
    .scope S_000001cf3bd65030;
T_5 ;
    %pushi/vec4 0, 0, 1;
    %store/vec4 v000001cf3bdbd860_0, 0, 1;
    %end;
    .thread T_5;
    .scope S_000001cf3bd65030;
T_6 ;
    %delay 5000, 0;
    %load/vec4 v000001cf3bdbd860_0;
    %inv;
    %store/vec4 v000001cf3bdbd860_0, 0, 1;
    %jmp T_6;
    .thread T_6;
    .scope S_000001cf3bd65030;
T_7 ;
    %vpi_call 2 69 "$dumpfile", "wave/traffic_light_controller.vcd" {0 0 0};
    %vpi_call 2 70 "$dumpvars", 32'sb00000000000000000000000000000000, S_000001cf3bd65030 {0 0 0};
    %end;
    .thread T_7;
    .scope S_000001cf3bd65030;
T_8 ;
    %wait E_000001cf3bd59e60;
    %pushi/vec4 1, 0, 1;
    %store/vec4 v000001cf3bdbd0e0_0, 0, 1;
    %pushi/vec4 0, 0, 1;
    %store/vec4 v000001cf3bdbdfe0_0, 0, 1;
    %pushi/vec4 0, 0, 1;
    %store/vec4 v000001cf3bdbd4a0_0, 0, 1;
    %pushi/vec4 0, 0, 1;
    %store/vec4 v000001cf3bdbd900_0, 0, 1;
    %pushi/vec4 0, 0, 1;
    %store/vec4 v000001cf3bdbcdc0_0, 0, 1;
    %wait E_000001cf3bd59e60;
    %wait E_000001cf3bd59a20;
    %pushi/vec4 0, 0, 1;
    %store/vec4 v000001cf3bdbd0e0_0, 0, 1;
    %delay 1000, 0;
    %pushi/vec4 0, 0, 1;
    %store/vec4 v000001cf3bdbd0e0_0, 0, 1;
    %pushi/vec4 0, 0, 1;
    %store/vec4 v000001cf3bdbdfe0_0, 0, 1;
    %pushi/vec4 0, 0, 1;
    %store/vec4 v000001cf3bdbd4a0_0, 0, 1;
    %pushi/vec4 0, 0, 1;
    %store/vec4 v000001cf3bdbd900_0, 0, 1;
    %pushi/vec4 0, 0, 1;
    %store/vec4 v000001cf3bdbcdc0_0, 0, 1;
    %pushi/vec4 74, 0, 32;
T_8.0 %dup/vec4;
    %pushi/vec4 0, 0, 32;
    %cmp/s;
    %jmp/1xz T_8.1, 5;
    %jmp/1 T_8.1, 4;
    %pushi/vec4 1, 0, 32;
    %sub;
    %wait E_000001cf3bd59e60;
    %jmp T_8.0;
T_8.1 ;
    %pop/vec4 1;
    %pushi/vec4 0, 0, 1;
    %store/vec4 v000001cf3bdbd0e0_0, 0, 1;
    %pushi/vec4 0, 0, 1;
    %store/vec4 v000001cf3bdbdfe0_0, 0, 1;
    %pushi/vec4 0, 0, 1;
    %store/vec4 v000001cf3bdbd4a0_0, 0, 1;
    %pushi/vec4 0, 0, 1;
    %store/vec4 v000001cf3bdbd900_0, 0, 1;
    %pushi/vec4 0, 0, 1;
    %store/vec4 v000001cf3bdbcdc0_0, 0, 1;
T_8.2 ;
    %load/vec4 v000001cf3bdbe620_0;
    %cmpi/ne 2, 0, 4;
    %jmp/0xz T_8.3, 4;
    %wait E_000001cf3bd59e60;
    %delay 1000, 0;
    %jmp T_8.2;
T_8.3 ;
T_8.4 ;
    %load/vec4 v000001cf3bdbe1c0_0;
    %pad/u 32;
    %cmpi/ne 1, 0, 32;
    %jmp/0xz T_8.5, 4;
    %wait E_000001cf3bd59e60;
    %delay 1000, 0;
    %jmp T_8.4;
T_8.5 ;
    %wait E_000001cf3bd59a20;
    %pushi/vec4 1, 0, 1;
    %store/vec4 v000001cf3bdbd900_0, 0, 1;
    %delay 1000, 0;
    %wait E_000001cf3bd59e60;
    %delay 1000, 0;
T_8.6 ;
    %load/vec4 v000001cf3bdbe620_0;
    %cmpi/ne 7, 0, 4;
    %jmp/0xz T_8.7, 4;
    %wait E_000001cf3bd59e60;
    %delay 1000, 0;
    %jmp T_8.6;
T_8.7 ;
T_8.8 ;
    %load/vec4 v000001cf3bdbe1c0_0;
    %pad/u 32;
    %cmpi/ne 1, 0, 32;
    %jmp/0xz T_8.9, 4;
    %wait E_000001cf3bd59e60;
    %delay 1000, 0;
    %jmp T_8.8;
T_8.9 ;
    %wait E_000001cf3bd59a20;
    %pushi/vec4 1, 0, 1;
    %store/vec4 v000001cf3bdbcdc0_0, 0, 1;
    %delay 1000, 0;
    %wait E_000001cf3bd59e60;
    %delay 1000, 0;
    %load/vec4 v000001cf3bdbe620_0;
    %cmpi/e 8, 0, 4;
    %jmp/0xz  T_8.10, 4;
    %vpi_call 2 134 "$display", " case 3 PASS" {0 0 0};
    %jmp T_8.11;
T_8.10 ;
    %vpi_call 2 136 "$display", " case 3 FAIL" {0 0 0};
T_8.11 ;
    %pushi/vec4 0, 0, 1;
    %store/vec4 v000001cf3bdbd0e0_0, 0, 1;
    %pushi/vec4 0, 0, 1;
    %store/vec4 v000001cf3bdbdfe0_0, 0, 1;
    %pushi/vec4 0, 0, 1;
    %store/vec4 v000001cf3bdbd4a0_0, 0, 1;
    %pushi/vec4 0, 0, 1;
    %store/vec4 v000001cf3bdbd900_0, 0, 1;
    %pushi/vec4 0, 0, 1;
    %store/vec4 v000001cf3bdbcdc0_0, 0, 1;
T_8.12 ;
    %load/vec4 v000001cf3bdbe620_0;
    %cmpi/ne 1, 0, 4;
    %jmp/0xz T_8.13, 4;
    %wait E_000001cf3bd59e60;
    %delay 1000, 0;
    %jmp T_8.12;
T_8.13 ;
T_8.14 ;
    %load/vec4 v000001cf3bdbe1c0_0;
    %pad/u 32;
    %cmpi/ne 1, 0, 32;
    %jmp/0xz T_8.15, 4;
    %wait E_000001cf3bd59e60;
    %delay 1000, 0;
    %jmp T_8.14;
T_8.15 ;
    %wait E_000001cf3bd59a20;
    %pushi/vec4 1, 0, 1;
    %store/vec4 v000001cf3bdbcdc0_0, 0, 1;
    %delay 1000, 0;
    %wait E_000001cf3bd59e60;
    %delay 1000, 0;
    %load/vec4 v000001cf3bdbe620_0;
    %cmpi/e 2, 0, 4;
    %jmp/0xz  T_8.16, 4;
    %vpi_call 2 161 "$display", "all good" {0 0 0};
    %jmp T_8.17;
T_8.16 ;
    %vpi_call 2 163 "$display", "problem after S1" {0 0 0};
T_8.17 ;
T_8.18 ;
    %load/vec4 v000001cf3bdbe620_0;
    %cmpi/ne 0, 0, 4;
    %jmp/0xz T_8.19, 4;
    %wait E_000001cf3bd59e60;
    %delay 1000, 0;
    %jmp T_8.18;
T_8.19 ;
T_8.20 ;
    %load/vec4 v000001cf3bdbe1c0_0;
    %pad/u 32;
    %cmpi/ne 1, 0, 32;
    %jmp/0xz T_8.21, 4;
    %wait E_000001cf3bd59e60;
    %delay 1000, 0;
    %jmp T_8.20;
T_8.21 ;
    %wait E_000001cf3bd59a20;
    %pushi/vec4 0, 0, 1;
    %store/vec4 v000001cf3bdbcdc0_0, 0, 1;
    %delay 1000, 0;
    %load/vec4 v000001cf3bdbe620_0;
    %cmpi/e 0, 0, 4;
    %jmp/0xz  T_8.22, 4;
    %vpi_call 2 177 "$display", "case 4 PASS" {0 0 0};
    %jmp T_8.23;
T_8.22 ;
    %vpi_call 2 179 "$display", "case 4 FAIL" {0 0 0};
T_8.23 ;
T_8.24 ;
    %load/vec4 v000001cf3bdbe620_0;
    %cmpi/ne 5, 0, 4;
    %jmp/0xz T_8.25, 4;
    %wait E_000001cf3bd59e60;
    %delay 1000, 0;
    %jmp T_8.24;
T_8.25 ;
T_8.26 ;
    %load/vec4 v000001cf3bdbe1c0_0;
    %pad/u 32;
    %cmpi/ne 1, 0, 32;
    %jmp/0xz T_8.27, 4;
    %wait E_000001cf3bd59e60;
    %delay 1000, 0;
    %jmp T_8.26;
T_8.27 ;
    %wait E_000001cf3bd59a20;
    %pushi/vec4 1, 0, 1;
    %store/vec4 v000001cf3bdbdfe0_0, 0, 1;
    %delay 1000, 0;
T_8.28 ;
    %load/vec4 v000001cf3bdbe620_0;
    %cmpi/ne 4, 0, 4;
    %jmp/0xz T_8.29, 4;
    %wait E_000001cf3bd59e60;
    %delay 1000, 0;
    %jmp T_8.28;
T_8.29 ;
    %wait E_000001cf3bd59a20;
    %pushi/vec4 0, 0, 1;
    %store/vec4 v000001cf3bdbdfe0_0, 0, 1;
    %delay 1000, 0;
T_8.30 ;
    %load/vec4 v000001cf3bdbe620_0;
    %cmpi/ne 0, 0, 4;
    %jmp/0xz T_8.31, 4;
    %wait E_000001cf3bd59e60;
    %delay 1000, 0;
    %jmp T_8.30;
T_8.31 ;
T_8.32 ;
    %load/vec4 v000001cf3bdbe1c0_0;
    %pad/u 32;
    %cmpi/ne 1, 0, 32;
    %jmp/0xz T_8.33, 4;
    %wait E_000001cf3bd59e60;
    %delay 1000, 0;
    %jmp T_8.32;
T_8.33 ;
    %load/vec4 v000001cf3bdbe620_0;
    %cmpi/e 0, 0, 4;
    %jmp/0xz  T_8.34, 4;
    %vpi_call 2 210 "$display", "case 5 pass" {0 0 0};
    %jmp T_8.35;
T_8.34 ;
    %vpi_call 2 212 "$display", "case 5 failed" {0 0 0};
T_8.35 ;
    %wait E_000001cf3bd59e60;
T_8.36 ;
    %load/vec4 v000001cf3bdbe620_0;
    %cmpi/ne 6, 0, 4;
    %jmp/0xz T_8.37, 4;
    %wait E_000001cf3bd59e60;
    %delay 1000, 0;
    %jmp T_8.36;
T_8.37 ;
T_8.38 ;
    %load/vec4 v000001cf3bdbe1c0_0;
    %pad/u 32;
    %cmpi/ne 1, 0, 32;
    %jmp/0xz T_8.39, 4;
    %wait E_000001cf3bd59e60;
    %delay 1000, 0;
    %jmp T_8.38;
T_8.39 ;
    %wait E_000001cf3bd59a20;
    %pushi/vec4 1, 0, 1;
    %store/vec4 v000001cf3bdbd4a0_0, 0, 1;
    %delay 1000, 0;
T_8.40 ;
    %load/vec4 v000001cf3bdbe620_0;
    %cmpi/ne 9, 0, 4;
    %jmp/0xz T_8.41, 4;
    %wait E_000001cf3bd59e60;
    %delay 1000, 0;
    %jmp T_8.40;
T_8.41 ;
    %wait E_000001cf3bd59a20;
    %pushi/vec4 0, 0, 1;
    %store/vec4 v000001cf3bdbd4a0_0, 0, 1;
    %delay 1000, 0;
T_8.42 ;
    %load/vec4 v000001cf3bdbe620_0;
    %cmpi/ne 0, 0, 4;
    %jmp/0xz T_8.43, 4;
    %wait E_000001cf3bd59e60;
    %delay 1000, 0;
    %jmp T_8.42;
T_8.43 ;
T_8.44 ;
    %load/vec4 v000001cf3bdbe1c0_0;
    %pad/u 32;
    %cmpi/ne 1, 0, 32;
    %jmp/0xz T_8.45, 4;
    %wait E_000001cf3bd59e60;
    %delay 1000, 0;
    %jmp T_8.44;
T_8.45 ;
    %load/vec4 v000001cf3bdbe620_0;
    %cmpi/e 0, 0, 4;
    %jmp/0xz  T_8.46, 4;
    %vpi_call 2 244 "$display", "case 6 pass" {0 0 0};
    %jmp T_8.47;
T_8.46 ;
    %vpi_call 2 246 "$display", "case 6 failed" {0 0 0};
T_8.47 ;
    %vpi_call 2 248 "$finish" {0 0 0};
    %end;
    .thread T_8;
# The file index is used to find the file name in the following table.
:file_names 8;
    "N/A";
    "<interactive>";
    "tb/traffic_light_controller_TB.v";
    "rtl/traffic_light_controller.v";
    "rtl/timer.v";
    "rtl/state_register.v";
    "rtl/next_state_logic.v";
    "rtl/output_logic.v";
