#! /c/Source/iverilog-install/bin/vvp
:ivl_version "12.0 (devel)" "(s20150603-1539-g2693dd32b)";
:ivl_delay_selection "TYPICAL";
:vpi_time_precision - 12;
:vpi_module "C:\iverilog\lib\ivl\system.vpi";
:vpi_module "C:\iverilog\lib\ivl\vhdl_sys.vpi";
:vpi_module "C:\iverilog\lib\ivl\vhdl_textio.vpi";
:vpi_module "C:\iverilog\lib\ivl\v2005_math.vpi";
:vpi_module "C:\iverilog\lib\ivl\va_math.vpi";
S_000001d3eccf41b0 .scope module, "next_state_tb" "next_state_tb" 2 3;
 .timescale -9 -12;
P_000001d3ecd27f10 .param/l "S0" 1 2 35, C4<00000>;
P_000001d3ecd27f48 .param/l "S1" 1 2 36, C4<00001>;
P_000001d3ecd27f80 .param/l "S10" 1 2 45, C4<01010>;
P_000001d3ecd27fb8 .param/l "S11" 1 2 46, C4<01011>;
P_000001d3ecd27ff0 .param/l "S12" 1 2 47, C4<01100>;
P_000001d3ecd28028 .param/l "S13" 1 2 48, C4<01101>;
P_000001d3ecd28060 .param/l "S14" 1 2 49, C4<01110>;
P_000001d3ecd28098 .param/l "S15" 1 2 50, C4<01111>;
P_000001d3ecd280d0 .param/l "S16" 1 2 51, C4<10000>;
P_000001d3ecd28108 .param/l "S17" 1 2 52, C4<10001>;
P_000001d3ecd28140 .param/l "S18" 1 2 53, C4<10010>;
P_000001d3ecd28178 .param/l "S19" 1 2 54, C4<10011>;
P_000001d3ecd281b0 .param/l "S2" 1 2 37, C4<00010>;
P_000001d3ecd281e8 .param/l "S3" 1 2 38, C4<00011>;
P_000001d3ecd28220 .param/l "S4" 1 2 39, C4<00100>;
P_000001d3ecd28258 .param/l "S5" 1 2 40, C4<00101>;
P_000001d3ecd28290 .param/l "S6" 1 2 41, C4<00110>;
P_000001d3ecd282c8 .param/l "S7" 1 2 42, C4<00111>;
P_000001d3ecd28300 .param/l "S8" 1 2 43, C4<01000>;
P_000001d3ecd28338 .param/l "S9" 1 2 44, C4<01001>;
v000001d3ecdad080_0 .var "current_state", 4 0;
v000001d3ecdad120_0 .var "emergency_req_A", 0 0;
v000001d3ecdad1c0_0 .var "emergency_req_B", 0 0;
v000001d3ecdad260_0 .var "emergency_req_C", 0 0;
v000001d3ecdad300_0 .var "emergency_req_D", 0 0;
v000001d3ecdae070_0 .net "next_state", 4 0, v000001d3ecdaccc0_0;  1 drivers
v000001d3ecdae2f0_0 .var "ped_req_A", 0 0;
v000001d3ecdadfd0_0 .var "ped_req_B", 0 0;
v000001d3ecdad5d0_0 .var "ped_req_C", 0 0;
v000001d3ecdad8f0_0 .var "ped_req_D", 0 0;
v000001d3ecdaddf0_0 .var "timer_done", 0 0;
S_000001d3ecd4ec60 .scope module, "dut" "next_state" 2 18, 3 3 0, S_000001d3eccf41b0;
 .timescale -9 -12;
    .port_info 0 /INPUT 5 "current_state";
    .port_info 1 /INPUT 1 "timer_done";
    .port_info 2 /INPUT 1 "emergency_req_A";
    .port_info 3 /INPUT 1 "emergency_req_B";
    .port_info 4 /INPUT 1 "emergency_req_C";
    .port_info 5 /INPUT 1 "emergency_req_D";
    .port_info 6 /INPUT 1 "ped_req_A";
    .port_info 7 /INPUT 1 "ped_req_B";
    .port_info 8 /INPUT 1 "ped_req_C";
    .port_info 9 /INPUT 1 "ped_req_D";
    .port_info 10 /OUTPUT 5 "next_state";
P_000001d3eccc27f0 .param/l "S0" 1 3 21, C4<00000>;
P_000001d3eccc2828 .param/l "S1" 1 3 22, C4<00001>;
P_000001d3eccc2860 .param/l "S10" 1 3 31, C4<01010>;
P_000001d3eccc2898 .param/l "S11" 1 3 32, C4<01011>;
P_000001d3eccc28d0 .param/l "S12" 1 3 33, C4<01100>;
P_000001d3eccc2908 .param/l "S13" 1 3 34, C4<01101>;
P_000001d3eccc2940 .param/l "S14" 1 3 35, C4<01110>;
P_000001d3eccc2978 .param/l "S15" 1 3 36, C4<01111>;
P_000001d3eccc29b0 .param/l "S16" 1 3 37, C4<10000>;
P_000001d3eccc29e8 .param/l "S17" 1 3 38, C4<10001>;
P_000001d3eccc2a20 .param/l "S18" 1 3 39, C4<10010>;
P_000001d3eccc2a58 .param/l "S19" 1 3 40, C4<10011>;
P_000001d3eccc2a90 .param/l "S2" 1 3 23, C4<00010>;
P_000001d3eccc2ac8 .param/l "S3" 1 3 24, C4<00011>;
P_000001d3eccc2b00 .param/l "S4" 1 3 25, C4<00100>;
P_000001d3eccc2b38 .param/l "S5" 1 3 26, C4<00101>;
P_000001d3eccc2b70 .param/l "S6" 1 3 27, C4<00110>;
P_000001d3eccc2ba8 .param/l "S7" 1 3 28, C4<00111>;
P_000001d3eccc2be0 .param/l "S8" 1 3 29, C4<01000>;
P_000001d3eccc2c18 .param/l "S9" 1 3 30, C4<01001>;
v000001d3eccc3000_0 .net "current_state", 4 0, v000001d3ecdad080_0;  1 drivers
v000001d3ecd54330_0 .net "emergency_req_A", 0 0, v000001d3ecdad120_0;  1 drivers
v000001d3ecd543d0_0 .net "emergency_req_B", 0 0, v000001d3ecdad1c0_0;  1 drivers
v000001d3ecdacb80_0 .net "emergency_req_C", 0 0, v000001d3ecdad260_0;  1 drivers
v000001d3ecdacc20_0 .net "emergency_req_D", 0 0, v000001d3ecdad300_0;  1 drivers
v000001d3ecdaccc0_0 .var "next_state", 4 0;
v000001d3ecdacd60_0 .net "ped_req_A", 0 0, v000001d3ecdae2f0_0;  1 drivers
v000001d3ecdace00_0 .net "ped_req_B", 0 0, v000001d3ecdadfd0_0;  1 drivers
v000001d3ecdacea0_0 .net "ped_req_C", 0 0, v000001d3ecdad5d0_0;  1 drivers
v000001d3ecdacf40_0 .net "ped_req_D", 0 0, v000001d3ecdad8f0_0;  1 drivers
v000001d3ecdacfe0_0 .net "timer_done", 0 0, v000001d3ecdaddf0_0;  1 drivers
E_000001d3ecd4ad40/0 .event anyedge, v000001d3eccc3000_0, v000001d3ecd54330_0, v000001d3ecd543d0_0, v000001d3ecdacb80_0;
E_000001d3ecd4ad40/1 .event anyedge, v000001d3ecdacc20_0, v000001d3ecdacfe0_0, v000001d3ecdacd60_0, v000001d3ecdace00_0;
E_000001d3ecd4ad40/2 .event anyedge, v000001d3ecdacea0_0, v000001d3ecdacf40_0;
E_000001d3ecd4ad40 .event/or E_000001d3ecd4ad40/0, E_000001d3ecd4ad40/1, E_000001d3ecd4ad40/2;
    .scope S_000001d3ecd4ec60;
T_0 ;
    %wait E_000001d3ecd4ad40;
    %load/vec4 v000001d3eccc3000_0;
    %dup/vec4;
    %pushi/vec4 0, 0, 5;
    %cmp/u;
    %jmp/1 T_0.0, 6;
    %dup/vec4;
    %pushi/vec4 1, 0, 5;
    %cmp/u;
    %jmp/1 T_0.1, 6;
    %dup/vec4;
    %pushi/vec4 2, 0, 5;
    %cmp/u;
    %jmp/1 T_0.2, 6;
    %dup/vec4;
    %pushi/vec4 3, 0, 5;
    %cmp/u;
    %jmp/1 T_0.3, 6;
    %dup/vec4;
    %pushi/vec4 4, 0, 5;
    %cmp/u;
    %jmp/1 T_0.4, 6;
    %dup/vec4;
    %pushi/vec4 5, 0, 5;
    %cmp/u;
    %jmp/1 T_0.5, 6;
    %dup/vec4;
    %pushi/vec4 6, 0, 5;
    %cmp/u;
    %jmp/1 T_0.6, 6;
    %dup/vec4;
    %pushi/vec4 7, 0, 5;
    %cmp/u;
    %jmp/1 T_0.7, 6;
    %dup/vec4;
    %pushi/vec4 8, 0, 5;
    %cmp/u;
    %jmp/1 T_0.8, 6;
    %dup/vec4;
    %pushi/vec4 9, 0, 5;
    %cmp/u;
    %jmp/1 T_0.9, 6;
    %dup/vec4;
    %pushi/vec4 10, 0, 5;
    %cmp/u;
    %jmp/1 T_0.10, 6;
    %dup/vec4;
    %pushi/vec4 11, 0, 5;
    %cmp/u;
    %jmp/1 T_0.11, 6;
    %dup/vec4;
    %pushi/vec4 12, 0, 5;
    %cmp/u;
    %jmp/1 T_0.12, 6;
    %dup/vec4;
    %pushi/vec4 13, 0, 5;
    %cmp/u;
    %jmp/1 T_0.13, 6;
    %dup/vec4;
    %pushi/vec4 14, 0, 5;
    %cmp/u;
    %jmp/1 T_0.14, 6;
    %dup/vec4;
    %pushi/vec4 15, 0, 5;
    %cmp/u;
    %jmp/1 T_0.15, 6;
    %dup/vec4;
    %pushi/vec4 16, 0, 5;
    %cmp/u;
    %jmp/1 T_0.16, 6;
    %dup/vec4;
    %pushi/vec4 17, 0, 5;
    %cmp/u;
    %jmp/1 T_0.17, 6;
    %dup/vec4;
    %pushi/vec4 18, 0, 5;
    %cmp/u;
    %jmp/1 T_0.18, 6;
    %dup/vec4;
    %pushi/vec4 14, 0, 5;
    %cmp/u;
    %jmp/1 T_0.19, 6;
    %jmp T_0.20;
T_0.0 ;
    %load/vec4 v000001d3ecd54330_0;
    %flag_set/vec4 8;
    %jmp/0xz  T_0.21, 8;
    %pushi/vec4 4, 0, 5;
    %store/vec4 v000001d3ecdaccc0_0, 0, 5;
    %jmp T_0.22;
T_0.21 ;
    %load/vec4 v000001d3ecd543d0_0;
    %flag_set/vec4 8;
    %jmp/0xz  T_0.23, 8;
    %pushi/vec4 9, 0, 5;
    %store/vec4 v000001d3ecdaccc0_0, 0, 5;
    %jmp T_0.24;
T_0.23 ;
    %load/vec4 v000001d3ecdacb80_0;
    %flag_set/vec4 8;
    %jmp/0xz  T_0.25, 8;
    %pushi/vec4 14, 0, 5;
    %store/vec4 v000001d3ecdaccc0_0, 0, 5;
    %jmp T_0.26;
T_0.25 ;
    %load/vec4 v000001d3ecdacc20_0;
    %flag_set/vec4 8;
    %jmp/0xz  T_0.27, 8;
    %pushi/vec4 19, 0, 5;
    %store/vec4 v000001d3ecdaccc0_0, 0, 5;
    %jmp T_0.28;
T_0.27 ;
    %load/vec4 v000001d3ecdacfe0_0;
    %cmpi/e 0, 0, 1;
    %jmp/0xz  T_0.29, 4;
    %load/vec4 v000001d3eccc3000_0;
    %store/vec4 v000001d3ecdaccc0_0, 0, 5;
    %jmp T_0.30;
T_0.29 ;
    %pushi/vec4 1, 0, 5;
    %store/vec4 v000001d3ecdaccc0_0, 0, 5;
T_0.30 ;
T_0.28 ;
T_0.26 ;
T_0.24 ;
T_0.22 ;
    %jmp T_0.20;
T_0.1 ;
    %load/vec4 v000001d3ecd54330_0;
    %flag_set/vec4 8;
    %jmp/0xz  T_0.31, 8;
    %pushi/vec4 4, 0, 5;
    %store/vec4 v000001d3ecdaccc0_0, 0, 5;
    %jmp T_0.32;
T_0.31 ;
    %load/vec4 v000001d3ecd543d0_0;
    %flag_set/vec4 8;
    %jmp/0xz  T_0.33, 8;
    %pushi/vec4 9, 0, 5;
    %store/vec4 v000001d3ecdaccc0_0, 0, 5;
    %jmp T_0.34;
T_0.33 ;
    %load/vec4 v000001d3ecdacb80_0;
    %flag_set/vec4 8;
    %jmp/0xz  T_0.35, 8;
    %pushi/vec4 14, 0, 5;
    %store/vec4 v000001d3ecdaccc0_0, 0, 5;
    %jmp T_0.36;
T_0.35 ;
    %load/vec4 v000001d3ecdacc20_0;
    %flag_set/vec4 8;
    %jmp/0xz  T_0.37, 8;
    %pushi/vec4 19, 0, 5;
    %store/vec4 v000001d3ecdaccc0_0, 0, 5;
    %jmp T_0.38;
T_0.37 ;
    %load/vec4 v000001d3ecdacfe0_0;
    %cmpi/e 0, 0, 1;
    %jmp/0xz  T_0.39, 4;
    %load/vec4 v000001d3eccc3000_0;
    %store/vec4 v000001d3ecdaccc0_0, 0, 5;
    %jmp T_0.40;
T_0.39 ;
    %pushi/vec4 2, 0, 5;
    %store/vec4 v000001d3ecdaccc0_0, 0, 5;
T_0.40 ;
T_0.38 ;
T_0.36 ;
T_0.34 ;
T_0.32 ;
    %jmp T_0.20;
T_0.2 ;
    %load/vec4 v000001d3ecd54330_0;
    %flag_set/vec4 8;
    %jmp/0xz  T_0.41, 8;
    %pushi/vec4 4, 0, 5;
    %store/vec4 v000001d3ecdaccc0_0, 0, 5;
    %jmp T_0.42;
T_0.41 ;
    %load/vec4 v000001d3ecd543d0_0;
    %flag_set/vec4 8;
    %jmp/0xz  T_0.43, 8;
    %pushi/vec4 9, 0, 5;
    %store/vec4 v000001d3ecdaccc0_0, 0, 5;
    %jmp T_0.44;
T_0.43 ;
    %load/vec4 v000001d3ecdacb80_0;
    %flag_set/vec4 8;
    %jmp/0xz  T_0.45, 8;
    %pushi/vec4 14, 0, 5;
    %store/vec4 v000001d3ecdaccc0_0, 0, 5;
    %jmp T_0.46;
T_0.45 ;
    %load/vec4 v000001d3ecdacc20_0;
    %flag_set/vec4 8;
    %jmp/0xz  T_0.47, 8;
    %pushi/vec4 19, 0, 5;
    %store/vec4 v000001d3ecdaccc0_0, 0, 5;
    %jmp T_0.48;
T_0.47 ;
    %load/vec4 v000001d3ecdacfe0_0;
    %cmpi/e 0, 0, 1;
    %jmp/0xz  T_0.49, 4;
    %load/vec4 v000001d3eccc3000_0;
    %store/vec4 v000001d3ecdaccc0_0, 0, 5;
    %jmp T_0.50;
T_0.49 ;
    %load/vec4 v000001d3ecdacd60_0;
    %flag_set/vec4 8;
    %jmp/0xz  T_0.51, 8;
    %pushi/vec4 3, 0, 5;
    %store/vec4 v000001d3ecdaccc0_0, 0, 5;
    %jmp T_0.52;
T_0.51 ;
    %pushi/vec4 5, 0, 5;
    %store/vec4 v000001d3ecdaccc0_0, 0, 5;
T_0.52 ;
T_0.50 ;
T_0.48 ;
T_0.46 ;
T_0.44 ;
T_0.42 ;
    %jmp T_0.20;
T_0.3 ;
    %load/vec4 v000001d3ecd54330_0;
    %flag_set/vec4 8;
    %jmp/0xz  T_0.53, 8;
    %pushi/vec4 4, 0, 5;
    %store/vec4 v000001d3ecdaccc0_0, 0, 5;
    %jmp T_0.54;
T_0.53 ;
    %load/vec4 v000001d3ecd543d0_0;
    %flag_set/vec4 8;
    %jmp/0xz  T_0.55, 8;
    %pushi/vec4 9, 0, 5;
    %store/vec4 v000001d3ecdaccc0_0, 0, 5;
    %jmp T_0.56;
T_0.55 ;
    %load/vec4 v000001d3ecdacb80_0;
    %flag_set/vec4 8;
    %jmp/0xz  T_0.57, 8;
    %pushi/vec4 14, 0, 5;
    %store/vec4 v000001d3ecdaccc0_0, 0, 5;
    %jmp T_0.58;
T_0.57 ;
    %load/vec4 v000001d3ecdacc20_0;
    %flag_set/vec4 8;
    %jmp/0xz  T_0.59, 8;
    %pushi/vec4 19, 0, 5;
    %store/vec4 v000001d3ecdaccc0_0, 0, 5;
    %jmp T_0.60;
T_0.59 ;
    %load/vec4 v000001d3ecdacfe0_0;
    %cmpi/e 0, 0, 1;
    %jmp/0xz  T_0.61, 4;
    %load/vec4 v000001d3eccc3000_0;
    %store/vec4 v000001d3ecdaccc0_0, 0, 5;
    %jmp T_0.62;
T_0.61 ;
    %pushi/vec4 5, 0, 5;
    %store/vec4 v000001d3ecdaccc0_0, 0, 5;
T_0.62 ;
T_0.60 ;
T_0.58 ;
T_0.56 ;
T_0.54 ;
    %jmp T_0.20;
T_0.4 ;
    %load/vec4 v000001d3ecd54330_0;
    %flag_set/vec4 8;
    %jmp/0xz  T_0.63, 8;
    %load/vec4 v000001d3eccc3000_0;
    %store/vec4 v000001d3ecdaccc0_0, 0, 5;
    %jmp T_0.64;
T_0.63 ;
    %load/vec4 v000001d3ecdacfe0_0;
    %cmpi/e 0, 0, 1;
    %jmp/0xz  T_0.65, 4;
    %load/vec4 v000001d3eccc3000_0;
    %store/vec4 v000001d3ecdaccc0_0, 0, 5;
    %jmp T_0.66;
T_0.65 ;
    %pushi/vec4 0, 0, 5;
    %store/vec4 v000001d3ecdaccc0_0, 0, 5;
T_0.66 ;
T_0.64 ;
    %jmp T_0.20;
T_0.5 ;
    %load/vec4 v000001d3ecd54330_0;
    %flag_set/vec4 8;
    %jmp/0xz  T_0.67, 8;
    %pushi/vec4 4, 0, 5;
    %store/vec4 v000001d3ecdaccc0_0, 0, 5;
    %jmp T_0.68;
T_0.67 ;
    %load/vec4 v000001d3ecd543d0_0;
    %flag_set/vec4 8;
    %jmp/0xz  T_0.69, 8;
    %pushi/vec4 9, 0, 5;
    %store/vec4 v000001d3ecdaccc0_0, 0, 5;
    %jmp T_0.70;
T_0.69 ;
    %load/vec4 v000001d3ecdacb80_0;
    %flag_set/vec4 8;
    %jmp/0xz  T_0.71, 8;
    %pushi/vec4 14, 0, 5;
    %store/vec4 v000001d3ecdaccc0_0, 0, 5;
    %jmp T_0.72;
T_0.71 ;
    %load/vec4 v000001d3ecdacc20_0;
    %flag_set/vec4 8;
    %jmp/0xz  T_0.73, 8;
    %pushi/vec4 19, 0, 5;
    %store/vec4 v000001d3ecdaccc0_0, 0, 5;
    %jmp T_0.74;
T_0.73 ;
    %load/vec4 v000001d3ecdacfe0_0;
    %cmpi/e 0, 0, 1;
    %jmp/0xz  T_0.75, 4;
    %load/vec4 v000001d3eccc3000_0;
    %store/vec4 v000001d3ecdaccc0_0, 0, 5;
    %jmp T_0.76;
T_0.75 ;
    %pushi/vec4 6, 0, 5;
    %store/vec4 v000001d3ecdaccc0_0, 0, 5;
T_0.76 ;
T_0.74 ;
T_0.72 ;
T_0.70 ;
T_0.68 ;
    %jmp T_0.20;
T_0.6 ;
    %load/vec4 v000001d3ecd54330_0;
    %flag_set/vec4 8;
    %jmp/0xz  T_0.77, 8;
    %pushi/vec4 4, 0, 5;
    %store/vec4 v000001d3ecdaccc0_0, 0, 5;
    %jmp T_0.78;
T_0.77 ;
    %load/vec4 v000001d3ecd543d0_0;
    %flag_set/vec4 8;
    %jmp/0xz  T_0.79, 8;
    %pushi/vec4 9, 0, 5;
    %store/vec4 v000001d3ecdaccc0_0, 0, 5;
    %jmp T_0.80;
T_0.79 ;
    %load/vec4 v000001d3ecdacb80_0;
    %flag_set/vec4 8;
    %jmp/0xz  T_0.81, 8;
    %pushi/vec4 14, 0, 5;
    %store/vec4 v000001d3ecdaccc0_0, 0, 5;
    %jmp T_0.82;
T_0.81 ;
    %load/vec4 v000001d3ecdacc20_0;
    %flag_set/vec4 8;
    %jmp/0xz  T_0.83, 8;
    %pushi/vec4 19, 0, 5;
    %store/vec4 v000001d3ecdaccc0_0, 0, 5;
    %jmp T_0.84;
T_0.83 ;
    %load/vec4 v000001d3ecdacfe0_0;
    %cmpi/e 0, 0, 1;
    %jmp/0xz  T_0.85, 4;
    %load/vec4 v000001d3eccc3000_0;
    %store/vec4 v000001d3ecdaccc0_0, 0, 5;
    %jmp T_0.86;
T_0.85 ;
    %pushi/vec4 7, 0, 5;
    %store/vec4 v000001d3ecdaccc0_0, 0, 5;
T_0.86 ;
T_0.84 ;
T_0.82 ;
T_0.80 ;
T_0.78 ;
    %jmp T_0.20;
T_0.7 ;
    %load/vec4 v000001d3ecd54330_0;
    %flag_set/vec4 8;
    %jmp/0xz  T_0.87, 8;
    %pushi/vec4 4, 0, 5;
    %store/vec4 v000001d3ecdaccc0_0, 0, 5;
    %jmp T_0.88;
T_0.87 ;
    %load/vec4 v000001d3ecd543d0_0;
    %flag_set/vec4 8;
    %jmp/0xz  T_0.89, 8;
    %pushi/vec4 9, 0, 5;
    %store/vec4 v000001d3ecdaccc0_0, 0, 5;
    %jmp T_0.90;
T_0.89 ;
    %load/vec4 v000001d3ecdacb80_0;
    %flag_set/vec4 8;
    %jmp/0xz  T_0.91, 8;
    %pushi/vec4 14, 0, 5;
    %store/vec4 v000001d3ecdaccc0_0, 0, 5;
    %jmp T_0.92;
T_0.91 ;
    %load/vec4 v000001d3ecdacc20_0;
    %flag_set/vec4 8;
    %jmp/0xz  T_0.93, 8;
    %pushi/vec4 19, 0, 5;
    %store/vec4 v000001d3ecdaccc0_0, 0, 5;
    %jmp T_0.94;
T_0.93 ;
    %load/vec4 v000001d3ecdacfe0_0;
    %cmpi/e 0, 0, 1;
    %jmp/0xz  T_0.95, 4;
    %load/vec4 v000001d3eccc3000_0;
    %store/vec4 v000001d3ecdaccc0_0, 0, 5;
    %jmp T_0.96;
T_0.95 ;
    %load/vec4 v000001d3ecdace00_0;
    %flag_set/vec4 8;
    %jmp/0xz  T_0.97, 8;
    %pushi/vec4 8, 0, 5;
    %store/vec4 v000001d3ecdaccc0_0, 0, 5;
    %jmp T_0.98;
T_0.97 ;
    %pushi/vec4 10, 0, 5;
    %store/vec4 v000001d3ecdaccc0_0, 0, 5;
T_0.98 ;
T_0.96 ;
T_0.94 ;
T_0.92 ;
T_0.90 ;
T_0.88 ;
    %jmp T_0.20;
T_0.8 ;
    %load/vec4 v000001d3ecd54330_0;
    %flag_set/vec4 8;
    %jmp/0xz  T_0.99, 8;
    %pushi/vec4 4, 0, 5;
    %store/vec4 v000001d3ecdaccc0_0, 0, 5;
    %jmp T_0.100;
T_0.99 ;
    %load/vec4 v000001d3ecd543d0_0;
    %flag_set/vec4 8;
    %jmp/0xz  T_0.101, 8;
    %pushi/vec4 9, 0, 5;
    %store/vec4 v000001d3ecdaccc0_0, 0, 5;
    %jmp T_0.102;
T_0.101 ;
    %load/vec4 v000001d3ecdacb80_0;
    %flag_set/vec4 8;
    %jmp/0xz  T_0.103, 8;
    %pushi/vec4 14, 0, 5;
    %store/vec4 v000001d3ecdaccc0_0, 0, 5;
    %jmp T_0.104;
T_0.103 ;
    %load/vec4 v000001d3ecdacc20_0;
    %flag_set/vec4 8;
    %jmp/0xz  T_0.105, 8;
    %pushi/vec4 19, 0, 5;
    %store/vec4 v000001d3ecdaccc0_0, 0, 5;
    %jmp T_0.106;
T_0.105 ;
    %load/vec4 v000001d3ecdacfe0_0;
    %cmpi/e 0, 0, 1;
    %jmp/0xz  T_0.107, 4;
    %load/vec4 v000001d3eccc3000_0;
    %store/vec4 v000001d3ecdaccc0_0, 0, 5;
    %jmp T_0.108;
T_0.107 ;
    %pushi/vec4 10, 0, 5;
    %store/vec4 v000001d3ecdaccc0_0, 0, 5;
T_0.108 ;
T_0.106 ;
T_0.104 ;
T_0.102 ;
T_0.100 ;
    %jmp T_0.20;
T_0.9 ;
    %load/vec4 v000001d3ecd543d0_0;
    %flag_set/vec4 8;
    %jmp/0xz  T_0.109, 8;
    %load/vec4 v000001d3eccc3000_0;
    %store/vec4 v000001d3ecdaccc0_0, 0, 5;
    %jmp T_0.110;
T_0.109 ;
    %load/vec4 v000001d3ecdacfe0_0;
    %cmpi/e 0, 0, 1;
    %jmp/0xz  T_0.111, 4;
    %load/vec4 v000001d3eccc3000_0;
    %store/vec4 v000001d3ecdaccc0_0, 0, 5;
    %jmp T_0.112;
T_0.111 ;
    %pushi/vec4 0, 0, 5;
    %store/vec4 v000001d3ecdaccc0_0, 0, 5;
T_0.112 ;
T_0.110 ;
    %jmp T_0.20;
T_0.10 ;
    %load/vec4 v000001d3ecd54330_0;
    %flag_set/vec4 8;
    %jmp/0xz  T_0.113, 8;
    %pushi/vec4 4, 0, 5;
    %store/vec4 v000001d3ecdaccc0_0, 0, 5;
    %jmp T_0.114;
T_0.113 ;
    %load/vec4 v000001d3ecd543d0_0;
    %flag_set/vec4 8;
    %jmp/0xz  T_0.115, 8;
    %pushi/vec4 9, 0, 5;
    %store/vec4 v000001d3ecdaccc0_0, 0, 5;
    %jmp T_0.116;
T_0.115 ;
    %load/vec4 v000001d3ecdacb80_0;
    %flag_set/vec4 8;
    %jmp/0xz  T_0.117, 8;
    %pushi/vec4 14, 0, 5;
    %store/vec4 v000001d3ecdaccc0_0, 0, 5;
    %jmp T_0.118;
T_0.117 ;
    %load/vec4 v000001d3ecdacc20_0;
    %flag_set/vec4 8;
    %jmp/0xz  T_0.119, 8;
    %pushi/vec4 19, 0, 5;
    %store/vec4 v000001d3ecdaccc0_0, 0, 5;
    %jmp T_0.120;
T_0.119 ;
    %load/vec4 v000001d3ecdacfe0_0;
    %cmpi/e 0, 0, 1;
    %jmp/0xz  T_0.121, 4;
    %load/vec4 v000001d3eccc3000_0;
    %store/vec4 v000001d3ecdaccc0_0, 0, 5;
    %jmp T_0.122;
T_0.121 ;
    %pushi/vec4 11, 0, 5;
    %store/vec4 v000001d3ecdaccc0_0, 0, 5;
T_0.122 ;
T_0.120 ;
T_0.118 ;
T_0.116 ;
T_0.114 ;
    %jmp T_0.20;
T_0.11 ;
    %load/vec4 v000001d3ecd54330_0;
    %flag_set/vec4 8;
    %jmp/0xz  T_0.123, 8;
    %pushi/vec4 4, 0, 5;
    %store/vec4 v000001d3ecdaccc0_0, 0, 5;
    %jmp T_0.124;
T_0.123 ;
    %load/vec4 v000001d3ecd543d0_0;
    %flag_set/vec4 8;
    %jmp/0xz  T_0.125, 8;
    %pushi/vec4 9, 0, 5;
    %store/vec4 v000001d3ecdaccc0_0, 0, 5;
    %jmp T_0.126;
T_0.125 ;
    %load/vec4 v000001d3ecdacb80_0;
    %flag_set/vec4 8;
    %jmp/0xz  T_0.127, 8;
    %pushi/vec4 14, 0, 5;
    %store/vec4 v000001d3ecdaccc0_0, 0, 5;
    %jmp T_0.128;
T_0.127 ;
    %load/vec4 v000001d3ecdacc20_0;
    %flag_set/vec4 8;
    %jmp/0xz  T_0.129, 8;
    %pushi/vec4 19, 0, 5;
    %store/vec4 v000001d3ecdaccc0_0, 0, 5;
    %jmp T_0.130;
T_0.129 ;
    %load/vec4 v000001d3ecdacfe0_0;
    %cmpi/e 0, 0, 1;
    %jmp/0xz  T_0.131, 4;
    %load/vec4 v000001d3eccc3000_0;
    %store/vec4 v000001d3ecdaccc0_0, 0, 5;
    %jmp T_0.132;
T_0.131 ;
    %pushi/vec4 12, 0, 5;
    %store/vec4 v000001d3ecdaccc0_0, 0, 5;
T_0.132 ;
T_0.130 ;
T_0.128 ;
T_0.126 ;
T_0.124 ;
    %jmp T_0.20;
T_0.12 ;
    %load/vec4 v000001d3ecd54330_0;
    %flag_set/vec4 8;
    %jmp/0xz  T_0.133, 8;
    %pushi/vec4 4, 0, 5;
    %store/vec4 v000001d3ecdaccc0_0, 0, 5;
    %jmp T_0.134;
T_0.133 ;
    %load/vec4 v000001d3ecd543d0_0;
    %flag_set/vec4 8;
    %jmp/0xz  T_0.135, 8;
    %pushi/vec4 9, 0, 5;
    %store/vec4 v000001d3ecdaccc0_0, 0, 5;
    %jmp T_0.136;
T_0.135 ;
    %load/vec4 v000001d3ecdacb80_0;
    %flag_set/vec4 8;
    %jmp/0xz  T_0.137, 8;
    %pushi/vec4 14, 0, 5;
    %store/vec4 v000001d3ecdaccc0_0, 0, 5;
    %jmp T_0.138;
T_0.137 ;
    %load/vec4 v000001d3ecdacc20_0;
    %flag_set/vec4 8;
    %jmp/0xz  T_0.139, 8;
    %pushi/vec4 19, 0, 5;
    %store/vec4 v000001d3ecdaccc0_0, 0, 5;
    %jmp T_0.140;
T_0.139 ;
    %load/vec4 v000001d3ecdacfe0_0;
    %cmpi/e 0, 0, 1;
    %jmp/0xz  T_0.141, 4;
    %load/vec4 v000001d3eccc3000_0;
    %store/vec4 v000001d3ecdaccc0_0, 0, 5;
    %jmp T_0.142;
T_0.141 ;
    %load/vec4 v000001d3ecdacea0_0;
    %flag_set/vec4 8;
    %jmp/0xz  T_0.143, 8;
    %pushi/vec4 13, 0, 5;
    %store/vec4 v000001d3ecdaccc0_0, 0, 5;
    %jmp T_0.144;
T_0.143 ;
    %pushi/vec4 15, 0, 5;
    %store/vec4 v000001d3ecdaccc0_0, 0, 5;
T_0.144 ;
T_0.142 ;
T_0.140 ;
T_0.138 ;
T_0.136 ;
T_0.134 ;
    %jmp T_0.20;
T_0.13 ;
    %load/vec4 v000001d3ecd54330_0;
    %flag_set/vec4 8;
    %jmp/0xz  T_0.145, 8;
    %pushi/vec4 4, 0, 5;
    %store/vec4 v000001d3ecdaccc0_0, 0, 5;
    %jmp T_0.146;
T_0.145 ;
    %load/vec4 v000001d3ecd543d0_0;
    %flag_set/vec4 8;
    %jmp/0xz  T_0.147, 8;
    %pushi/vec4 9, 0, 5;
    %store/vec4 v000001d3ecdaccc0_0, 0, 5;
    %jmp T_0.148;
T_0.147 ;
    %load/vec4 v000001d3ecdacb80_0;
    %flag_set/vec4 8;
    %jmp/0xz  T_0.149, 8;
    %pushi/vec4 14, 0, 5;
    %store/vec4 v000001d3ecdaccc0_0, 0, 5;
    %jmp T_0.150;
T_0.149 ;
    %load/vec4 v000001d3ecdacc20_0;
    %flag_set/vec4 8;
    %jmp/0xz  T_0.151, 8;
    %pushi/vec4 19, 0, 5;
    %store/vec4 v000001d3ecdaccc0_0, 0, 5;
    %jmp T_0.152;
T_0.151 ;
    %load/vec4 v000001d3ecdacfe0_0;
    %cmpi/e 0, 0, 1;
    %jmp/0xz  T_0.153, 4;
    %load/vec4 v000001d3eccc3000_0;
    %store/vec4 v000001d3ecdaccc0_0, 0, 5;
    %jmp T_0.154;
T_0.153 ;
    %pushi/vec4 15, 0, 5;
    %store/vec4 v000001d3ecdaccc0_0, 0, 5;
T_0.154 ;
T_0.152 ;
T_0.150 ;
T_0.148 ;
T_0.146 ;
    %jmp T_0.20;
T_0.14 ;
    %load/vec4 v000001d3ecdacb80_0;
    %flag_set/vec4 8;
    %jmp/0xz  T_0.155, 8;
    %load/vec4 v000001d3eccc3000_0;
    %store/vec4 v000001d3ecdaccc0_0, 0, 5;
    %jmp T_0.156;
T_0.155 ;
    %load/vec4 v000001d3ecdacfe0_0;
    %cmpi/e 0, 0, 1;
    %jmp/0xz  T_0.157, 4;
    %load/vec4 v000001d3eccc3000_0;
    %store/vec4 v000001d3ecdaccc0_0, 0, 5;
    %jmp T_0.158;
T_0.157 ;
    %pushi/vec4 0, 0, 5;
    %store/vec4 v000001d3ecdaccc0_0, 0, 5;
T_0.158 ;
T_0.156 ;
    %jmp T_0.20;
T_0.15 ;
    %load/vec4 v000001d3ecd54330_0;
    %flag_set/vec4 8;
    %jmp/0xz  T_0.159, 8;
    %pushi/vec4 4, 0, 5;
    %store/vec4 v000001d3ecdaccc0_0, 0, 5;
    %jmp T_0.160;
T_0.159 ;
    %load/vec4 v000001d3ecd543d0_0;
    %flag_set/vec4 8;
    %jmp/0xz  T_0.161, 8;
    %pushi/vec4 9, 0, 5;
    %store/vec4 v000001d3ecdaccc0_0, 0, 5;
    %jmp T_0.162;
T_0.161 ;
    %load/vec4 v000001d3ecdacb80_0;
    %flag_set/vec4 8;
    %jmp/0xz  T_0.163, 8;
    %pushi/vec4 14, 0, 5;
    %store/vec4 v000001d3ecdaccc0_0, 0, 5;
    %jmp T_0.164;
T_0.163 ;
    %load/vec4 v000001d3ecdacc20_0;
    %flag_set/vec4 8;
    %jmp/0xz  T_0.165, 8;
    %pushi/vec4 19, 0, 5;
    %store/vec4 v000001d3ecdaccc0_0, 0, 5;
    %jmp T_0.166;
T_0.165 ;
    %load/vec4 v000001d3ecdacfe0_0;
    %cmpi/e 0, 0, 1;
    %jmp/0xz  T_0.167, 4;
    %load/vec4 v000001d3eccc3000_0;
    %store/vec4 v000001d3ecdaccc0_0, 0, 5;
    %jmp T_0.168;
T_0.167 ;
    %pushi/vec4 16, 0, 5;
    %store/vec4 v000001d3ecdaccc0_0, 0, 5;
T_0.168 ;
T_0.166 ;
T_0.164 ;
T_0.162 ;
T_0.160 ;
    %jmp T_0.20;
T_0.16 ;
    %load/vec4 v000001d3ecd54330_0;
    %flag_set/vec4 8;
    %jmp/0xz  T_0.169, 8;
    %pushi/vec4 4, 0, 5;
    %store/vec4 v000001d3ecdaccc0_0, 0, 5;
    %jmp T_0.170;
T_0.169 ;
    %load/vec4 v000001d3ecd543d0_0;
    %flag_set/vec4 8;
    %jmp/0xz  T_0.171, 8;
    %pushi/vec4 9, 0, 5;
    %store/vec4 v000001d3ecdaccc0_0, 0, 5;
    %jmp T_0.172;
T_0.171 ;
    %load/vec4 v000001d3ecdacb80_0;
    %flag_set/vec4 8;
    %jmp/0xz  T_0.173, 8;
    %pushi/vec4 14, 0, 5;
    %store/vec4 v000001d3ecdaccc0_0, 0, 5;
    %jmp T_0.174;
T_0.173 ;
    %load/vec4 v000001d3ecdacc20_0;
    %flag_set/vec4 8;
    %jmp/0xz  T_0.175, 8;
    %pushi/vec4 19, 0, 5;
    %store/vec4 v000001d3ecdaccc0_0, 0, 5;
    %jmp T_0.176;
T_0.175 ;
    %load/vec4 v000001d3ecdacfe0_0;
    %cmpi/e 0, 0, 1;
    %jmp/0xz  T_0.177, 4;
    %load/vec4 v000001d3eccc3000_0;
    %store/vec4 v000001d3ecdaccc0_0, 0, 5;
    %jmp T_0.178;
T_0.177 ;
    %pushi/vec4 17, 0, 5;
    %store/vec4 v000001d3ecdaccc0_0, 0, 5;
T_0.178 ;
T_0.176 ;
T_0.174 ;
T_0.172 ;
T_0.170 ;
    %jmp T_0.20;
T_0.17 ;
    %load/vec4 v000001d3ecd54330_0;
    %flag_set/vec4 8;
    %jmp/0xz  T_0.179, 8;
    %pushi/vec4 4, 0, 5;
    %store/vec4 v000001d3ecdaccc0_0, 0, 5;
    %jmp T_0.180;
T_0.179 ;
    %load/vec4 v000001d3ecd543d0_0;
    %flag_set/vec4 8;
    %jmp/0xz  T_0.181, 8;
    %pushi/vec4 9, 0, 5;
    %store/vec4 v000001d3ecdaccc0_0, 0, 5;
    %jmp T_0.182;
T_0.181 ;
    %load/vec4 v000001d3ecdacb80_0;
    %flag_set/vec4 8;
    %jmp/0xz  T_0.183, 8;
    %pushi/vec4 14, 0, 5;
    %store/vec4 v000001d3ecdaccc0_0, 0, 5;
    %jmp T_0.184;
T_0.183 ;
    %load/vec4 v000001d3ecdacc20_0;
    %flag_set/vec4 8;
    %jmp/0xz  T_0.185, 8;
    %pushi/vec4 19, 0, 5;
    %store/vec4 v000001d3ecdaccc0_0, 0, 5;
    %jmp T_0.186;
T_0.185 ;
    %load/vec4 v000001d3ecdacfe0_0;
    %cmpi/e 0, 0, 1;
    %jmp/0xz  T_0.187, 4;
    %load/vec4 v000001d3eccc3000_0;
    %store/vec4 v000001d3ecdaccc0_0, 0, 5;
    %jmp T_0.188;
T_0.187 ;
    %load/vec4 v000001d3ecdacf40_0;
    %flag_set/vec4 8;
    %jmp/0xz  T_0.189, 8;
    %pushi/vec4 18, 0, 5;
    %store/vec4 v000001d3ecdaccc0_0, 0, 5;
    %jmp T_0.190;
T_0.189 ;
    %pushi/vec4 0, 0, 5;
    %store/vec4 v000001d3ecdaccc0_0, 0, 5;
T_0.190 ;
T_0.188 ;
T_0.186 ;
T_0.184 ;
T_0.182 ;
T_0.180 ;
    %jmp T_0.20;
T_0.18 ;
    %load/vec4 v000001d3ecd54330_0;
    %flag_set/vec4 8;
    %jmp/0xz  T_0.191, 8;
    %pushi/vec4 4, 0, 5;
    %store/vec4 v000001d3ecdaccc0_0, 0, 5;
    %jmp T_0.192;
T_0.191 ;
    %load/vec4 v000001d3ecd543d0_0;
    %flag_set/vec4 8;
    %jmp/0xz  T_0.193, 8;
    %pushi/vec4 9, 0, 5;
    %store/vec4 v000001d3ecdaccc0_0, 0, 5;
    %jmp T_0.194;
T_0.193 ;
    %load/vec4 v000001d3ecdacb80_0;
    %flag_set/vec4 8;
    %jmp/0xz  T_0.195, 8;
    %pushi/vec4 14, 0, 5;
    %store/vec4 v000001d3ecdaccc0_0, 0, 5;
    %jmp T_0.196;
T_0.195 ;
    %load/vec4 v000001d3ecdacc20_0;
    %flag_set/vec4 8;
    %jmp/0xz  T_0.197, 8;
    %pushi/vec4 19, 0, 5;
    %store/vec4 v000001d3ecdaccc0_0, 0, 5;
    %jmp T_0.198;
T_0.197 ;
    %load/vec4 v000001d3ecdacfe0_0;
    %cmpi/e 0, 0, 1;
    %jmp/0xz  T_0.199, 4;
    %load/vec4 v000001d3eccc3000_0;
    %store/vec4 v000001d3ecdaccc0_0, 0, 5;
    %jmp T_0.200;
T_0.199 ;
    %pushi/vec4 0, 0, 5;
    %store/vec4 v000001d3ecdaccc0_0, 0, 5;
T_0.200 ;
T_0.198 ;
T_0.196 ;
T_0.194 ;
T_0.192 ;
    %jmp T_0.20;
T_0.19 ;
    %load/vec4 v000001d3ecdacc20_0;
    %flag_set/vec4 8;
    %jmp/0xz  T_0.201, 8;
    %load/vec4 v000001d3eccc3000_0;
    %store/vec4 v000001d3ecdaccc0_0, 0, 5;
    %jmp T_0.202;
T_0.201 ;
    %load/vec4 v000001d3ecdacfe0_0;
    %cmpi/e 0, 0, 1;
    %jmp/0xz  T_0.203, 4;
    %load/vec4 v000001d3eccc3000_0;
    %store/vec4 v000001d3ecdaccc0_0, 0, 5;
    %jmp T_0.204;
T_0.203 ;
    %pushi/vec4 0, 0, 5;
    %store/vec4 v000001d3ecdaccc0_0, 0, 5;
T_0.204 ;
T_0.202 ;
    %jmp T_0.20;
T_0.20 ;
    %pop/vec4 1;
    %jmp T_0;
    .thread T_0, $push;
    .scope S_000001d3eccf41b0;
T_1 ;
    %vpi_call 2 57 "$dumpfile", "phase_2/wave/next_state.vcd" {0 0 0};
    %vpi_call 2 58 "$dumpvars", 32'sb00000000000000000000000000000000, S_000001d3eccf41b0 {0 0 0};
    %end;
    .thread T_1;
    .scope S_000001d3eccf41b0;
T_2 ;
    %pushi/vec4 5, 0, 5;
    %store/vec4 v000001d3ecdad080_0, 0, 5;
    %pushi/vec4 0, 0, 1;
    %store/vec4 v000001d3ecdaddf0_0, 0, 1;
    %pushi/vec4 1, 0, 1;
    %store/vec4 v000001d3ecdad120_0, 0, 1;
    %pushi/vec4 0, 0, 1;
    %store/vec4 v000001d3ecdad1c0_0, 0, 1;
    %pushi/vec4 0, 0, 1;
    %store/vec4 v000001d3ecdad260_0, 0, 1;
    %pushi/vec4 0, 0, 1;
    %store/vec4 v000001d3ecdad300_0, 0, 1;
    %pushi/vec4 0, 0, 1;
    %store/vec4 v000001d3ecdae2f0_0, 0, 1;
    %pushi/vec4 0, 0, 1;
    %store/vec4 v000001d3ecdadfd0_0, 0, 1;
    %pushi/vec4 0, 0, 1;
    %store/vec4 v000001d3ecdad5d0_0, 0, 1;
    %pushi/vec4 0, 0, 1;
    %store/vec4 v000001d3ecdad8f0_0, 0, 1;
    %delay 10000, 0;
    %load/vec4 v000001d3ecdae070_0;
    %cmpi/e 4, 0, 5;
    %jmp/0xz  T_2.0, 4;
    %vpi_call 2 78 "$display", "case 1 : pass" {0 0 0};
    %jmp T_2.1;
T_2.0 ;
    %vpi_call 2 80 "$display", "case 1 : failed" {0 0 0};
T_2.1 ;
    %pushi/vec4 1, 0, 5;
    %store/vec4 v000001d3ecdad080_0, 0, 5;
    %pushi/vec4 0, 0, 1;
    %store/vec4 v000001d3ecdaddf0_0, 0, 1;
    %pushi/vec4 0, 0, 1;
    %store/vec4 v000001d3ecdad120_0, 0, 1;
    %pushi/vec4 1, 0, 1;
    %store/vec4 v000001d3ecdad1c0_0, 0, 1;
    %pushi/vec4 0, 0, 1;
    %store/vec4 v000001d3ecdad260_0, 0, 1;
    %pushi/vec4 0, 0, 1;
    %store/vec4 v000001d3ecdad300_0, 0, 1;
    %pushi/vec4 0, 0, 1;
    %store/vec4 v000001d3ecdae2f0_0, 0, 1;
    %pushi/vec4 0, 0, 1;
    %store/vec4 v000001d3ecdadfd0_0, 0, 1;
    %pushi/vec4 0, 0, 1;
    %store/vec4 v000001d3ecdad5d0_0, 0, 1;
    %pushi/vec4 0, 0, 1;
    %store/vec4 v000001d3ecdad8f0_0, 0, 1;
    %delay 10000, 0;
    %load/vec4 v000001d3ecdae070_0;
    %cmpi/e 9, 0, 5;
    %jmp/0xz  T_2.2, 4;
    %vpi_call 2 97 "$display", "case 2 : pass" {0 0 0};
    %jmp T_2.3;
T_2.2 ;
    %vpi_call 2 99 "$display", "case 2 : failed" {0 0 0};
T_2.3 ;
    %pushi/vec4 16, 0, 5;
    %store/vec4 v000001d3ecdad080_0, 0, 5;
    %pushi/vec4 0, 0, 1;
    %store/vec4 v000001d3ecdaddf0_0, 0, 1;
    %pushi/vec4 0, 0, 1;
    %store/vec4 v000001d3ecdad120_0, 0, 1;
    %pushi/vec4 0, 0, 1;
    %store/vec4 v000001d3ecdad1c0_0, 0, 1;
    %pushi/vec4 1, 0, 1;
    %store/vec4 v000001d3ecdad260_0, 0, 1;
    %pushi/vec4 0, 0, 1;
    %store/vec4 v000001d3ecdad300_0, 0, 1;
    %pushi/vec4 0, 0, 1;
    %store/vec4 v000001d3ecdae2f0_0, 0, 1;
    %pushi/vec4 0, 0, 1;
    %store/vec4 v000001d3ecdadfd0_0, 0, 1;
    %pushi/vec4 0, 0, 1;
    %store/vec4 v000001d3ecdad5d0_0, 0, 1;
    %pushi/vec4 0, 0, 1;
    %store/vec4 v000001d3ecdad8f0_0, 0, 1;
    %delay 10000, 0;
    %load/vec4 v000001d3ecdae070_0;
    %cmpi/e 14, 0, 5;
    %jmp/0xz  T_2.4, 4;
    %vpi_call 2 116 "$display", "case 3 : pass" {0 0 0};
    %jmp T_2.5;
T_2.4 ;
    %vpi_call 2 118 "$display", "case 3 : failed" {0 0 0};
T_2.5 ;
    %pushi/vec4 6, 0, 5;
    %store/vec4 v000001d3ecdad080_0, 0, 5;
    %pushi/vec4 1, 0, 1;
    %store/vec4 v000001d3ecdaddf0_0, 0, 1;
    %pushi/vec4 0, 0, 1;
    %store/vec4 v000001d3ecdad120_0, 0, 1;
    %pushi/vec4 0, 0, 1;
    %store/vec4 v000001d3ecdad1c0_0, 0, 1;
    %pushi/vec4 0, 0, 1;
    %store/vec4 v000001d3ecdad260_0, 0, 1;
    %pushi/vec4 0, 0, 1;
    %store/vec4 v000001d3ecdad300_0, 0, 1;
    %pushi/vec4 1, 0, 1;
    %store/vec4 v000001d3ecdae2f0_0, 0, 1;
    %pushi/vec4 0, 0, 1;
    %store/vec4 v000001d3ecdadfd0_0, 0, 1;
    %pushi/vec4 0, 0, 1;
    %store/vec4 v000001d3ecdad5d0_0, 0, 1;
    %pushi/vec4 0, 0, 1;
    %store/vec4 v000001d3ecdad8f0_0, 0, 1;
    %delay 10000, 0;
    %load/vec4 v000001d3ecdae070_0;
    %cmpi/e 7, 0, 5;
    %jmp/0xz  T_2.6, 4;
    %vpi_call 2 135 "$display", "case 4 : pass" {0 0 0};
    %jmp T_2.7;
T_2.6 ;
    %vpi_call 2 137 "$display", "case 4 : failed" {0 0 0};
T_2.7 ;
    %pushi/vec4 12, 0, 5;
    %store/vec4 v000001d3ecdad080_0, 0, 5;
    %pushi/vec4 1, 0, 1;
    %store/vec4 v000001d3ecdaddf0_0, 0, 1;
    %pushi/vec4 0, 0, 1;
    %store/vec4 v000001d3ecdad120_0, 0, 1;
    %pushi/vec4 0, 0, 1;
    %store/vec4 v000001d3ecdad1c0_0, 0, 1;
    %pushi/vec4 0, 0, 1;
    %store/vec4 v000001d3ecdad260_0, 0, 1;
    %pushi/vec4 0, 0, 1;
    %store/vec4 v000001d3ecdad300_0, 0, 1;
    %pushi/vec4 1, 0, 1;
    %store/vec4 v000001d3ecdae2f0_0, 0, 1;
    %pushi/vec4 0, 0, 1;
    %store/vec4 v000001d3ecdadfd0_0, 0, 1;
    %pushi/vec4 1, 0, 1;
    %store/vec4 v000001d3ecdad5d0_0, 0, 1;
    %pushi/vec4 0, 0, 1;
    %store/vec4 v000001d3ecdad8f0_0, 0, 1;
    %delay 10000, 0;
    %load/vec4 v000001d3ecdae070_0;
    %cmpi/e 13, 0, 5;
    %jmp/0xz  T_2.8, 4;
    %vpi_call 2 155 "$display", "case 5 : pass" {0 0 0};
    %jmp T_2.9;
T_2.8 ;
    %vpi_call 2 157 "$display", "case 5 : failed" {0 0 0};
T_2.9 ;
    %pushi/vec4 17, 0, 5;
    %store/vec4 v000001d3ecdad080_0, 0, 5;
    %pushi/vec4 1, 0, 1;
    %store/vec4 v000001d3ecdaddf0_0, 0, 1;
    %pushi/vec4 0, 0, 1;
    %store/vec4 v000001d3ecdad120_0, 0, 1;
    %pushi/vec4 0, 0, 1;
    %store/vec4 v000001d3ecdad1c0_0, 0, 1;
    %pushi/vec4 0, 0, 1;
    %store/vec4 v000001d3ecdad260_0, 0, 1;
    %pushi/vec4 0, 0, 1;
    %store/vec4 v000001d3ecdad300_0, 0, 1;
    %pushi/vec4 1, 0, 1;
    %store/vec4 v000001d3ecdae2f0_0, 0, 1;
    %pushi/vec4 0, 0, 1;
    %store/vec4 v000001d3ecdadfd0_0, 0, 1;
    %pushi/vec4 1, 0, 1;
    %store/vec4 v000001d3ecdad5d0_0, 0, 1;
    %pushi/vec4 1, 0, 1;
    %store/vec4 v000001d3ecdad8f0_0, 0, 1;
    %delay 10000, 0;
    %load/vec4 v000001d3ecdae070_0;
    %cmpi/e 18, 0, 5;
    %jmp/0xz  T_2.10, 4;
    %vpi_call 2 174 "$display", "case 6 : pass" {0 0 0};
    %jmp T_2.11;
T_2.10 ;
    %vpi_call 2 176 "$display", "case 6 : failed" {0 0 0};
T_2.11 ;
    %pushi/vec4 18, 0, 5;
    %store/vec4 v000001d3ecdad080_0, 0, 5;
    %pushi/vec4 1, 0, 1;
    %store/vec4 v000001d3ecdaddf0_0, 0, 1;
    %pushi/vec4 0, 0, 1;
    %store/vec4 v000001d3ecdad120_0, 0, 1;
    %pushi/vec4 0, 0, 1;
    %store/vec4 v000001d3ecdad1c0_0, 0, 1;
    %pushi/vec4 0, 0, 1;
    %store/vec4 v000001d3ecdad260_0, 0, 1;
    %pushi/vec4 0, 0, 1;
    %store/vec4 v000001d3ecdad300_0, 0, 1;
    %pushi/vec4 0, 0, 1;
    %store/vec4 v000001d3ecdae2f0_0, 0, 1;
    %pushi/vec4 0, 0, 1;
    %store/vec4 v000001d3ecdadfd0_0, 0, 1;
    %pushi/vec4 0, 0, 1;
    %store/vec4 v000001d3ecdad5d0_0, 0, 1;
    %pushi/vec4 0, 0, 1;
    %store/vec4 v000001d3ecdad8f0_0, 0, 1;
    %delay 10000, 0;
    %load/vec4 v000001d3ecdae070_0;
    %cmpi/e 0, 0, 5;
    %jmp/0xz  T_2.12, 4;
    %vpi_call 2 193 "$display", "case 7 : pass" {0 0 0};
    %jmp T_2.13;
T_2.12 ;
    %vpi_call 2 195 "$display", "case 7 : failed" {0 0 0};
T_2.13 ;
    %pushi/vec4 8, 0, 5;
    %store/vec4 v000001d3ecdad080_0, 0, 5;
    %pushi/vec4 1, 0, 1;
    %store/vec4 v000001d3ecdaddf0_0, 0, 1;
    %pushi/vec4 0, 0, 1;
    %store/vec4 v000001d3ecdad120_0, 0, 1;
    %pushi/vec4 0, 0, 1;
    %store/vec4 v000001d3ecdad1c0_0, 0, 1;
    %pushi/vec4 0, 0, 1;
    %store/vec4 v000001d3ecdad260_0, 0, 1;
    %pushi/vec4 0, 0, 1;
    %store/vec4 v000001d3ecdad300_0, 0, 1;
    %pushi/vec4 0, 0, 1;
    %store/vec4 v000001d3ecdae2f0_0, 0, 1;
    %pushi/vec4 0, 0, 1;
    %store/vec4 v000001d3ecdadfd0_0, 0, 1;
    %pushi/vec4 0, 0, 1;
    %store/vec4 v000001d3ecdad5d0_0, 0, 1;
    %pushi/vec4 0, 0, 1;
    %store/vec4 v000001d3ecdad8f0_0, 0, 1;
    %delay 10000, 0;
    %load/vec4 v000001d3ecdae070_0;
    %cmpi/e 10, 0, 5;
    %jmp/0xz  T_2.14, 4;
    %vpi_call 2 212 "$display", "case 8 : pass" {0 0 0};
    %jmp T_2.15;
T_2.14 ;
    %vpi_call 2 214 "$display", "case 8 : failed" {0 0 0};
T_2.15 ;
    %pushi/vec4 9, 0, 5;
    %store/vec4 v000001d3ecdad080_0, 0, 5;
    %pushi/vec4 1, 0, 1;
    %store/vec4 v000001d3ecdaddf0_0, 0, 1;
    %pushi/vec4 0, 0, 1;
    %store/vec4 v000001d3ecdad120_0, 0, 1;
    %pushi/vec4 0, 0, 1;
    %store/vec4 v000001d3ecdad1c0_0, 0, 1;
    %pushi/vec4 0, 0, 1;
    %store/vec4 v000001d3ecdad260_0, 0, 1;
    %pushi/vec4 0, 0, 1;
    %store/vec4 v000001d3ecdad300_0, 0, 1;
    %pushi/vec4 0, 0, 1;
    %store/vec4 v000001d3ecdae2f0_0, 0, 1;
    %pushi/vec4 0, 0, 1;
    %store/vec4 v000001d3ecdadfd0_0, 0, 1;
    %pushi/vec4 0, 0, 1;
    %store/vec4 v000001d3ecdad5d0_0, 0, 1;
    %pushi/vec4 0, 0, 1;
    %store/vec4 v000001d3ecdad8f0_0, 0, 1;
    %delay 10000, 0;
    %load/vec4 v000001d3ecdae070_0;
    %cmpi/e 0, 0, 5;
    %jmp/0xz  T_2.16, 4;
    %vpi_call 2 230 "$display", "case 9 : pass" {0 0 0};
    %jmp T_2.17;
T_2.16 ;
    %vpi_call 2 232 "$display", "case 9 : failed" {0 0 0};
T_2.17 ;
    %pushi/vec4 19, 0, 5;
    %store/vec4 v000001d3ecdad080_0, 0, 5;
    %pushi/vec4 1, 0, 1;
    %store/vec4 v000001d3ecdaddf0_0, 0, 1;
    %pushi/vec4 0, 0, 1;
    %store/vec4 v000001d3ecdad120_0, 0, 1;
    %pushi/vec4 0, 0, 1;
    %store/vec4 v000001d3ecdad1c0_0, 0, 1;
    %pushi/vec4 0, 0, 1;
    %store/vec4 v000001d3ecdad260_0, 0, 1;
    %pushi/vec4 0, 0, 1;
    %store/vec4 v000001d3ecdad300_0, 0, 1;
    %pushi/vec4 0, 0, 1;
    %store/vec4 v000001d3ecdae2f0_0, 0, 1;
    %pushi/vec4 0, 0, 1;
    %store/vec4 v000001d3ecdadfd0_0, 0, 1;
    %pushi/vec4 0, 0, 1;
    %store/vec4 v000001d3ecdad5d0_0, 0, 1;
    %pushi/vec4 0, 0, 1;
    %store/vec4 v000001d3ecdad8f0_0, 0, 1;
    %delay 10000, 0;
    %load/vec4 v000001d3ecdae070_0;
    %cmpi/e 0, 0, 5;
    %jmp/0xz  T_2.18, 4;
    %vpi_call 2 248 "$display", "case 10 : pass" {0 0 0};
    %jmp T_2.19;
T_2.18 ;
    %vpi_call 2 250 "$display", "case 10 : failed" {0 0 0};
T_2.19 ;
    %pushi/vec4 6, 0, 5;
    %store/vec4 v000001d3ecdad080_0, 0, 5;
    %pushi/vec4 0, 0, 1;
    %store/vec4 v000001d3ecdaddf0_0, 0, 1;
    %pushi/vec4 0, 0, 1;
    %store/vec4 v000001d3ecdad120_0, 0, 1;
    %pushi/vec4 0, 0, 1;
    %store/vec4 v000001d3ecdad1c0_0, 0, 1;
    %pushi/vec4 0, 0, 1;
    %store/vec4 v000001d3ecdad260_0, 0, 1;
    %pushi/vec4 0, 0, 1;
    %store/vec4 v000001d3ecdad300_0, 0, 1;
    %pushi/vec4 0, 0, 1;
    %store/vec4 v000001d3ecdae2f0_0, 0, 1;
    %pushi/vec4 0, 0, 1;
    %store/vec4 v000001d3ecdadfd0_0, 0, 1;
    %pushi/vec4 0, 0, 1;
    %store/vec4 v000001d3ecdad5d0_0, 0, 1;
    %pushi/vec4 0, 0, 1;
    %store/vec4 v000001d3ecdad8f0_0, 0, 1;
    %delay 10000, 0;
    %load/vec4 v000001d3ecdae070_0;
    %cmpi/e 6, 0, 5;
    %jmp/0xz  T_2.20, 4;
    %vpi_call 2 268 "$display", "case 11 : pass" {0 0 0};
    %jmp T_2.21;
T_2.20 ;
    %vpi_call 2 270 "$display", "case 11 : failed" {0 0 0};
T_2.21 ;
    %pushi/vec4 4, 0, 5;
    %store/vec4 v000001d3ecdad080_0, 0, 5;
    %pushi/vec4 0, 0, 1;
    %store/vec4 v000001d3ecdaddf0_0, 0, 1;
    %pushi/vec4 0, 0, 1;
    %store/vec4 v000001d3ecdad120_0, 0, 1;
    %pushi/vec4 0, 0, 1;
    %store/vec4 v000001d3ecdad1c0_0, 0, 1;
    %pushi/vec4 0, 0, 1;
    %store/vec4 v000001d3ecdad260_0, 0, 1;
    %pushi/vec4 0, 0, 1;
    %store/vec4 v000001d3ecdad300_0, 0, 1;
    %pushi/vec4 0, 0, 1;
    %store/vec4 v000001d3ecdae2f0_0, 0, 1;
    %pushi/vec4 0, 0, 1;
    %store/vec4 v000001d3ecdadfd0_0, 0, 1;
    %pushi/vec4 0, 0, 1;
    %store/vec4 v000001d3ecdad5d0_0, 0, 1;
    %pushi/vec4 0, 0, 1;
    %store/vec4 v000001d3ecdad8f0_0, 0, 1;
    %delay 10000, 0;
    %load/vec4 v000001d3ecdae070_0;
    %cmpi/e 4, 0, 5;
    %jmp/0xz  T_2.22, 4;
    %vpi_call 2 286 "$display", "case 11 : pass" {0 0 0};
    %jmp T_2.23;
T_2.22 ;
    %vpi_call 2 288 "$display", "case 11 : failed" {0 0 0};
T_2.23 ;
    %vpi_call 2 290 "$finish" {0 0 0};
    %end;
    .thread T_2;
# The file index is used to find the file name in the following table.
:file_names 4;
    "N/A";
    "<interactive>";
    "phase_2/tb/next_state_logic_TB.v";
    "phase_2/rtl/next_state_logic.v";
