#! /c/Source/iverilog-install/bin/vvp
:ivl_version "12.0 (devel)" "(s20150603-1539-g2693dd32b)";
:ivl_delay_selection "TYPICAL";
:vpi_time_precision - 12;
:vpi_module "C:\iverilog\lib\ivl\system.vpi";
:vpi_module "C:\iverilog\lib\ivl\vhdl_sys.vpi";
:vpi_module "C:\iverilog\lib\ivl\vhdl_textio.vpi";
:vpi_module "C:\iverilog\lib\ivl\v2005_math.vpi";
:vpi_module "C:\iverilog\lib\ivl\va_math.vpi";
S_000001eec7a5ac30 .scope module, "state_register_tb" "state_register_tb" 2 3;
 .timescale -9 -12;
P_000001eec7b7d550 .param/l "S0" 1 2 10, C4<00000>;
P_000001eec7b7d588 .param/l "S1" 1 2 11, C4<00001>;
P_000001eec7b7d5c0 .param/l "S10" 1 2 20, C4<01010>;
P_000001eec7b7d5f8 .param/l "S11" 1 2 21, C4<01011>;
P_000001eec7b7d630 .param/l "S12" 1 2 22, C4<01100>;
P_000001eec7b7d668 .param/l "S13" 1 2 23, C4<01101>;
P_000001eec7b7d6a0 .param/l "S14" 1 2 24, C4<01110>;
P_000001eec7b7d6d8 .param/l "S15" 1 2 25, C4<01111>;
P_000001eec7b7d710 .param/l "S16" 1 2 26, C4<10000>;
P_000001eec7b7d748 .param/l "S17" 1 2 27, C4<10001>;
P_000001eec7b7d780 .param/l "S18" 1 2 28, C4<10010>;
P_000001eec7b7d7b8 .param/l "S19" 1 2 29, C4<10011>;
P_000001eec7b7d7f0 .param/l "S2" 1 2 12, C4<00010>;
P_000001eec7b7d828 .param/l "S3" 1 2 13, C4<00011>;
P_000001eec7b7d860 .param/l "S4" 1 2 14, C4<00100>;
P_000001eec7b7d898 .param/l "S5" 1 2 15, C4<00101>;
P_000001eec7b7d8d0 .param/l "S6" 1 2 16, C4<00110>;
P_000001eec7b7d908 .param/l "S7" 1 2 17, C4<00111>;
P_000001eec7b7d940 .param/l "S8" 1 2 18, C4<01000>;
P_000001eec7b7d978 .param/l "S9" 1 2 19, C4<01001>;
v000001eec7a574d0_0 .var "clk", 0 0;
v000001eec7a57570_0 .net "current_state", 4 0, v000001eec7a33090_0;  1 drivers
v000001eec7a5a950_0 .var "next_state", 4 0;
v000001eec7a5a9f0_0 .var "reset", 0 0;
E_000001eec7a55ec0 .event negedge, v000001eec7a32e70_0;
S_000001eec7a576b0 .scope module, "dut" "state_register" 2 31, 3 3 0, S_000001eec7a5ac30;
 .timescale -9 -12;
    .port_info 0 /INPUT 1 "clk";
    .port_info 1 /INPUT 1 "reset";
    .port_info 2 /INPUT 5 "next_state";
    .port_info 3 /OUTPUT 5 "current_state";
P_000001eec7a5bfa0 .param/l "S0" 1 3 12, C4<00000>;
P_000001eec7a5bfd8 .param/l "S1" 1 3 13, C4<00001>;
P_000001eec7a5c010 .param/l "S10" 1 3 22, C4<01010>;
P_000001eec7a5c048 .param/l "S11" 1 3 23, C4<01011>;
P_000001eec7a5c080 .param/l "S12" 1 3 24, C4<01100>;
P_000001eec7a5c0b8 .param/l "S13" 1 3 25, C4<01101>;
P_000001eec7a5c0f0 .param/l "S14" 1 3 26, C4<01110>;
P_000001eec7a5c128 .param/l "S15" 1 3 27, C4<01111>;
P_000001eec7a5c160 .param/l "S16" 1 3 28, C4<10000>;
P_000001eec7a5c198 .param/l "S17" 1 3 29, C4<10001>;
P_000001eec7a5c1d0 .param/l "S18" 1 3 30, C4<10010>;
P_000001eec7a5c208 .param/l "S19" 1 3 31, C4<10011>;
P_000001eec7a5c240 .param/l "S2" 1 3 14, C4<00010>;
P_000001eec7a5c278 .param/l "S3" 1 3 15, C4<00011>;
P_000001eec7a5c2b0 .param/l "S4" 1 3 16, C4<00100>;
P_000001eec7a5c2e8 .param/l "S5" 1 3 17, C4<00101>;
P_000001eec7a5c320 .param/l "S6" 1 3 18, C4<00110>;
P_000001eec7a5c358 .param/l "S7" 1 3 19, C4<00111>;
P_000001eec7a5c390 .param/l "S8" 1 3 20, C4<01000>;
P_000001eec7a5c3c8 .param/l "S9" 1 3 21, C4<01001>;
v000001eec7a32e70_0 .net "clk", 0 0, v000001eec7a574d0_0;  1 drivers
v000001eec7a33090_0 .var "current_state", 4 0;
v000001eec7a32c00_0 .net "next_state", 4 0, v000001eec7a5a950_0;  1 drivers
v000001eec7a59720_0 .net "reset", 0 0, v000001eec7a5a9f0_0;  1 drivers
E_000001eec7a565c0 .event posedge, v000001eec7a32e70_0;
    .scope S_000001eec7a576b0;
T_0 ;
    %wait E_000001eec7a565c0;
    %load/vec4 v000001eec7a59720_0;
    %flag_set/vec4 8;
    %jmp/0xz  T_0.0, 8;
    %pushi/vec4 0, 0, 5;
    %assign/vec4 v000001eec7a33090_0, 0;
    %jmp T_0.1;
T_0.0 ;
    %load/vec4 v000001eec7a32c00_0;
    %assign/vec4 v000001eec7a33090_0, 0;
T_0.1 ;
    %jmp T_0;
    .thread T_0;
    .scope S_000001eec7a5ac30;
T_1 ;
    %pushi/vec4 0, 0, 1;
    %store/vec4 v000001eec7a574d0_0, 0, 1;
    %end;
    .thread T_1;
    .scope S_000001eec7a5ac30;
T_2 ;
    %delay 5000, 0;
    %load/vec4 v000001eec7a574d0_0;
    %inv;
    %store/vec4 v000001eec7a574d0_0, 0, 1;
    %jmp T_2;
    .thread T_2;
    .scope S_000001eec7a5ac30;
T_3 ;
    %vpi_call 2 43 "$dumpfile", "phase_2/wave/state_register.vcd" {0 0 0};
    %vpi_call 2 44 "$dumpvars", 32'sb00000000000000000000000000000000, S_000001eec7a5ac30 {0 0 0};
    %end;
    .thread T_3;
    .scope S_000001eec7a5ac30;
T_4 ;
    %wait E_000001eec7a565c0;
    %pushi/vec4 1, 0, 1;
    %store/vec4 v000001eec7a5a9f0_0, 0, 1;
    %pushi/vec4 10, 0, 5;
    %store/vec4 v000001eec7a5a950_0, 0, 5;
    %wait E_000001eec7a565c0;
    %load/vec4 v000001eec7a57570_0;
    %cmpi/e 0, 0, 5;
    %jmp/0xz  T_4.0, 4;
    %vpi_call 2 54 "$display", "case 1 pass " {0 0 0};
    %jmp T_4.1;
T_4.0 ;
    %vpi_call 2 56 "$display", "case 1 failed" {0 0 0};
T_4.1 ;
    %wait E_000001eec7a55ec0;
    %pushi/vec4 0, 0, 1;
    %store/vec4 v000001eec7a5a9f0_0, 0, 1;
    %delay 1000, 0;
    %wait E_000001eec7a565c0;
    %pushi/vec4 6, 0, 5;
    %store/vec4 v000001eec7a5a950_0, 0, 5;
    %delay 1000, 0;
    %load/vec4 v000001eec7a57570_0;
    %cmpi/e 6, 0, 5;
    %jmp/0xz  T_4.2, 4;
    %vpi_call 2 67 "$display", "case 2 pass" {0 0 0};
    %jmp T_4.3;
T_4.2 ;
    %vpi_call 2 69 "$display", "case 2 failed" {0 0 0};
T_4.3 ;
    %wait E_000001eec7a565c0;
    %pushi/vec4 15, 0, 5;
    %store/vec4 v000001eec7a5a950_0, 0, 5;
    %delay 3000, 0;
    %load/vec4 v000001eec7a57570_0;
    %cmpi/e 15, 0, 5;
    %jmp/0xz  T_4.4, 4;
    %vpi_call 2 76 "$display", "3A pass" {0 0 0};
    %jmp T_4.5;
T_4.4 ;
    %vpi_call 2 78 "$display", "3A failed" {0 0 0};
T_4.5 ;
    %pushi/vec4 5, 0, 5;
    %store/vec4 v000001eec7a5a950_0, 0, 5;
    %wait E_000001eec7a565c0;
    %delay 1000, 0;
    %load/vec4 v000001eec7a57570_0;
    %cmpi/e 5, 0, 5;
    %jmp/0xz  T_4.6, 4;
    %vpi_call 2 84 "$display", "3 pass" {0 0 0};
    %jmp T_4.7;
T_4.6 ;
    %vpi_call 2 86 "$display", "3 failed" {0 0 0};
T_4.7 ;
    %wait E_000001eec7a565c0;
    %pushi/vec4 16, 0, 5;
    %store/vec4 v000001eec7a5a950_0, 0, 5;
    %delay 1000, 0;
    %load/vec4 v000001eec7a57570_0;
    %cmpi/e 16, 0, 5;
    %jmp/0xz  T_4.8, 4;
    %vpi_call 2 94 "$display", "case 4 pass" {0 0 0};
    %jmp T_4.9;
T_4.8 ;
    %vpi_call 2 96 "$display", "case 4 failed" {0 0 0};
T_4.9 ;
    %pushi/vec4 3, 0, 32;
T_4.10 %dup/vec4;
    %pushi/vec4 0, 0, 32;
    %cmp/s;
    %jmp/1xz T_4.11, 5;
    %jmp/1 T_4.11, 4;
    %pushi/vec4 1, 0, 32;
    %sub;
    %wait E_000001eec7a565c0;
    %jmp T_4.10;
T_4.11 ;
    %pop/vec4 1;
    %vpi_call 2 98 "$finish" {0 0 0};
    %end;
    .thread T_4;
# The file index is used to find the file name in the following table.
:file_names 4;
    "N/A";
    "<interactive>";
    "phase_2/tb/state_register_TB.v";
    "phase_2/rtl/state_register.v";
