#! /c/Source/iverilog-install/bin/vvp
:ivl_version "12.0 (devel)" "(s20150603-1539-g2693dd32b)";
:ivl_delay_selection "TYPICAL";
:vpi_time_precision - 12;
:vpi_module "C:\iverilog\lib\ivl\system.vpi";
:vpi_module "C:\iverilog\lib\ivl\vhdl_sys.vpi";
:vpi_module "C:\iverilog\lib\ivl\vhdl_textio.vpi";
:vpi_module "C:\iverilog\lib\ivl\v2005_math.vpi";
:vpi_module "C:\iverilog\lib\ivl\va_math.vpi";
S_000002a0d5837040 .scope module, "timer_TB" "timer_TB" 2 2;
 .timescale -9 -12;
v000002a0d590b2e0_0 .var "clk", 0 0;
v000002a0d590b380_0 .var "reset", 0 0;
v000002a0d590b420_0 .var "target_count", 4 0;
v000002a0d590b4c0_0 .var "timer_clear", 0 0;
v000002a0d5812830_0 .net "timer_done", 0 0, L_000002a0d58128d0;  1 drivers
S_000002a0d5838ae0 .scope module, "dut" "timer" 2 10, 3 3 0, S_000002a0d5837040;
 .timescale -9 -12;
    .port_info 0 /INPUT 1 "clk";
    .port_info 1 /INPUT 1 "reset";
    .port_info 2 /INPUT 1 "timer_clear";
    .port_info 3 /INPUT 5 "target_count";
    .port_info 4 /OUTPUT 1 "timer_done";
v000002a0d5837a30_0 .net "clk", 0 0, v000002a0d590b2e0_0;  1 drivers
v000002a0d5812e90_0 .var "count", 4 0;
v000002a0d590be70_0 .net "reset", 0 0, v000002a0d590b380_0;  1 drivers
v000002a0d590b920_0 .net "target_count", 4 0, v000002a0d590b420_0;  1 drivers
v000002a0d590b9c0_0 .net "timer_clear", 0 0, v000002a0d590b4c0_0;  1 drivers
v000002a0d590b240_0 .net "timer_done", 0 0, L_000002a0d58128d0;  alias, 1 drivers
E_000002a0d590a8f0 .event posedge, v000002a0d5837a30_0;
L_000002a0d58128d0 .cmp/ge 5, v000002a0d5812e90_0, v000002a0d590b420_0;
    .scope S_000002a0d5838ae0;
T_0 ;
    %wait E_000002a0d590a8f0;
    %load/vec4 v000002a0d590be70_0;
    %flag_set/vec4 8;
    %jmp/0xz  T_0.0, 8;
    %pushi/vec4 0, 0, 5;
    %assign/vec4 v000002a0d5812e90_0, 0;
    %jmp T_0.1;
T_0.0 ;
    %load/vec4 v000002a0d590b9c0_0;
    %flag_set/vec4 8;
    %jmp/0xz  T_0.2, 8;
    %pushi/vec4 0, 0, 5;
    %assign/vec4 v000002a0d5812e90_0, 0;
    %jmp T_0.3;
T_0.2 ;
    %load/vec4 v000002a0d5812e90_0;
    %load/vec4 v000002a0d590b920_0;
    %cmp/u;
    %jmp/0xz  T_0.4, 5;
    %load/vec4 v000002a0d5812e90_0;
    %addi 1, 0, 5;
    %assign/vec4 v000002a0d5812e90_0, 0;
T_0.4 ;
T_0.3 ;
T_0.1 ;
    %jmp T_0;
    .thread T_0;
    .scope S_000002a0d5837040;
T_1 ;
    %pushi/vec4 0, 0, 1;
    %store/vec4 v000002a0d590b2e0_0, 0, 1;
    %end;
    .thread T_1;
    .scope S_000002a0d5837040;
T_2 ;
    %delay 5000, 0;
    %load/vec4 v000002a0d590b2e0_0;
    %inv;
    %store/vec4 v000002a0d590b2e0_0, 0, 1;
    %jmp T_2;
    .thread T_2;
    .scope S_000002a0d5837040;
T_3 ;
    %vpi_call 2 27 "$dumpfile", "phase_2/wave/timer_wave.vcd" {0 0 0};
    %vpi_call 2 28 "$dumpvars", 32'sb00000000000000000000000000000000, S_000002a0d5837040 {0 0 0};
    %end;
    .thread T_3;
    .scope S_000002a0d5837040;
T_4 ;
    %wait E_000002a0d590a8f0;
    %pushi/vec4 1, 0, 1;
    %store/vec4 v000002a0d590b380_0, 0, 1;
    %pushi/vec4 0, 0, 1;
    %store/vec4 v000002a0d590b4c0_0, 0, 1;
    %pushi/vec4 30, 0, 5;
    %store/vec4 v000002a0d590b420_0, 0, 5;
    %wait E_000002a0d590a8f0;
    %pushi/vec4 0, 0, 1;
    %store/vec4 v000002a0d590b380_0, 0, 1;
    %wait E_000002a0d590a8f0;
    %pushi/vec4 0, 0, 1;
    %store/vec4 v000002a0d590b380_0, 0, 1;
    %pushi/vec4 1, 0, 1;
    %store/vec4 v000002a0d590b4c0_0, 0, 1;
    %pushi/vec4 30, 0, 5;
    %store/vec4 v000002a0d590b420_0, 0, 5;
    %wait E_000002a0d590a8f0;
    %pushi/vec4 0, 0, 1;
    %store/vec4 v000002a0d590b4c0_0, 0, 1;
    %wait E_000002a0d590a8f0;
    %pushi/vec4 0, 0, 1;
    %store/vec4 v000002a0d590b380_0, 0, 1;
    %pushi/vec4 0, 0, 1;
    %store/vec4 v000002a0d590b4c0_0, 0, 1;
    %pushi/vec4 30, 0, 5;
    %store/vec4 v000002a0d590b420_0, 0, 5;
    %pushi/vec4 30, 0, 32;
T_4.0 %dup/vec4;
    %pushi/vec4 0, 0, 32;
    %cmp/s;
    %jmp/1xz T_4.1, 5;
    %jmp/1 T_4.1, 4;
    %pushi/vec4 1, 0, 32;
    %sub;
    %wait E_000002a0d590a8f0;
    %jmp T_4.0;
T_4.1 ;
    %pop/vec4 1;
    %pushi/vec4 1, 0, 1;
    %store/vec4 v000002a0d590b4c0_0, 0, 1;
    %wait E_000002a0d590a8f0;
    %pushi/vec4 0, 0, 1;
    %store/vec4 v000002a0d590b4c0_0, 0, 1;
    %wait E_000002a0d590a8f0;
    %pushi/vec4 0, 0, 1;
    %store/vec4 v000002a0d590b380_0, 0, 1;
    %pushi/vec4 0, 0, 1;
    %store/vec4 v000002a0d590b4c0_0, 0, 1;
    %pushi/vec4 10, 0, 5;
    %store/vec4 v000002a0d590b420_0, 0, 5;
    %pushi/vec4 10, 0, 32;
T_4.2 %dup/vec4;
    %pushi/vec4 0, 0, 32;
    %cmp/s;
    %jmp/1xz T_4.3, 5;
    %jmp/1 T_4.3, 4;
    %pushi/vec4 1, 0, 32;
    %sub;
    %wait E_000002a0d590a8f0;
    %jmp T_4.2;
T_4.3 ;
    %pop/vec4 1;
    %pushi/vec4 1, 0, 1;
    %store/vec4 v000002a0d590b4c0_0, 0, 1;
    %wait E_000002a0d590a8f0;
    %pushi/vec4 0, 0, 1;
    %store/vec4 v000002a0d590b4c0_0, 0, 1;
    %wait E_000002a0d590a8f0;
    %pushi/vec4 0, 0, 1;
    %store/vec4 v000002a0d590b380_0, 0, 1;
    %pushi/vec4 0, 0, 1;
    %store/vec4 v000002a0d590b4c0_0, 0, 1;
    %pushi/vec4 5, 0, 5;
    %store/vec4 v000002a0d590b420_0, 0, 5;
    %pushi/vec4 10, 0, 32;
T_4.4 %dup/vec4;
    %pushi/vec4 0, 0, 32;
    %cmp/s;
    %jmp/1xz T_4.5, 5;
    %jmp/1 T_4.5, 4;
    %pushi/vec4 1, 0, 32;
    %sub;
    %wait E_000002a0d590a8f0;
    %jmp T_4.4;
T_4.5 ;
    %pop/vec4 1;
    %pushi/vec4 1, 0, 1;
    %store/vec4 v000002a0d590b4c0_0, 0, 1;
    %wait E_000002a0d590a8f0;
    %pushi/vec4 0, 0, 1;
    %store/vec4 v000002a0d590b4c0_0, 0, 1;
    %wait E_000002a0d590a8f0;
    %vpi_call 2 69 "$finish" {0 0 0};
    %end;
    .thread T_4;
# The file index is used to find the file name in the following table.
:file_names 4;
    "N/A";
    "<interactive>";
    "phase_2/tb/timer_TB.v";
    "phase_2/rtl/timer.v";
